06-20 10:38:07.229 13717 13717 W libbinder.BackendUnifiedServiceManager: Thread Pool max thread count is 0. Cannot cache binder as linkToDeath cannot be implemented. serviceName: SurfaceFlingerAIDL
06-20 10:38:07.230 13709 13709 W libbinder.BackendUnifiedServiceManager: Thread Pool max thread count is 0. Cannot cache binder as linkToDeath cannot be implemented. serviceName: android.hardware.neuralnetworks.IDevice/nnapi-sample_quant
06-20 10:38:07.233 13643 13670 D ShellSplitScreen: Creating main/side root task
06-20 10:38:07.236 13717 13717 W libbinder.BackendUnifiedServiceManager: Thread Pool max thread count is 0. Cannot cache binder as linkToDeath cannot be implemented. serviceName: accessibility
06-20 10:38:07.237 13688 13688 W libbinder.BackendUnifiedServiceManager: Thread Pool max thread count is 0. Cannot cache binder as linkToDeath cannot be implemented. serviceName: autofill
06-20 10:38:07.241 13709 13709 W libbinder.BackendUnifiedServiceManager: Thread Pool max thread count is 0. Cannot cache binder as linkToDeath cannot be implemented. serviceName: android.hardware.neuralnetworks.IDevice/nnapi-sample_sl_shim
06-20 10:38:07.241 13643 13670 V ShellTaskOrganizer: createRootTask() displayId=0 winMode=6 listener=StageTaskListener(mId=MAIN, mVisible=false, mActive=false, mHasRootTask=false, childSize=0)
06-20 10:38:07.241 13643 13670 V ShellTaskOrganizer: setPendingLaunchCookieListener(): cookie=android.os.Binder@cf11261 listener=StageTaskListener(mId=MAIN, mVisible=false, mActive=false, mHasRootTask=false, childSize=0)
06-20 10:38:07.251 13709 13709 W libbinder.BackendUnifiedServiceManager: Thread Pool max thread count is 0. Cannot cache binder as linkToDeath cannot be implemented. serviceName: android.hardware.power.IPower/default
06-20 10:38:07.252 13709 13709 E libbinder.IPCThreadState: Binder transaction failure. id: 2095042, cmd: BR_FAILED_REPLY (29201), error: -1 (Operation not permitted)
06-20 10:38:07.256 13709 13709 W libbinder.BackendUnifiedServiceManager: Thread Pool max thread count is 0. Cannot cache binder as linkToDeath cannot be implemented. serviceName: android.hardware.power.stats.IPowerStats/default
06-20 10:38:07.257 13709 13709 E libbinder.IPCThreadState: Binder transaction failure. id: 2095057, cmd: BR_FAILED_REPLY (29201), error: -1 (Operation not permitted)
06-20 10:38:07.262 13717 13717 W libbinder.BackendUnifiedServiceManager: Thread Pool max thread count is 0. Cannot cache binder as linkToDeath cannot be implemented. serviceName: account
06-20 10:38:07.267 13709 13709 W libbinder.BackendUnifiedServiceManager: Thread Pool max thread count is 0. Cannot cache binder as linkToDeath cannot be implemented. serviceName: android.hardware.radio.config.IRadioConfig/default
06-20 10:38:07.268 13688 13688 W libbinder.BackendUnifiedServiceManager: Thread Pool max thread count is 0. Cannot cache binder as linkToDeath cannot be implemented. serviceName: background_install_control
06-20 10:38:07.268 13709 13709 E libbinder.IPCThreadState: Binder transaction failure. id: 2095080, cmd: BR_FAILED_REPLY (29201), error: -1 (Operation not permitted)
06-20 10:38:07.272 13717 13717 W libbinder.BackendUnifiedServiceManager: Thread Pool max thread count is 0. Cannot cache binder as linkToDeath cannot be implemented. serviceName: activity
06-20 10:38:07.277 13643 13670 V ShellTaskOrganizer: createRootTask() displayId=0 winMode=6 listener=StageTaskListener(mId=MAIN, mVisible=false, mActive=false, mHasRootTask=false, childSize=0)
06-20 10:38:07.278 13643 13670 V ShellTaskOrganizer: setPendingLaunchCookieListener(): cookie=android.os.Binder@526274 listener=StageTaskListener(mId=MAIN, mVisible=false, mActive=false, mHasRootTask=false, childSize=0)
06-20 10:38:07.279 13709 13709 W libbinder.BackendUnifiedServiceManager: Thread Pool max thread count is 0. Cannot cache binder as linkToDeath cannot be implemented. serviceName: android.hardware.radio.data.IRadioData/slot1
06-20 10:38:07.280 13709 13709 E libbinder.IPCThreadState: Binder transaction failure. id: 2095098, cmd: BR_FAILED_REPLY (29201), error: -1 (Operation not permitted)
06-20 10:38:07.285 13709 13709 W libbinder.BackendUnifiedServiceManager: Thread Pool max thread count is 0. Cannot cache binder as linkToDeath cannot be implemented. serviceName: android.hardware.radio.ims.IRadioIms/slot1
06-20 10:38:07.285  1227  1227 D RecentsView: onTaskDisplayChanged: 23, new displayId = 0
06-20 10:38:07.285 13709 13709 E libbinder.IPCThreadState: Binder transaction failure. id: 2095109, cmd: BR_FAILED_REPLY (29201), error: -1 (Operation not permitted)
06-20 10:38:07.289 13709 13709 W libbinder.BackendUnifiedServiceManager: Thread Pool max thread count is 0. Cannot cache binder as linkToDeath cannot be implemented. serviceName: android.hardware.radio.ims.media.IImsMedia/default
06-20 10:38:07.290 13709 13709 E libbinder.IPCThreadState: Binder transaction failure. id: 2095118, cmd: BR_FAILED_REPLY (29201), error: -1 (Operation not permitted)
06-20 10:38:07.295 13688 13688 W libbinder.BackendUnifiedServiceManager: Thread Pool max thread count is 0. Cannot cache binder as linkToDeath cannot be implemented. serviceName: backup
06-20 10:38:07.297 13643 13711 I PluginActionManager[com.android.systemui.action.PLUGIN_SENSOR_MANAGER]: Found 0 plugins
06-20 10:38:07.327 13709 13709 W libbinder.BackendUnifiedServiceManager: Thread Pool max thread count is 0. Cannot cache binder as linkToDeath cannot be implemented. serviceName: android.hardware.radio.messaging.IRadioMessaging/slot1
06-20 10:38:07.328 13709 13709 E libbinder.IPCThreadState: Binder transaction failure. id: 2095156, cmd: BR_FAILED_REPLY (29201), error: -1 (Operation not permitted)
06-20 10:38:07.334 13643 13670 D ShellSplitScreen: onFoldedStateChanged: folded=true
06-20 10:38:07.334 13643 13670 V WindowManagerShell: addHandler: StageCoordinator
06-20 10:38:07.337 13688 13688 W libbinder.BackendUnifiedServiceManager: Thread Pool max thread count is 0. Cannot cache binder as linkToDeath cannot be implemented. serviceName: battery
06-20 10:38:07.337 13717 13717 W libbinder.BackendUnifiedServiceManager: Thread Pool max thread count is 0. Cannot cache binder as linkToDeath cannot be implemented. serviceName: activity_task
06-20 10:38:07.342 13709 13709 W libbinder.BackendUnifiedServiceManager: Thread Pool max thread count is 0. Cannot cache binder as linkToDeath cannot be implemented. serviceName: android.hardware.radio.modem.IRadioModem/slot1
06-20 10:38:07.348 13709 13709 E libbinder.IPCThreadState: Binder transaction failure. id: 2095191, cmd: BR_FAILED_REPLY (29201), error: -1 (Operation not permitted)
06-20 10:38:07.349 13643 13670 V WindowManagerShell: 	SplitScreenController init took 165ms
06-20 10:38:07.350  1227  1227 D RecentsView: onTaskDisplayChanged: 24, new displayId = 0
06-20 10:38:07.351 13688 13688 E libbinder.Parcel: Reading a NULL string not supported here.
06-20 10:38:07.353 13709 13709 W libbinder.BackendUnifiedServiceManager: Thread Pool max thread count is 0. Cannot cache binder as linkToDeath cannot be implemented. serviceName: android.hardware.radio.network.IRadioNetwork/slot1
06-20 10:38:07.355 13709 13709 E libbinder.IPCThreadState: Binder transaction failure. id: 2095207, cmd: BR_FAILED_REPLY (29201), error: -1 (Operation not permitted)
06-20 10:38:07.356 13643 13670 V ShellTaskOrganizer: addListenerForType types=[-2] listener=FullscreenTaskListener
06-20 10:38:07.356 13643 13670 V ShellTaskOrganizer: Fullscreen Task Appeared: #22
06-20 10:38:07.357 13643 13670 V ShellTaskOrganizer: Fullscreen Task Appeared: #1
06-20 10:38:07.357 13643 13670 V WindowManagerShell: 	FullscreenTaskListener init took 6ms
06-20 10:38:07.357 13643 13670 V WindowManagerShell: 	DesktopImeHandler init took 0ms
06-20 10:38:07.359 13688 13688 W libbinder.BackendUnifiedServiceManager: Thread Pool max thread count is 0. Cannot cache binder as linkToDeath cannot be implemented. serviceName: batteryproperties
06-20 10:38:07.361 13717 13717 W libbinder.BackendUnifiedServiceManager: Thread Pool max thread count is 0. Cannot cache binder as linkToDeath cannot be implemented. serviceName: adb
06-20 10:38:07.361 13709 13709 W libbinder.BackendUnifiedServiceManager: Thread Pool max thread count is 0. Cannot cache binder as linkToDeath cannot be implemented. serviceName: android.hardware.radio.sap.ISap/slot1
06-20 10:38:07.364 13709 13709 E libbinder.IPCThreadState: Binder transaction failure. id: 2095224, cmd: BR_FAILED_REPLY (29201), error: -1 (Operation not permitted)
06-20 10:38:07.361 13643 13670 V WindowManagerShell: Adding external interface from BackAnimationController with key com.android.wm.shell.back.IBackAnimation
06-20 10:38:07.365 13643 13670 V WindowManagerShell: Adding dump callback for BackAnimationController
06-20 10:38:07.369 13709 13709 W libbinder.BackendUnifiedServiceManager: Thread Pool max thread count is 0. Cannot cache binder as linkToDeath cannot be implemented. serviceName: android.hardware.radio.sim.IRadioSim/slot1
06-20 10:38:07.369 13709 13709 E libbinder.IPCThreadState: Binder transaction failure. id: 2095242, cmd: BR_FAILED_REPLY (29201), error: -1 (Operation not permitted)
06-20 10:38:07.370 13688 13688 W libbinder.BackendUnifiedServiceManager: Thread Pool max thread count is 0. Cannot cache binder as linkToDeath cannot be implemented. serviceName: batterystats
06-20 10:38:07.377 13717 13717 W libbinder.BackendUnifiedServiceManager: Thread Pool max thread count is 0. Cannot cache binder as linkToDeath cannot be implemented. serviceName: adservices_manager
06-20 10:38:07.378 13709 13709 W libbinder.BackendUnifiedServiceManager: Thread Pool max thread count is 0. Cannot cache binder as linkToDeath cannot be implemented. serviceName: android.hardware.radio.voice.IRadioVoice/slot1
06-20 10:38:07.381 13688 13688 W libbinder.BackendUnifiedServiceManager: Thread Pool max thread count is 0. Cannot cache binder as linkToDeath cannot be implemented. serviceName: binder_calls_stats
06-20 10:38:07.383  1227  1227 D RecentsView: onTaskDisplayChanged: 25, new displayId = 0
06-20 10:38:07.384 13709 13709 E libbinder.IPCThreadState: Binder transaction failure. id: 2095266, cmd: BR_FAILED_REPLY (29201), error: -1 (Operation not permitted)
06-20 10:38:07.386 13709 13709 W libbinder.BackendUnifiedServiceManager: Thread Pool max thread count is 0. Cannot cache binder as linkToDeath cannot be implemented. serviceName: android.hardware.rebootescrow.IRebootEscrow/default
06-20 10:38:07.386 13688 13688 E libbinder.Parcel: Reading a NULL string not supported here.
06-20 10:38:07.387 13643 13670 V WindowManagerShell: 	BackAnimationController init took 20ms
06-20 10:38:07.387 13717 13717 W libbinder.BackendUnifiedServiceManager: Thread Pool max thread count is 0. Cannot cache binder as linkToDeath cannot be implemented. serviceName: advanced_protection
06-20 10:38:07.387 13643 13670 D ShellDesktopMode: DesktopBackNavTransitionObserver: onInit
06-20 10:38:07.388 13709 13709 E libbinder.IPCThreadState: Binder transaction failure. id: 2095279, cmd: BR_FAILED_REPLY (29201), error: -1 (Operation not permitted)
06-20 10:38:07.389 13688 13688 W libbinder.BackendUnifiedServiceManager: Thread Pool max thread count is 0. Cannot cache binder as linkToDeath cannot be implemented. serviceName: biometric
06-20 10:38:07.422 13643 13670 V WindowManagerShell: 	DesktopBackNavTransitionObserver init took 34ms
06-20 10:38:07.424 13643 13670 V WindowManagerShell: 	FreeformTaskTransitionStarterInitializer init took 1ms
06-20 10:38:07.428 13643 13643 D ShadeModeInteractorImpl: Shade mode is Single because the setting is 'combined', and the device is a phone (in any orientation) or large screen in portrait
06-20 10:38:07.429 13643 13643 D ShadeModeInteractorImpl: Shade mode is Single because the setting is 'combined', and the device is a phone (in any orientation) or large screen in portrait
06-20 10:38:07.429 13643 13643 I SceneFramework: Scene transition idle on: SceneKey(debugName=lockscreen), overlays: 
06-20 10:38:07.430 13688 13688 W libbinder.BackendUnifiedServiceManager: Thread Pool max thread count is 0. Cannot cache binder as linkToDeath cannot be implemented. serviceName: blob_store
06-20 10:38:07.432 13709 13709 W libbinder.BackendUnifiedServiceManager: Thread Pool max thread count is 0. Cannot cache binder as linkToDeath cannot be implemented. serviceName: android.hardware.security.keymint.IRemotelyProvisionedComponent/default
06-20 10:38:07.436 13643 13643 V ShellDesktopMode: DesktopTasksController: registerDesktopFirstListener
06-20 10:38:07.437 13688 13688 W libbinder.BackendUnifiedServiceManager: Thread Pool max thread count is 0. Cannot cache binder as linkToDeath cannot be implemented. serviceName: bluetooth_manager
06-20 10:38:07.444 13643 13702 D ShadeModeInteractorImpl: Shade layout is derived from the legacy config
06-20 10:38:07.450 13643 13702 D ShadeModeInteractorImpl: Shade mode is Single because the setting is 'combined', and the device is a phone (in any orientation) or large screen in portrait
06-20 10:38:07.450 13717 13717 W libbinder.BackendUnifiedServiceManager: Thread Pool max thread count is 0. Cannot cache binder as linkToDeath cannot be implemented. serviceName: alarm
06-20 10:38:07.472 13643 13670 V WindowManagerShell: 	AppZoomOutController init took 44ms
06-20 10:38:07.472 13643 13670 V WindowManagerShell: addHandler: ActivityEmbeddingController
06-20 10:38:07.473 13643 13670 V WindowManagerShell: 	ActivityEmbeddingController init took 0ms
06-20 10:38:07.473 13643 13670 V WindowManagerShell: 	PipDisplayLayoutState init took 0ms
06-20 10:38:07.475 13643 13670 V WindowManagerShell: 	PipTransition init took 1ms
06-20 10:38:07.476 13643 13670 V WindowManagerShell: 	PipSurfaceTransactionHelper init took 0ms
06-20 10:38:07.476 13643 13670 V WindowManagerShell: addHandler: PipTransition
06-20 10:38:07.476 13643 13670 V WindowManagerShell: 	PipTransition init took 1ms
06-20 10:38:07.476 13643 13670 V WindowManagerShell: addHandler: KeyguardTransitionHandler
06-20 10:38:07.476 13643 13670 V WindowManagerShell: 	KeyguardTransitionHandler init took 0ms
06-20 10:38:07.477 13643 13670 V WindowManagerShell: addHandler: DefaultMixedHandler
06-20 10:38:07.477 13643 13670 V WindowManagerShell: 	DefaultMixedHandler init took 0ms
06-20 10:38:07.477 13643 13670 V WindowManagerShell: Adding external interface from StartingWindowController with key com.android.wm.shell.startingsurface.IStartingWindow
06-20 10:38:07.477 13643 13670 V WindowManagerShell: 	StartingWindowController init took 0ms
06-20 10:38:07.477 13643 13670 V WindowManagerShell: Adding command class protolog for ProtoLogController
06-20 10:38:07.478 13643 13670 V WindowManagerShell: 	ProtoLogController init took 0ms
06-20 10:38:07.478 13643 13670 V WindowManagerShell: addHandler: LetterboxAnimationHandler
06-20 10:38:07.478 13643 13670 V WindowManagerShell: 	LetterboxAnimationHandler init took 0ms
06-20 10:38:07.479 13643 13670 V WindowManagerShell: 	DelegateLetterboxTransitionObserver init took 0ms
06-20 10:38:07.479 13643 13670 V WindowManagerShell: Adding command class letterbox for LetterboxCommandHandler
06-20 10:38:07.479 13643 13670 V WindowManagerShell: 	LetterboxCommandHandler init took 0ms
06-20 10:38:07.482 13643 13670 V WindowManagerShell: 	LetterboxTaskListenerAdapter init took 0ms
06-20 10:38:07.482 13688 13688 W libbinder.BackendUnifiedServiceManager: Thread Pool max thread count is 0. Cannot cache binder as linkToDeath cannot be implemented. serviceName: bugreport
06-20 10:38:07.485 13717 13717 W libbinder.BackendUnifiedServiceManager: Thread Pool max thread count is 0. Cannot cache binder as linkToDeath cannot be implemented. serviceName: ambient_context
06-20 10:38:07.485 13643 13670 V WindowManagerShell: 	LetterboxCleanupAdapter init took 1ms
06-20 10:38:07.492 13643 13670 D ShellDesktopMode: DesktopTasksTransitionObserver: onInit
06-20 10:38:07.492 13643 13643 D NavigationModeController: getCurrentUserContext: contextUser=0 currentUser=0
06-20 10:38:07.492 13643 13643 D NavigationModeController: getCurrentInteractionMode: mode=2 contextUser=0
06-20 10:38:07.497 13643 13643 D NavigationModeController: updateCurrentInteractionMode: mode=2
06-20 10:38:07.497 13643 13643 D NavigationModeController:   contextUser=0
06-20 10:38:07.497 13643 13643 D NavigationModeController:   assetPaths=
06-20 10:38:07.498 13643 13643 D NavigationModeController:     /system/framework/framework-res.apk
06-20 10:38:07.499 13643 13643 D NavigationModeController:     /vendor/overlay/framework-res__sdk_gphone64_x86_64__auto_generated_rro_vendor.apk
06-20 10:38:07.499 13643 13643 D NavigationModeController:     /product/overlay/GoogleConfigOverlay.apk
06-20 10:38:07.499 13643 13643 D NavigationModeController:     /product/overlay/GoogleWebViewOverlay.apk
06-20 10:38:07.499 13643 13643 D NavigationModeController:     /product/overlay/LargeScreenConfigOverlay.apk
06-20 10:38:07.500 13643 13643 D NavigationModeController:     /product/overlay/PixelConfigOverlayCommon.apk
06-20 10:38:07.501 13643 13643 D NavigationModeController:     /product/overlay/framework-res__sdk_gphone64_x86_64__auto_generated_rro_product.apk
06-20 10:38:07.501 13643 13643 D NavigationModeController:     /product/overlay/RanchuCommonOverlay.apk
06-20 10:38:07.502 13643 13643 D NavigationModeController:     /system_ext/priv-app/SystemUIGoogle/SystemUIGoogle.apk
06-20 10:38:07.502 13643 13643 D NavigationModeController:     /product/overlay/NavigationBarModeGestural/NavigationBarModeGesturalOverlay.apk
06-20 10:38:07.502 13643 13643 D NavigationModeController:     /data/resource-cache/com.android.systemui-neutral-yZpx.frro
06-20 10:38:07.503 13643 13643 D NavigationModeController:     /data/resource-cache/com.android.systemui-accent-Zoyh.frro
06-20 10:38:07.504 13643 13643 D NavigationModeController:     /data/resource-cache/com.android.systemui-dynamic-p290.frro
06-20 10:38:07.504 13643 13643 D NavigationModeController:     /vendor/overlay/SystemUIGoogle__sdk_gphone64_x86_64__auto_generated_rro_vendor.apk
06-20 10:38:07.504 13643 13643 D NavigationModeController:     /product/overlay/SystemUIGoogle__sdk_gphone64_x86_64__auto_generated_rro_product.apk
06-20 10:38:07.509 13643 13670 V WindowManagerShell: 	DesktopTasksTransitionObserver init took 23ms
06-20 10:38:07.510 13643 13670 V WindowManagerShell: Adding dump callback for DesktopDisplayModeController
06-20 10:38:07.513 13643 13670 V WindowManagerShell: 	DesktopDisplayModeController init took 1ms
06-20 10:38:07.516 13643 13670 V ShellDesktopMode: DesktopDisplayEventHandler: displayAreaChanged in displayId=0, keyguardLocked=true
06-20 10:38:07.524 13643 13670 V ShellDesktopMode: DesktopDisplayModeController: canDesktopFirstModeBeEnabledOnDefaultDisplay: isDefaultDisplayDesktopEligible=false
06-20 10:38:07.524 13643 13670 V ShellDesktopMode: DesktopDisplayEventHandler: onUserChanged newUserId=0 displays=[0]
06-20 10:38:07.524 13643 13670 V ShellDesktopMode: DesktopDisplayEventHandler: createDefaultDesksIfNeeded displays=[0] userId=0
06-20 10:38:07.529 13643 13670 V WindowManagerShell: 	DesktopDisplayEventHandler init took 15ms
06-20 10:38:07.531 13643 13670 V WindowManagerShell: addHandler: DisplayDisconnectTransitionHandler
06-20 10:38:07.531 13688 13688 W libbinder.BackendUnifiedServiceManager: Thread Pool max thread count is 0. Cannot cache binder as linkToDeath cannot be implemented. serviceName: cacheinfo
06-20 10:38:07.532 13643 13670 V WindowManagerShell: 	DisplayDisconnectTransitionHandler init took 0ms
06-20 10:38:07.533 13717 13717 W libbinder.BackendUnifiedServiceManager: Thread Pool max thread count is 0. Cannot cache binder as linkToDeath cannot be implemented. serviceName: android.frameworks.cameraservice.service.ICameraService/default
06-20 10:38:07.534 13709 13709 W libbinder.BackendUnifiedServiceManager: Thread Pool max thread count is 0. Cannot cache binder as linkToDeath cannot be implemented. serviceName: android.hardware.security.sharedsecret.ISharedSecret/gatekeeper
06-20 10:38:07.534 13709 13709 E libbinder.IPCThreadState: Binder transaction failure. id: 2095460, cmd: BR_FAILED_REPLY (29201), error: -1 (Operation not permitted)
06-20 10:38:07.536 13643 13670 V WindowManagerShell: 	ShellCrashHandler init took 0ms
06-20 10:38:07.537 13643 13670 V WindowManagerShell: Adding dump callback for PerfHintController
06-20 10:38:07.537 13688 13688 E libbinder.Parcel: Reading a NULL string not supported here.
06-20 10:38:07.541 13709 13709 W libbinder.BackendUnifiedServiceManager: Thread Pool max thread count is 0. Cannot cache binder as linkToDeath cannot be implemented. serviceName: android.hardware.sensors.ISensors/default
06-20 10:38:07.542 13717 13717 W libbinder.BackendUnifiedServiceManager: Thread Pool max thread count is 0. Cannot cache binder as linkToDeath cannot be implemented. serviceName: android.frameworks.devicestate.IDeviceStateService/default
06-20 10:38:07.543 13709 13709 E libbinder.IPCThreadState: Binder transaction failure. id: 2095482, cmd: BR_FAILED_REPLY (29201), error: -1 (Operation not permitted)
06-20 10:38:07.544 13688 13688 W libbinder.BackendUnifiedServiceManager: Thread Pool max thread count is 0. Cannot cache binder as linkToDeath cannot be implemented. serviceName: carrier_config
06-20 10:38:07.548 13709 13709 W libbinder.BackendUnifiedServiceManager: Thread Pool max thread count is 0. Cannot cache binder as linkToDeath cannot be implemented. serviceName: android.hardware.thermal.IThermal/default
06-20 10:38:07.550 13709 13709 E libbinder.IPCThreadState: Binder transaction failure. id: 2095495, cmd: BR_FAILED_REPLY (29201), error: -1 (Operation not permitted)
06-20 10:38:07.554 13717 13717 W libbinder.BackendUnifiedServiceManager: Thread Pool max thread count is 0. Cannot cache binder as linkToDeath cannot be implemented. serviceName: android.frameworks.location.altitude.IAltitudeService/default
06-20 10:38:07.556 13709 13709 W libbinder.BackendUnifiedServiceManager: Thread Pool max thread count is 0. Cannot cache binder as linkToDeath cannot be implemented. serviceName: android.hardware.threadnetwork.IThreadChip/chip0
06-20 10:38:07.557 13709 13709 E libbinder.IPCThreadState: Binder transaction failure. id: 2095511, cmd: BR_FAILED_REPLY (29201), error: -1 (Operation not permitted)
06-20 10:38:07.557 13688 13688 W libbinder.BackendUnifiedServiceManager: Thread Pool max thread count is 0. Cannot cache binder as linkToDeath cannot be implemented. serviceName: clipboard
06-20 10:38:07.569 13688 13688 W libbinder.BackendUnifiedServiceManager: Thread Pool max thread count is 0. Cannot cache binder as linkToDeath cannot be implemented. serviceName: color_display
06-20 10:38:07.569 13717 13717 W libbinder.BackendUnifiedServiceManager: Thread Pool max thread count is 0. Cannot cache binder as linkToDeath cannot be implemented. serviceName: android.frameworks.sensorservice.ISensorManager/default
06-20 10:38:07.570 13709 13709 W libbinder.BackendUnifiedServiceManager: Thread Pool max thread count is 0. Cannot cache binder as linkToDeath cannot be implemented. serviceName: android.hardware.usb.IUsb/default
06-20 10:38:07.570 13709 13709 E libbinder.IPCThreadState: Binder transaction failure. id: 2095529, cmd: BR_FAILED_REPLY (29201), error: -1 (Operation not permitted)
06-20 10:38:07.576 13709 13709 W libbinder.BackendUnifiedServiceManager: Thread Pool max thread count is 0. Cannot cache binder as linkToDeath cannot be implemented. serviceName: android.hardware.uwb.IUwb/default
06-20 10:38:07.579 13709 13709 E libbinder.IPCThreadState: Binder transaction failure. id: 2095540, cmd: BR_FAILED_REPLY (29201), error: -1 (Operation not permitted)
06-20 10:38:07.581 13717 13717 W libbinder.BackendUnifiedServiceManager: Thread Pool max thread count is 0. Cannot cache binder as linkToDeath cannot be implemented. serviceName: android.frameworks.stats.IStats/default
06-20 10:38:07.581 13688 13688 W libbinder.BackendUnifiedServiceManager: Thread Pool max thread count is 0. Cannot cache binder as linkToDeath cannot be implemented. serviceName: companiondevice
06-20 10:38:07.584 13709 13709 W libbinder.BackendUnifiedServiceManager: Thread Pool max thread count is 0. Cannot cache binder as linkToDeath cannot be implemented. serviceName: android.hardware.vibrator.IVibrator/default
06-20 10:38:07.585 13709 13709 E libbinder.IPCThreadState: Binder transaction failure. id: 2095557, cmd: BR_FAILED_REPLY (29201), error: -1 (Operation not permitted)
06-20 10:38:07.585   803  1970 W DisplayManagerService: Permission Denial: getWifiDisplayStatus() from pid=13643, uid=10194 requires android.permission.ACCESS_FINE_LOCATION
06-20 10:38:07.587 13688 13688 W libbinder.BackendUnifiedServiceManager: Thread Pool max thread count is 0. Cannot cache binder as linkToDeath cannot be implemented. serviceName: connectivity
06-20 10:38:07.589 13709 13709 W libbinder.BackendUnifiedServiceManager: Thread Pool max thread count is 0. Cannot cache binder as linkToDeath cannot be implemented. serviceName: android.hardware.vibrator.IVibratorManager/default
06-20 10:38:07.589 13709 13709 E libbinder.IPCThreadState: Binder transaction failure. id: 2095568, cmd: BR_FAILED_REPLY (29201), error: -1 (Operation not permitted)
06-20 10:38:07.592 13709 13709 W libbinder.BackendUnifiedServiceManager: Thread Pool max thread count is 0. Cannot cache binder as linkToDeath cannot be implemented. serviceName: android.hardware.wifi.IWifi/default
06-20 10:38:07.592 13717 13717 W libbinder.BackendUnifiedServiceManager: Thread Pool max thread count is 0. Cannot cache binder as linkToDeath cannot be implemented. serviceName: android.frameworks.vibrator.IVibratorControlService/default
06-20 10:38:07.593 13709 13709 E libbinder.IPCThreadState: Binder transaction failure. id: 2095577, cmd: BR_FAILED_REPLY (29201), error: -1 (Operation not permitted)
06-20 10:38:07.595 13688 13688 W libbinder.BackendUnifiedServiceManager: Thread Pool max thread count is 0. Cannot cache binder as linkToDeath cannot be implemented. serviceName: connectivity_native
06-20 10:38:07.598 13709 13709 W libbinder.BackendUnifiedServiceManager: Thread Pool max thread count is 0. Cannot cache binder as linkToDeath cannot be implemented. serviceName: android.hardware.wifi.supplicant.ISupplicant/default
06-20 10:38:07.599 13709 13709 E libbinder.IPCThreadState: Binder transaction failure. id: 2095594, cmd: BR_FAILED_REPLY (29201), error: -1 (Operation not permitted)
06-20 10:38:07.599 13717 13717 W libbinder.BackendUnifiedServiceManager: Thread Pool max thread count is 0. Cannot cache binder as linkToDeath cannot be implemented. serviceName: android.hardware.authsecret.IAuthSecret/default
06-20 10:38:07.600 13717 13717 E libbinder.IPCThreadState: Binder transaction failure. id: 2095596, cmd: BR_FAILED_REPLY (29201), error: -1 (Operation not permitted)
06-20 10:38:07.600 13688 13688 W libbinder.BackendUnifiedServiceManager: Thread Pool max thread count is 0. Cannot cache binder as linkToDeath cannot be implemented. serviceName: connmetrics
06-20 10:38:07.603 13709 13709 W libbinder.BackendUnifiedServiceManager: Thread Pool max thread count is 0. Cannot cache binder as linkToDeath cannot be implemented. serviceName: android.security.apc
06-20 10:38:07.606 13717 13717 E libbinder.IPCThreadState: Binder transaction failure. id: 2095615, cmd: BR_FAILED_REPLY (29201), error: -1 (Operation not permitted)
06-20 10:38:07.608 13688 13688 W libbinder.BackendUnifiedServiceManager: Thread Pool max thread count is 0. Cannot cache binder as linkToDeath cannot be implemented. serviceName: content
06-20 10:38:07.614 13688 13688 W libbinder.BackendUnifiedServiceManager: Thread Pool max thread count is 0. Cannot cache binder as linkToDeath cannot be implemented. serviceName: content_capture
06-20 10:38:07.617 13717 13717 W libbinder.BackendUnifiedServiceManager: Thread Pool max thread count is 0. Cannot cache binder as linkToDeath cannot be implemented. serviceName: android.hardware.bluetooth.IBluetoothHci/default
06-20 10:38:07.617 13717 13717 E libbinder.IPCThreadState: Binder transaction failure. id: 2095639, cmd: BR_FAILED_REPLY (29201), error: -1 (Operation not permitted)
06-20 10:38:07.624 13688 13688 W libbinder.BackendUnifiedServiceManager: Thread Pool max thread count is 0. Cannot cache binder as linkToDeath cannot be implemented. serviceName: content_suggestions
06-20 10:38:07.629 13709 13709 W libbinder.BackendUnifiedServiceManager: Thread Pool max thread count is 0. Cannot cache binder as linkToDeath cannot be implemented. serviceName: android.security.authorization
06-20 10:38:07.632 13717 13717 W libbinder.BackendUnifiedServiceManager: Thread Pool max thread count is 0. Cannot cache binder as linkToDeath cannot be implemented. serviceName: android.hardware.bluetooth.audio.IBluetoothAudioProviderFactory/default
06-20 10:38:07.632 13717 13717 E libbinder.IPCThreadState: Binder transaction failure. id: 2095670, cmd: BR_FAILED_REPLY (29201), error: -1 (Operation not permitted)
06-20 10:38:07.632 13688 13688 W libbinder.BackendUnifiedServiceManager: Thread Pool max thread count is 0. Cannot cache binder as linkToDeath cannot be implemented. serviceName: contexthub
06-20 10:38:07.639 13709 13709 W libbinder.BackendUnifiedServiceManager: Thread Pool max thread count is 0. Cannot cache binder as linkToDeath cannot be implemented. serviceName: android.security.compat
06-20 10:38:07.640 13717 13717 W libbinder.BackendUnifiedServiceManager: Thread Pool max thread count is 0. Cannot cache binder as linkToDeath cannot be implemented. serviceName: android.hardware.bluetooth.offload.leaudio.IHciProxy/default
06-20 10:38:07.640 13717 13717 E libbinder.IPCThreadState: Binder transaction failure. id: 2095689, cmd: BR_FAILED_REPLY (29201), error: -1 (Operation not permitted)
06-20 10:38:07.644 13717 13717 W libbinder.BackendUnifiedServiceManager: Thread Pool max thread count is 0. Cannot cache binder as linkToDeath cannot be implemented. serviceName: android.hardware.camera.provider.ICameraProvider/internal/0
06-20 10:38:07.645 13688 13688 W libbinder.BackendUnifiedServiceManager: Thread Pool max thread count is 0. Cannot cache binder as linkToDeath cannot be implemented. serviceName: country_detector
06-20 10:38:07.647 13717 13717 E libbinder.IPCThreadState: Binder transaction failure. id: 2095699, cmd: BR_FAILED_REPLY (29201), error: -1 (Operation not permitted)
06-20 10:38:07.653 13709 13709 W libbinder.BackendUnifiedServiceManager: Thread Pool max thread count is 0. Cannot cache binder as linkToDeath cannot be implemented. serviceName: android.security.identity
06-20 10:38:07.653 13688 13688 W libbinder.BackendUnifiedServiceManager: Thread Pool max thread count is 0. Cannot cache binder as linkToDeath cannot be implemented. serviceName: cpuinfo
06-20 10:38:07.666 13709 13709 W libbinder.BackendUnifiedServiceManager: Thread Pool max thread count is 0. Cannot cache binder as linkToDeath cannot be implemented. serviceName: android.security.legacykeystore
06-20 10:38:07.668 13688 13688 E libbinder.Parcel: Reading a NULL string not supported here.
06-20 10:38:07.671 13688 13688 W libbinder.BackendUnifiedServiceManager: Thread Pool max thread count is 0. Cannot cache binder as linkToDeath cannot be implemented. serviceName: credential
06-20 10:38:07.672 13643 13670 V WindowManagerShell: 	PerfHintController init took 135ms
06-20 10:38:07.673 13643 13670 V WindowManagerShell: 	DevicePostureController init took 0ms
06-20 10:38:07.674 13643 13670 V WindowManagerShell: 	TabletopModeController init took 0ms
06-20 10:38:07.676 13643 13670 V WindowManagerShell: Adding dump callback for PipTouchHandler
06-20 10:38:07.677 13643 13721 V MediaRouter: Selecting route: RouteInfo{ name=Phone, description=null, status=null, category=RouteCategory{ name=System types=ROUTE_TYPE_LIVE_AUDIO ROUTE_TYPE_LIVE_VIDEO  groupable=false }, supportedTypes=ROUTE_TYPE_LIVE_AUDIO ROUTE_TYPE_LIVE_VIDEO , presentationDisplay=null }
06-20 10:38:07.677 13717 13717 W libbinder.BackendUnifiedServiceManager: Thread Pool max thread count is 0. Cannot cache binder as linkToDeath cannot be implemented. serviceName: android.hardware.camera.provider.ICameraProvider/internal/1
06-20 10:38:07.677 13717 13717 E libbinder.IPCThreadState: Binder transaction failure. id: 2095752, cmd: BR_FAILED_REPLY (29201), error: -1 (Operation not permitted)
06-20 10:38:07.678 13709 13709 W libbinder.BackendUnifiedServiceManager: Thread Pool max thread count is 0. Cannot cache binder as linkToDeath cannot be implemented. serviceName: android.security.maintenance
06-20 10:38:07.681 13688 13688 W libbinder.BackendUnifiedServiceManager: Thread Pool max thread count is 0. Cannot cache binder as linkToDeath cannot be implemented. serviceName: crossprofileapps
06-20 10:38:07.684 13709 13709 W libbinder.BackendUnifiedServiceManager: Thread Pool max thread count is 0. Cannot cache binder as linkToDeath cannot be implemented. serviceName: android.security.metrics
06-20 10:38:07.685 13717 13717 W libbinder.BackendUnifiedServiceManager: Thread Pool max thread count is 0. Cannot cache binder as linkToDeath cannot be implemented. serviceName: android.hardware.cas.IMediaCasService/default
06-20 10:38:07.697 13643 13643 I KeyguardTransitionRepository: FINISHED transition: TransitionStep(from=OFF, to=OFF, value=1.0, transitionState=FINISHED, ownerName=)
06-20 10:38:07.698 13643 13721 I MediaRouter: Skip setBluetoothA2dpOn(): types=8388615, isPlaybackActive()=false, BT route=null
06-20 10:38:07.700   803  1776 W DisplayManagerService: Permission Denial: getWifiDisplayStatus() from pid=13643, uid=10194 requires android.permission.ACCESS_FINE_LOCATION
06-20 10:38:07.700 13688 13688 W libbinder.BackendUnifiedServiceManager: Thread Pool max thread count is 0. Cannot cache binder as linkToDeath cannot be implemented. serviceName: dataloader_manager
06-20 10:38:07.743 13688 13688 W libbinder.BackendUnifiedServiceManager: Thread Pool max thread count is 0. Cannot cache binder as linkToDeath cannot be implemented. serviceName: dbinfo
06-20 10:38:07.745 13709 13709 W libbinder.BackendUnifiedServiceManager: Thread Pool max thread count is 0. Cannot cache binder as linkToDeath cannot be implemented. serviceName: android.system.keystore2.IKeystoreService/default
06-20 10:38:07.746 13688 13688 E libbinder.Parcel: Reading a NULL string not supported here.
06-20 10:38:07.747 13717 13717 W libbinder.BackendUnifiedServiceManager: Thread Pool max thread count is 0. Cannot cache binder as linkToDeath cannot be implemented. serviceName: android.hardware.contexthub.IContextHub/default
06-20 10:38:07.748 13717 13717 E libbinder.IPCThreadState: Binder transaction failure. id: 2095830, cmd: BR_FAILED_REPLY (29201), error: -1 (Operation not permitted)
06-20 10:38:07.752 13688 13688 W libbinder.BackendUnifiedServiceManager: Thread Pool max thread count is 0. Cannot cache binder as linkToDeath cannot be implemented. serviceName: device_config
06-20 10:38:07.757 13688 13688 E libbinder.Parcel: Reading a NULL string not supported here.
06-20 10:38:07.759 13643 13670 V WindowManagerShell: 	PipTouchHandler init took 84ms
06-20 10:38:07.759 13643 13670 V WindowManagerShell: Adding dump callback for PipController
06-20 10:38:07.760 13643 13670 V WindowManagerShell: Adding external interface from PipController with key com.android.wm.shell.common.pip.IPip
06-20 10:38:07.760 13643 13670 V WindowManagerShell: 	PipController init took 1ms
06-20 10:38:07.760 13709 13709 W libbinder.BackendUnifiedServiceManager: Thread Pool max thread count is 0. Cannot cache binder as linkToDeath cannot be implemented. serviceName: android.system.net.netd.INetd/default
06-20 10:38:07.764 13643 13670 V ShellDragAndDrop: Display added: 0
06-20 10:38:07.769 13717 13717 W libbinder.BackendUnifiedServiceManager: Thread Pool max thread count is 0. Cannot cache binder as linkToDeath cannot be implemented. serviceName: android.hardware.drm.IDrmFactory/widevine
06-20 10:38:07.770 13709 13709 E libbinder.IPCThreadState: Binder transaction failure. id: 2095861, cmd: BR_FAILED_REPLY (29201), error: -1 (Operation not permitted)
06-20 10:38:07.773 13709 13709 W libbinder.BackendUnifiedServiceManager: Thread Pool max thread count is 0. Cannot cache binder as linkToDeath cannot be implemented. serviceName: android.system.suspend.ISystemSuspend/default
06-20 10:38:07.773 13709 13709 E libbinder.IPCThreadState: Binder transaction failure. id: 2095871, cmd: BR_FAILED_REPLY (29201), error: -1 (Operation not permitted)
06-20 10:38:07.776 13709 13709 W libbinder.BackendUnifiedServiceManager: Thread Pool max thread count is 0. Cannot cache binder as linkToDeath cannot be implemented. serviceName: android.system.vmtethering.IVmTethering
06-20 10:38:07.779 13717 13717 W libbinder.BackendUnifiedServiceManager: Thread Pool max thread count is 0. Cannot cache binder as linkToDeath cannot be implemented. serviceName: android.hardware.gatekeeper.IGatekeeper/default
06-20 10:38:07.779 13717 13717 E libbinder.IPCThreadState: Binder transaction failure. id: 2095882, cmd: BR_FAILED_REPLY (29201), error: -1 (Operation not permitted)
06-20 10:38:07.782 13688 13688 W libbinder.BackendUnifiedServiceManager: Thread Pool max thread count is 0. Cannot cache binder as linkToDeath cannot be implemented. serviceName: device_identifiers
06-20 10:38:07.785 13717 13717 E libbinder.IPCThreadState: Binder transaction failure. id: 2095889, cmd: BR_FAILED_REPLY (29201), error: -1 (Operation not permitted)
06-20 10:38:07.789 13717 13717 W libbinder.BackendUnifiedServiceManager: Thread Pool max thread count is 0. Cannot cache binder as linkToDeath cannot be implemented. serviceName: android.hardware.graphics.allocator.IAllocator/default
06-20 10:38:07.794 13688 13688 W libbinder.BackendUnifiedServiceManager: Thread Pool max thread count is 0. Cannot cache binder as linkToDeath cannot be implemented. serviceName: device_lock
06-20 10:38:07.795 13709 13709 W libbinder.BackendUnifiedServiceManager: Thread Pool max thread count is 0. Cannot cache binder as linkToDeath cannot be implemented. serviceName: android.system.vold.IVold/default
06-20 10:38:07.796 13709 13709 E libbinder.IPCThreadState: Binder transaction failure. id: 2095905, cmd: BR_FAILED_REPLY (29201), error: -1 (Operation not permitted)
06-20 10:38:07.800 13709 13709 W libbinder.BackendUnifiedServiceManager: Thread Pool max thread count is 0. Cannot cache binder as linkToDeath cannot be implemented. serviceName: app_binding
06-20 10:38:07.804 13688 13688 W libbinder.BackendUnifiedServiceManager: Thread Pool max thread count is 0. Cannot cache binder as linkToDeath cannot be implemented. serviceName: device_policy
06-20 10:38:07.766 13709 13709 W service : type=1400 audit(0.0:57545): avc:  denied  { call } for  scontext=u:r:shell:s0 tcontext=u:r:netd:s0 tclass=binder permissive=0
06-20 10:38:07.805 13717 13717 W libbinder.BackendUnifiedServiceManager: Thread Pool max thread count is 0. Cannot cache binder as linkToDeath cannot be implemented. serviceName: android.hardware.graphics.composer3.IComposer/default
06-20 10:38:07.805 13717 13717 E libbinder.IPCThreadState: Binder transaction failure. id: 2095927, cmd: BR_FAILED_REPLY (29201), error: -1 (Operation not permitted)
06-20 10:38:07.806   803   955 I HalDevMgr: bestIfaceCreationProposal is null, requestIface=STA, existingIface=[name=wlan0 type=STA]
06-20 10:38:07.840 13717 13717 W libbinder.BackendUnifiedServiceManager: Thread Pool max thread count is 0. Cannot cache binder as linkToDeath cannot be implemented. serviceName: android.hardware.health.IHealth/default
06-20 10:38:07.840 13717 13717 E libbinder.IPCThreadState: Binder transaction failure. id: 2095933, cmd: BR_FAILED_REPLY (29201), error: -1 (Operation not permitted)
06-20 10:38:07.843 13709 13709 E libbinder.Parcel: Reading a NULL string not supported here.
06-20 10:38:07.845 13717 13717 W libbinder.BackendUnifiedServiceManager: Thread Pool max thread count is 0. Cannot cache binder as linkToDeath cannot be implemented. serviceName: android.hardware.identity.IIdentityCredentialStore/default
06-20 10:38:07.846 13717 13717 E libbinder.IPCThreadState: Binder transaction failure. id: 2095945, cmd: BR_FAILED_REPLY (29201), error: -1 (Operation not permitted)
06-20 10:38:07.848 13688 13688 W libbinder.BackendUnifiedServiceManager: Thread Pool max thread count is 0. Cannot cache binder as linkToDeath cannot be implemented. serviceName: device_state
06-20 10:38:07.849 13709 13709 W libbinder.BackendUnifiedServiceManager: Thread Pool max thread count is 0. Cannot cache binder as linkToDeath cannot be implemented. serviceName: app_function
06-20 10:38:07.850 13717 13717 W libbinder.BackendUnifiedServiceManager: Thread Pool max thread count is 0. Cannot cache binder as linkToDeath cannot be implemented. serviceName: android.hardware.light.ILights/default
06-20 10:38:07.851 13717 13717 E libbinder.IPCThreadState: Binder transaction failure. id: 2095956, cmd: BR_FAILED_REPLY (29201), error: -1 (Operation not permitted)
06-20 10:38:07.854 13717 13717 W libbinder.BackendUnifiedServiceManager: Thread Pool max thread count is 0. Cannot cache binder as linkToDeath cannot be implemented. serviceName: android.hardware.media.c2.IComponentStore/software
06-20 10:38:07.860 13688 13688 W libbinder.BackendUnifiedServiceManager: Thread Pool max thread count is 0. Cannot cache binder as linkToDeath cannot be implemented. serviceName: deviceidle
06-20 10:38:07.864 13709 13709 W libbinder.BackendUnifiedServiceManager: Thread Pool max thread count is 0. Cannot cache binder as linkToDeath cannot be implemented. serviceName: app_hibernation
06-20 10:38:07.869 13717 13717 W libbinder.BackendUnifiedServiceManager: Thread Pool max thread count is 0. Cannot cache binder as linkToDeath cannot be implemented. serviceName: android.hardware.neuralnetworks.IDevice/nnapi-sample_all
06-20 10:38:07.870 13688 13688 W libbinder.BackendUnifiedServiceManager: Thread Pool max thread count is 0. Cannot cache binder as linkToDeath cannot be implemented. serviceName: devicestoragemonitor
06-20 10:38:07.770 13709 13709 W service : type=1400 audit(0.0:57546): avc:  denied  { call } for  scontext=u:r:shell:s0 tcontext=u:r:system_suspend:s0 tclass=binder permissive=0
06-20 10:38:07.878 13709 13709 W libbinder.BackendUnifiedServiceManager: Thread Pool max thread count is 0. Cannot cache binder as linkToDeath cannot be implemented. serviceName: app_integrity
06-20 10:38:07.878 13717 13717 W libbinder.BackendUnifiedServiceManager: Thread Pool max thread count is 0. Cannot cache binder as linkToDeath cannot be implemented. serviceName: android.hardware.neuralnetworks.IDevice/nnapi-sample_quant
06-20 10:38:07.879 13688 13688 E libbinder.Parcel: Reading a NULL string not supported here.
06-20 10:38:07.883 13688 13688 W libbinder.BackendUnifiedServiceManager: Thread Pool max thread count is 0. Cannot cache binder as linkToDeath cannot be implemented. serviceName: diskstats
06-20 10:38:07.889 13709 13709 W libbinder.BackendUnifiedServiceManager: Thread Pool max thread count is 0. Cannot cache binder as linkToDeath cannot be implemented. serviceName: app_prediction
06-20 10:38:07.893 13688 13688 E libbinder.Parcel: Reading a NULL string not supported here.
06-20 10:38:07.897 13688 13688 W libbinder.BackendUnifiedServiceManager: Thread Pool max thread count is 0. Cannot cache binder as linkToDeath cannot be implemented. serviceName: display
06-20 10:38:07.899 13709 13709 W libbinder.BackendUnifiedServiceManager: Thread Pool max thread count is 0. Cannot cache binder as linkToDeath cannot be implemented. serviceName: app_search
06-20 10:38:07.778 13717 13717 W service : type=1400 audit(0.0:57547): avc:  denied  { call } for  scontext=u:r:shell:s0 tcontext=u:r:hal_gatekeeper_default:s0 tclass=binder permissive=0
06-20 10:38:07.905 13643 13670 D CompatChangeReporter: Compat change id reported: 377864165; UID 10194; state: ENABLED
06-20 10:38:07.923 13643 13703 D WallpaperRepositoryImpl: shouldSendNotificationLayout:false wallpaperInfo:null
06-20 10:38:07.944 13709 13709 W libbinder.BackendUnifiedServiceManager: Thread Pool max thread count is 0. Cannot cache binder as linkToDeath cannot be implemented. serviceName: appops
06-20 10:38:07.947 13717 13717 W libbinder.BackendUnifiedServiceManager: Thread Pool max thread count is 0. Cannot cache binder as linkToDeath cannot be implemented. serviceName: android.hardware.neuralnetworks.IDevice/nnapi-sample_sl_shim
06-20 10:38:07.947 13688 13688 W libbinder.BackendUnifiedServiceManager: Thread Pool max thread count is 0. Cannot cache binder as linkToDeath cannot be implemented. serviceName: domain_verification
06-20 10:38:07.952 13709 13709 W libbinder.BackendUnifiedServiceManager: Thread Pool max thread count is 0. Cannot cache binder as linkToDeath cannot be implemented. serviceName: appwidget
06-20 10:38:07.961 13717 13717 W libbinder.BackendUnifiedServiceManager: Thread Pool max thread count is 0. Cannot cache binder as linkToDeath cannot be implemented. serviceName: android.hardware.power.IPower/default
06-20 10:38:07.963 13717 13717 E libbinder.IPCThreadState: Binder transaction failure. id: 2096071, cmd: BR_FAILED_REPLY (29201), error: -1 (Operation not permitted)
06-20 10:38:07.963 13688 13688 W libbinder.BackendUnifiedServiceManager: Thread Pool max thread count is 0. Cannot cache binder as linkToDeath cannot be implemented. serviceName: dreams
06-20 10:38:07.782 13717 13717 W service : type=1400 audit(0.0:57548): avc:  denied  { call } for  scontext=u:r:shell:s0 tcontext=u:r:hal_gnss_default:s0 tclass=binder permissive=0
06-20 10:38:07.969 13709 13709 E libbinder.IPCThreadState: Binder transaction failure. id: 2096082, cmd: BR_FAILED_REPLY (29201), error: -1 (Operation not permitted)
06-20 10:38:07.971 13717 13717 W libbinder.BackendUnifiedServiceManager: Thread Pool max thread count is 0. Cannot cache binder as linkToDeath cannot be implemented. serviceName: android.hardware.power.stats.IPowerStats/default
06-20 10:38:08.045 13717 13717 E libbinder.IPCThreadState: Binder transaction failure. id: 2096084, cmd: BR_FAILED_REPLY (29201), error: -1 (Operation not permitted)
06-20 10:38:08.049 13709 13709 W libbinder.BackendUnifiedServiceManager: Thread Pool max thread count is 0. Cannot cache binder as linkToDeath cannot be implemented. serviceName: attestation_verification
06-20 10:38:07.794 13709 13709 W service : type=1400 audit(0.0:57549): avc:  denied  { call } for  scontext=u:r:shell:s0 tcontext=u:r:vold:s0 tclass=binder permissive=0
06-20 10:38:08.054 13717 13717 W libbinder.BackendUnifiedServiceManager: Thread Pool max thread count is 0. Cannot cache binder as linkToDeath cannot be implemented. serviceName: android.hardware.radio.config.IRadioConfig/default
06-20 10:38:08.056 13643 13670 I DisplayManager: Implicitly registering for refresh rate
06-20 10:38:08.057 13643 13643 D NavigationModeController: getCurrentInteractionMode: mode=2 contextUser=0
06-20 10:38:08.077 13717 13717 E libbinder.IPCThreadState: Binder transaction failure. id: 2096100, cmd: BR_FAILED_REPLY (29201), error: -1 (Operation not permitted)
06-20 10:38:08.080 13717 13717 W libbinder.BackendUnifiedServiceManager: Thread Pool max thread count is 0. Cannot cache binder as linkToDeath cannot be implemented. serviceName: android.hardware.radio.data.IRadioData/slot1
06-20 10:38:08.081 13709 13709 W libbinder.BackendUnifiedServiceManager: Thread Pool max thread count is 0. Cannot cache binder as linkToDeath cannot be implemented. serviceName: audio
06-20 10:38:08.081 13717 13717 E libbinder.IPCThreadState: Binder transaction failure. id: 2096110, cmd: BR_FAILED_REPLY (29201), error: -1 (Operation not permitted)
06-20 10:38:08.084 13643 13670 W HWUI    : Unknown dataspace 0
06-20 10:38:08.085 13717 13717 W libbinder.BackendUnifiedServiceManager: Thread Pool max thread count is 0. Cannot cache binder as linkToDeath cannot be implemented. serviceName: android.hardware.radio.ims.IRadioIms/slot1
06-20 10:38:08.085 13717 13717 E libbinder.IPCThreadState: Binder transaction failure. id: 2096116, cmd: BR_FAILED_REPLY (29201), error: -1 (Operation not permitted)
06-20 10:38:08.088 13717 13717 W libbinder.BackendUnifiedServiceManager: Thread Pool max thread count is 0. Cannot cache binder as linkToDeath cannot be implemented. serviceName: android.hardware.radio.ims.media.IImsMedia/default
06-20 10:38:08.088 13717 13717 E libbinder.IPCThreadState: Binder transaction failure. id: 2096125, cmd: BR_FAILED_REPLY (29201), error: -1 (Operation not permitted)
06-20 10:38:08.281 13580 13580 W m.xxmauro.sayup: Verification of void com.google.firebase.FirebaseApp.access$300(com.google.firebase.FirebaseApp) took 192.274ms (20.80 bytecodes/s) (0B arena alloc)
06-20 10:38:08.287 13709 13709 W libbinder.BackendUnifiedServiceManager: Thread Pool max thread count is 0. Cannot cache binder as linkToDeath cannot be implemented. serviceName: auth
06-20 10:38:08.318 13717 13717 W libbinder.BackendUnifiedServiceManager: Thread Pool max thread count is 0. Cannot cache binder as linkToDeath cannot be implemented. serviceName: android.hardware.radio.messaging.IRadioMessaging/slot1
06-20 10:38:08.319 13717 13717 E libbinder.IPCThreadState: Binder transaction failure. id: 2096150, cmd: BR_FAILED_REPLY (29201), error: -1 (Operation not permitted)
06-20 10:38:08.321 13709 13709 W libbinder.BackendUnifiedServiceManager: Thread Pool max thread count is 0. Cannot cache binder as linkToDeath cannot be implemented. serviceName: authentication_policy
06-20 10:38:08.326 13717 13717 W libbinder.BackendUnifiedServiceManager: Thread Pool max thread count is 0. Cannot cache binder as linkToDeath cannot be implemented. serviceName: android.hardware.radio.modem.IRadioModem/slot1
06-20 10:38:08.327 13717 13717 E libbinder.IPCThreadState: Binder transaction failure. id: 2096164, cmd: BR_FAILED_REPLY (29201), error: -1 (Operation not permitted)
