06-20 10:43:49.690 16133 16133 W libbinder.BackendUnifiedServiceManager: Thread Pool max thread count is 0. Cannot cache binder as linkToDeath cannot be implemented. serviceName: audio
06-20 10:43:49.705 16133 16133 W libbinder.BackendUnifiedServiceManager: Thread Pool max thread count is 0. Cannot cache binder as linkToDeath cannot be implemented. serviceName: auth
06-20 10:43:49.926 14905 15277 I Bugle   : CountryCodeDetector: updateSmsNetworkCountry from default subscription network country. detected country: us [CONTEXT x_message_id=-1384530601954057963 work_id="9232ffda-ded7-4e4a-a496-e12a7f0a4e49" pipeline_type="SmsReceivePipeline" ]
06-20 10:43:49.927 14905 15249 W BugleDatabase: kind of slow getting the write lock; wait seconds 5; blocked [WorkQueueWorkerImpl#handleResultInner-BEGIN];blocked by: [UpdateBugleParticipantAndConversations#updateBugleParticipantToMoreCanonicalAndCompareAddress-BEGIN 420 ms    bwzh.a(PG:1)
06-20 10:43:49.927 14905 15249 W BugleDatabase:    bwzy.R(PG:37)
06-20 10:43:49.927 14905 15249 W BugleDatabase:    bwzy.U(PG:6)
06-20 10:43:49.927 14905 15249 W BugleDatabase:    bwzy.P(PG:24)
06-20 10:43:49.927 14905 15249 W BugleDatabase:    bsmy.apply(PG:7)
06-20 10:43:49.927 14905 15249 W BugleDatabase:    aky$$ExternalSyntheticApiModelOutline0.m(D8$$SyntheticClass:39)
06-20 10:43:49.927 14905 15249 W BugleDatabase:    dqru.b(PG:27)
06-20 10:43:49.927 14905 15249 W BugleDatabase:    awgj.get(PG:73)
06-20 10:43:49.927 14905 15249 W BugleDatabase:    bwzk.a(PG:3)
06-20 10:43:49.927 14905 15249 W BugleDatabase:    bwzy.R(PG:37)
06-20 10:43:49.927 14905 15249 W BugleDatabase:    bwzy.q(PG:99)
06-20 10:43:49.927 14905 15249 W BugleDatabase:    bwzy.p(PG:14)
06-20 10:43:49.927 14905 15249 W BugleDatabase:    byev.c(PG:37)
06-20 10:43:49.927 14905 15249 W BugleDatabase:    awgl.b(PG:22)
06-20 10:43:49.927 14905 15249 W BugleDatabase:    bbcr.get(PG:240)
06-20 10:43:49.927 14905 15249 W BugleDatabase:    bwzk.a(PG:3)
06-20 10:43:49.927 14905 15249 W BugleDatabase:    bwzy.R(PG:37)
06-20 10:43:49.927 14905 15249 W BugleDatabase:    bwzy.q(PG:99)
06-20 10:43:49.927 14905 15249 W BugleDatabase:    bwzy.p(PG:14)
06-20 10:43:49.927 14905 15249 W BugleDatabase:    byev.c(PG:37)
06-20 10:43:49.927 14905 15249 W BugleDatabase:    bbcw.b(PG:120)
06-20 10:43:49.927 14905 15249 W BugleDatabase:    aydh.i(PG:311)
06-20 10:43:49.927 14905 15249 W BugleDatabase:    chhw.b(PG:57)
06-20 10:43:49.927 14905 15249 W BugleDatabase:    chhw.a(PG:13)
06-20 10:43:49.927 14905 15249 W BugleDatabase:    eici.b(PG:37)
06-20 10:43:49.927 14905 15249 W BugleDatabase:    fcyt.w(PG:12)
06-20 10:43:49.927 14905 15249 W BugleDatabase:    fdkn.run(PG:107)
06-20 10:43:49.927 14905 15249 W BugleDatabase:    egvm.run(PG:3)
06-20 10:43:49.927 14905 15249 W BugleDatabase:    eihw.run(PG:13)
06-20 10:43:49.927 14905 15249 W BugleDatabase:    dqkn.run(PG:7)
06-20 10:43:49.927 14905 15249 W BugleDatabase:    elfh.run(PG:44)
06-20 10:43:49.927 14905 15249 W BugleDatabase:    dqnf.run(PG:18)
06-20 10:43:49.927 14905 15249 W BugleDatabase:    dqjv.run(PG:8)
06-20 10:43:49.927 14905 15249 W BugleDatabase:    java.lang.Thread.run(Thread.java:1563)
06-20 10:43:49.927 14905 15249 W BugleDatabase:    dqlo.run(PG:61)]
06-20 10:43:49.927 14905 15249 W BugleDatabase: [CONTEXT x_message_id=-1384530601954057963 work_id="9232ffda-ded7-4e4a-a496-e12a7f0a4e49" pipeline_type="SmsReceivePipeline" ]
06-20 10:43:50.060   803  1763 W libbinder.Binder: Binder transaction to android.app.INotificationManager code 147 took 1251ms. Data bytes: 160 Reply bytes: 19728 Flags: 18
06-20 10:43:50.105 14905 15172 I BugleNotifications: Conversation specific info added to notification builder [CONTEXT notification_type="2" notification_tag="com.google.android.apps.messaging:incoming_message:1" ]
06-20 10:43:50.140 16150 16150 W libbinder.BackendUnifiedServiceManager: Thread Pool max thread count is 0. Cannot cache binder as linkToDeath cannot be implemented. serviceName: activity
06-20 10:43:50.152 15957 15957 W SoLoader: SoLoader already initialized
06-20 10:43:50.208   803  1013 D BackgroundInstallControlService: Package event received: 0
06-20 10:43:50.260   803  1970 W FastPrintWriter: Write failure
06-20 10:43:50.260   803  1970 W FastPrintWriter: java.io.IOException: write failed: EPIPE (Broken pipe)
06-20 10:43:50.260   803  1970 W FastPrintWriter: 	at libcore.io.IoBridge.write(IoBridge.java:651)
06-20 10:43:50.260   803  1970 W FastPrintWriter: 	at java.io.FileOutputStream.write(FileOutputStream.java:436)
06-20 10:43:50.260   803  1970 W FastPrintWriter: 	at com.android.internal.util.FastPrintWriter.flushBytesLocked(FastPrintWriter.java:355)
06-20 10:43:50.260   803  1970 W FastPrintWriter: 	at com.android.internal.util.FastPrintWriter.flushLocked(FastPrintWriter.java:378)
06-20 10:43:50.260   803  1970 W FastPrintWriter: 	at com.android.internal.util.FastPrintWriter.appendLocked(FastPrintWriter.java:323)
06-20 10:43:50.260   803  1970 W FastPrintWriter: 	at com.android.internal.util.FastPrintWriter.print(FastPrintWriter.java:500)
06-20 10:43:50.260   803  1970 W FastPrintWriter: 	at java.io.PrintWriter.println(PrintWriter.java:822)
06-20 10:43:50.260   803  1970 W FastPrintWriter: 	at com.android.server.am.ConnectionRecord.dump(ConnectionRecord.java:109)
06-20 10:43:50.260   803  1970 W FastPrintWriter: 	at com.android.server.am.ActiveServices$ServiceDumper.dumpRemainsLocked(ActiveServices.java:8405)
06-20 10:43:50.260   803  1970 W FastPrintWriter: 	at com.android.server.am.ActiveServices$ServiceDumper.dumpLocked(ActiveServices.java:8147)
06-20 10:43:50.260   803  1970 W FastPrintWriter: 	at com.android.server.am.ActivityManagerService.doDump(ActivityManagerService.java:11017)
06-20 10:43:50.260   803  1970 W FastPrintWriter: 	at com.android.server.am.ActivityManagerService.-$$Nest$mdoDump(ActivityManagerService.java:0)
06-20 10:43:50.260   803  1970 W FastPrintWriter: 	at com.android.server.am.ActivityManagerService$1.dump(ActivityManagerService.java:804)
06-20 10:43:50.260   803  1970 W FastPrintWriter: 	at com.android.server.utils.PriorityDump.dump(PriorityDump.java:182)
06-20 10:43:50.260   803  1970 W FastPrintWriter: 	at com.android.server.am.ActivityManagerService.dump(ActivityManagerService.java:10472)
06-20 10:43:50.260   803  1970 W FastPrintWriter: 	at android.os.Binder.doDump(Binder.java:1104)
06-20 10:43:50.260   803  1970 W FastPrintWriter: 	at android.os.Binder.dump(Binder.java:1094)
06-20 10:43:50.260   803  1970 W FastPrintWriter: 	at android.os.Binder.onTransact(Binder.java:940)
06-20 10:43:50.260   803  1970 W FastPrintWriter: 	at android.app.IActivityManager$Stub.onTransact(IActivityManager.java:5853)
06-20 10:43:50.260   803  1970 W FastPrintWriter: 	at com.android.server.am.ActivityManagerService.onTransact(ActivityManagerService.java:2768)
06-20 10:43:50.260   803  1970 W FastPrintWriter: 	at android.os.Binder.execTransactInternal(Binder.java:1478)
06-20 10:43:50.260   803  1970 W FastPrintWriter: 	at android.os.Binder.execTransact(Binder.java:1418)
06-20 10:43:50.260   803  1970 W FastPrintWriter: Caused by: android.system.ErrnoException: write failed: EPIPE (Broken pipe)
06-20 10:43:50.260   803  1970 W FastPrintWriter: 	at libcore.io.Linux.writeBytes(Native Method)
06-20 10:43:50.260   803  1970 W FastPrintWriter: 	at libcore.io.Linux.write(Linux.java:338)
06-20 10:43:50.260   803  1970 W FastPrintWriter: 	at libcore.io.ForwardingOs.write(ForwardingOs.java:954)
06-20 10:43:50.260   803  1970 W FastPrintWriter: 	at libcore.io.BlockGuardOs.write(BlockGuardOs.java:448)
06-20 10:43:50.260   803  1970 W FastPrintWriter: 	at libcore.io.IoBridge.write(IoBridge.java:646)
06-20 10:43:50.260   803  1970 W FastPrintWriter: 	... 21 more
06-20 10:43:50.276   803  1970 W libbinder.Binder: Binder transaction to android.app.IActivityManager code 1598311760 took 2782ms. Data bytes: 52 Reply bytes: 4 Flags: 16
06-20 10:43:50.288   803   826 W Looper  : Drained
06-20 10:43:50.318  8028 13294 I ocessService0:0: Explicit concurrent mark compact GC freed 244KB AllocSpace bytes, 0(0B) LOS objects, 24% free, 1723KB/2298KB, paused 15.360ms,16.945ms total 858.670ms
06-20 10:43:50.318  8028 13294 W ocessService0:0: Reducing the number of considered missed Gc histogram windows from 113 to 100
06-20 10:43:50.351   803   955 I HalDevMgr: bestIfaceCreationProposal is null, requestIface=STA, existingIface=[name=wlan0 type=STA]
06-20 10:43:50.354   803  2108 W libbinder.Binder: Binder transaction to android.app.IActivityManager code 46 took 2761ms. Data bytes: 104 Reply bytes: 8 Flags: 18
06-20 10:43:50.405  8028 13294 W libbinder.Binder: Binder transaction to android.app.IApplicationThread code 32 took 1892ms. Data bytes: 1412 Reply bytes: 0 Flags: 17
06-20 10:43:50.423   803  1776 W libbinder.Binder: Binder transaction to android.app.IActivityManager code 69 took 2117ms. Data bytes: 116 Reply bytes: 0 Flags: 17
06-20 10:43:50.436  1219  1226 W System  : A resource failed to call AbstractCursor.close. 
06-20 10:43:50.436  1219  1226 W System  : A resource failed to call AbstractCursor.close. 
06-20 10:43:50.436  1219  1226 W System  : A resource failed to call AbstractCursor.close. 
06-20 10:43:50.436  1219  1226 W System  : A resource failed to call AbstractCursor.close. 
06-20 10:43:50.436  1219  1226 W System  : A resource failed to call AbstractCursor.close. 
06-20 10:43:50.436  1219  1226 W System  : A resource failed to call AbstractCursor.close. 
06-20 10:43:50.584 13643 13904 I HWUI    : Davey! duration=3651ms; Flags=1, FrameTimelineVsyncId=240994, IntendedVsync=2354891999337, Vsync=2356191999285, InputEventId=837715326, HandleInputStart=2356213845553, AnimationStart=2356214264953, PerformTraversalsStart=2356263274053, DrawStart=2357726271253, FrameDeadline=2354908666003, FrameStartTime=2356197911853, FrameInterval=16666666, WorkloadTarget=16666666, SyncQueued=2358179896753, SyncStart=2358206266053, IssueDrawCommandsStart=2358245534353, SwapBuffers=2358558714153, FrameCompleted=2358569877453, DequeueBufferDuration=225600, QueueBufferDuration=3273300, GpuCompleted=2358563342753, SwapBuffersCompleted=2358569877453, DisplayPresentTime=0, CommandSubmissionCompleted=2358558714153, 
06-20 10:43:50.593 16157 16157 W libbinder.BackendUnifiedServiceManager: Thread Pool max thread count is 0. Cannot cache binder as linkToDeath cannot be implemented. serviceName: DockObserver
06-20 10:43:50.601 16157 16157 E libbinder.Parcel: Reading a NULL string not supported here.
06-20 10:43:50.608 16157 16157 W libbinder.BackendUnifiedServiceManager: Thread Pool max thread count is 0. Cannot cache binder as linkToDeath cannot be implemented. serviceName: SurfaceFlinger
06-20 10:43:50.613 16157 16157 W libbinder.BackendUnifiedServiceManager: Thread Pool max thread count is 0. Cannot cache binder as linkToDeath cannot be implemented. serviceName: SurfaceFlingerAIDL
06-20 10:43:50.634 16157 16157 W libbinder.BackendUnifiedServiceManager: Thread Pool max thread count is 0. Cannot cache binder as linkToDeath cannot be implemented. serviceName: accessibility
06-20 10:43:50.648 16157 16157 W libbinder.BackendUnifiedServiceManager: Thread Pool max thread count is 0. Cannot cache binder as linkToDeath cannot be implemented. serviceName: account
06-20 10:43:50.648 13643 13643 I Choreographer: Skipped 153 frames!  The application may be doing too much work on its main thread.
06-20 10:43:50.656 16157 16157 W libbinder.BackendUnifiedServiceManager: Thread Pool max thread count is 0. Cannot cache binder as linkToDeath cannot be implemented. serviceName: activity
06-20 10:43:50.662 16157 16157 W libbinder.BackendUnifiedServiceManager: Thread Pool max thread count is 0. Cannot cache binder as linkToDeath cannot be implemented. serviceName: activity_task
06-20 10:43:50.663   803 16156 D ActivityManager: created ANR temporary file:/data/anr/temp_anr_4298584532476230707.txt
06-20 10:43:50.663   803 16156 I ActivityManager: Collecting stacks for pid 15957 into temporary file temp_anr_4298584532476230707.txt
06-20 10:43:50.662   803   803 W AnrMainProcessD: type=1400 audit(0.0:72444): avc:  denied  { read } for  name="transactions" dev="binder" ino=1048588 scontext=u:r:system_server:s0 tcontext=u:object_r:binderfs_logs_transactions:s0 tclass=file permissive=0
06-20 10:43:50.828 16157 16157 W libbinder.BackendUnifiedServiceManager: Thread Pool max thread count is 0. Cannot cache binder as linkToDeath cannot be implemented. serviceName: adb
06-20 10:43:50.837 16157 16157 W libbinder.BackendUnifiedServiceManager: Thread Pool max thread count is 0. Cannot cache binder as linkToDeath cannot be implemented. serviceName: adservices_manager
06-20 10:43:50.838   803 16156 E android.os.Debug: Failed to get binder state info for pid: 15957 status: -2: Success
06-20 10:43:50.846 14738 14747 I android.traceur: Explicit concurrent mark compact GC freed 120KB AllocSpace bytes, 0(0B) LOS objects, 24% free, 1659KB/2212KB, paused 82.697ms,10.606ms total 201.952ms
06-20 10:43:50.861 16157 16157 W libbinder.BackendUnifiedServiceManager: Thread Pool max thread count is 0. Cannot cache binder as linkToDeath cannot be implemented. serviceName: advanced_protection
06-20 10:43:50.933 16157 16157 W libbinder.BackendUnifiedServiceManager: Thread Pool max thread count is 0. Cannot cache binder as linkToDeath cannot be implemented. serviceName: alarm
06-20 10:43:51.002 16157 16157 W libbinder.BackendUnifiedServiceManager: Thread Pool max thread count is 0. Cannot cache binder as linkToDeath cannot be implemented. serviceName: ambient_context
06-20 10:43:51.015 13643 13904 I HWUI    : Davey! duration=2889ms; Flags=0, FrameTimelineVsyncId=241024, IntendedVsync=2356225332617, Vsync=2358775332515, InputEventId=0, HandleInputStart=2358791568353, AnimationStart=2358791910553, PerformTraversalsStart=2358971573853, DrawStart=2359097694853, FrameDeadline=2358591999189, FrameStartTime=2358786009853, FrameInterval=16666666, WorkloadTarget=16666666, SyncQueued=2359098039853, SyncStart=2359098966153, IssueDrawCommandsStart=2359103985653, SwapBuffers=2359106072353, FrameCompleted=2359115276653, DequeueBufferDuration=883400, QueueBufferDuration=1060400, GpuCompleted=2359112182753, SwapBuffersCompleted=2359115276653, DisplayPresentTime=0, CommandSubmissionCompleted=2359106072353, 
06-20 10:43:51.020   803 16156 I system_server: libdebuggerd_client: started dumping process 15957
06-20 10:43:51.020 16157 16157 W libbinder.BackendUnifiedServiceManager: Thread Pool max thread count is 0. Cannot cache binder as linkToDeath cannot be implemented. serviceName: android.frameworks.cameraservice.service.ICameraService/default
06-20 10:43:51.037 16157 16157 W libbinder.BackendUnifiedServiceManager: Thread Pool max thread count is 0. Cannot cache binder as linkToDeath cannot be implemented. serviceName: android.frameworks.devicestate.IDeviceStateService/default
06-20 10:43:51.040   346   346 I tombstoned: registered intercept for pid 15957 and type kDebuggerdJavaBacktrace
06-20 10:43:51.052   803   815 I system_server: Background young concurrent mark compact GC freed 26MB AllocSpace bytes, 33(796KB) LOS objects, 36% free, 36MB/57MB, paused 113.805ms,326.180ms total 6.830s
06-20 10:43:51.054 16157 16157 W libbinder.BackendUnifiedServiceManager: Thread Pool max thread count is 0. Cannot cache binder as linkToDeath cannot be implemented. serviceName: android.frameworks.location.altitude.IAltitudeService/default
06-20 10:43:51.061 16157 16157 W libbinder.BackendUnifiedServiceManager: Thread Pool max thread count is 0. Cannot cache binder as linkToDeath cannot be implemented. serviceName: android.frameworks.sensorservice.ISensorManager/default
06-20 10:43:51.287 14905 15297 I Bugle   : SmartSuggestionRequester: Loading Smart Reply JNIs. [CONTEXT x_message_id=-1384530601954057963 work_id="f4a6dd29-e9a5-4da5-b194-47775ddebc09" pipeline_type="SmsReceivePipeline" ]
06-20 10:43:51.289   803  1391 W FastPrintWriter: Write failure
06-20 10:43:51.289   803  1391 W FastPrintWriter: java.io.IOException: write failed: EPIPE (Broken pipe)
06-20 10:43:51.289   803  1391 W FastPrintWriter: 	at libcore.io.IoBridge.write(IoBridge.java:651)
06-20 10:43:51.289   803  1391 W FastPrintWriter: 	at java.io.FileOutputStream.write(FileOutputStream.java:436)
06-20 10:43:51.289   803  1391 W FastPrintWriter: 	at com.android.internal.util.FastPrintWriter.flushBytesLocked(FastPrintWriter.java:355)
06-20 10:43:51.289   803  1391 W FastPrintWriter: 	at com.android.internal.util.FastPrintWriter.flushLocked(FastPrintWriter.java:378)
06-20 10:43:51.289   803  1391 W FastPrintWriter: 	at com.android.internal.util.FastPrintWriter.appendLocked(FastPrintWriter.java:323)
06-20 10:43:51.289   803  1391 W FastPrintWriter: 	at com.android.internal.util.FastPrintWriter.print(FastPrintWriter.java:500)
06-20 10:43:51.289   803  1391 W FastPrintWriter: 	at java.io.PrintWriter.println(PrintWriter.java:839)
06-20 10:43:51.289   803  1391 W FastPrintWriter: 	at com.android.server.am.IntentBindRecord.dumpInService(IntentBindRecord.java:62)
06-20 10:43:51.289   803  1391 W FastPrintWriter: 	at com.android.server.am.ServiceRecord.dump(ServiceRecord.java:1087)
06-20 10:43:51.289   803  1391 W FastPrintWriter: 	at com.android.server.am.ActiveServices$ServiceDumper.dumpServiceLocalLocked(ActiveServices.java:8212)
06-20 10:43:51.289   803  1391 W FastPrintWriter: 	at com.android.server.am.ActiveServices$ServiceDumper.dumpLocked(ActiveServices.java:8136)
06-20 10:43:51.289   803  1391 W FastPrintWriter: 	at com.android.server.am.ActivityManagerService.doDump(ActivityManagerService.java:11017)
06-20 10:43:51.289   803  1391 W FastPrintWriter: 	at com.android.server.am.ActivityManagerService.-$$Nest$mdoDump(ActivityManagerService.java:0)
06-20 10:43:51.289   803  1391 W FastPrintWriter: 	at com.android.server.am.ActivityManagerService$1.dump(ActivityManagerService.java:804)
06-20 10:43:51.289   803  1391 W FastPrintWriter: 	at com.android.server.utils.PriorityDump.dump(PriorityDump.java:182)
06-20 10:43:51.289   803  1391 W FastPrintWriter: 	at com.android.server.am.ActivityManagerService.dump(ActivityManagerService.java:10472)
06-20 10:43:51.289   803  1391 W FastPrintWriter: 	at android.os.Binder.doDump(Binder.java:1104)
06-20 10:43:51.289   803  1391 W FastPrintWriter: 	at android.os.Binder.dump(Binder.java:1094)
06-20 10:43:51.289   803  1391 W FastPrintWriter: 	at android.os.Binder.onTransact(Binder.java:940)
06-20 10:43:51.289   803  1391 W FastPrintWriter: 	at android.app.IActivityManager$Stub.onTransact(IActivityManager.java:5853)
06-20 10:43:51.289   803  1391 W FastPrintWriter: 	at com.android.server.am.ActivityManagerService.onTransact(ActivityManagerService.java:2768)
06-20 10:43:51.289   803  1391 W FastPrintWriter: 	at android.os.Binder.execTransactInternal(Binder.java:1478)
06-20 10:43:51.289   803  1391 W FastPrintWriter: 	at android.os.Binder.execTransact(Binder.java:1418)
06-20 10:43:51.289   803  1391 W FastPrintWriter: Caused by: android.system.ErrnoException: write failed: EPIPE (Broken pipe)
06-20 10:43:51.289   803  1391 W FastPrintWriter: 	at libcore.io.Linux.writeBytes(Native Method)
06-20 10:43:51.289   803  1391 W FastPrintWriter: 	at libcore.io.Linux.write(Linux.java:338)
06-20 10:43:51.289   803  1391 W FastPrintWriter: 	at libcore.io.ForwardingOs.write(ForwardingOs.java:954)
06-20 10:43:51.289   803  1391 W FastPrintWriter: 	at libcore.io.BlockGuardOs.write(BlockGuardOs.java:448)
06-20 10:43:51.289   803  1391 W FastPrintWriter: 	at libcore.io.IoBridge.write(IoBridge.java:646)
06-20 10:43:51.289   803  1391 W FastPrintWriter: 	... 22 more
06-20 10:43:51.301   803  1391 W libbinder.Binder: Binder transaction to android.app.IActivityManager code 1598311760 took 3011ms. Data bytes: 52 Reply bytes: 4 Flags: 16
06-20 10:43:51.305 16157 16157 W libbinder.BackendUnifiedServiceManager: Thread Pool max thread count is 0. Cannot cache binder as linkToDeath cannot be implemented. serviceName: android.frameworks.stats.IStats/default
06-20 10:43:51.327 16157 16157 W libbinder.BackendUnifiedServiceManager: Thread Pool max thread count is 0. Cannot cache binder as linkToDeath cannot be implemented. serviceName: android.frameworks.vibrator.IVibratorControlService/default
06-20 10:43:51.335 13643 13904 I HWUI    : Davey! duration=2986ms; Flags=0, FrameTimelineVsyncId=241024, IntendedVsync=2356225332617, Vsync=2358775332515, InputEventId=0, HandleInputStart=2358791568353, AnimationStart=2358791910553, PerformTraversalsStart=2358971573853, DrawStart=2359161555253, FrameDeadline=2356241999283, FrameStartTime=2358786009853, FrameInterval=16666666, WorkloadTarget=16666666, SyncQueued=2359186349653, SyncStart=2359190420853, IssueDrawCommandsStart=2359194203353, SwapBuffers=2359198729753, FrameCompleted=2359215611653, DequeueBufferDuration=327400, QueueBufferDuration=1091600, GpuCompleted=2359211993853, SwapBuffersCompleted=2359215611653, DisplayPresentTime=0, CommandSubmissionCompleted=2359198729753, 
06-20 10:43:51.336 15957 15957 W m.xxmauro.sayup: Verification of void okhttp3.OkHttpClient$Builder.setDispatcher$okhttp(okhttp3.Dispatcher) took 252.079ms (31.74 bytecodes/s) (0B arena alloc)
06-20 10:43:51.341 16157 16157 W libbinder.BackendUnifiedServiceManager: Thread Pool max thread count is 0. Cannot cache binder as linkToDeath cannot be implemented. serviceName: android.hardware.authsecret.IAuthSecret/default
06-20 10:43:51.345   803  1013 D BackgroundInstallControlService: Package event received: 0
06-20 10:43:51.348 16157 16157 E libbinder.IPCThreadState: Binder transaction failure. id: 2314911, cmd: BR_FAILED_REPLY (29201), error: -1 (Operation not permitted)
06-20 10:43:51.384 15957 15970 I m.xxmauro.sayup: Thread[2,tid=15970,WaitingInMainSignalCatcherLoop,Thread*=0x73123340abe0,peer=0x2001060,"Signal Catcher"]: reacting to signal 3
06-20 10:43:51.388 15957 15970 I m.xxmauro.sayup: 
06-20 10:43:51.396 16157 16157 E libbinder.IPCThreadState: Binder transaction failure. id: 2314922, cmd: BR_FAILED_REPLY (29201), error: -1 (Operation not permitted)
06-20 10:43:51.399 16157 16157 W libbinder.BackendUnifiedServiceManager: Thread Pool max thread count is 0. Cannot cache binder as linkToDeath cannot be implemented. serviceName: android.hardware.bluetooth.IBluetoothHci/default
06-20 10:43:51.400   803  1388 W libbinder.Binder: Binder transaction to android.app.IActivityManager code 26 took 2936ms. Data bytes: 1284 Reply bytes: 8 Flags: 18
06-20 10:43:51.405 16157 16157 E libbinder.IPCThreadState: Binder transaction failure. id: 2314927, cmd: BR_FAILED_REPLY (29201), error: -1 (Operation not permitted)
06-20 10:43:51.413 16157 16157 W libbinder.BackendUnifiedServiceManager: Thread Pool max thread count is 0. Cannot cache binder as linkToDeath cannot be implemented. serviceName: android.hardware.bluetooth.audio.IBluetoothAudioProviderFactory/default
06-20 10:43:51.413 16157 16157 E libbinder.IPCThreadState: Binder transaction failure. id: 2314932, cmd: BR_FAILED_REPLY (29201), error: -1 (Operation not permitted)
06-20 10:43:51.416 16157 16157 W libbinder.BackendUnifiedServiceManager: Thread Pool max thread count is 0. Cannot cache binder as linkToDeath cannot be implemented. serviceName: android.hardware.bluetooth.offload.leaudio.IHciProxy/default
06-20 10:43:51.429   713  1061 W libbinder.Binder: Binder transaction to android.media.IMediaPlayer code 3 took 4940ms. Data bytes: 112 Reply bytes: 4 Flags: 16
06-20 10:43:51.346 16157 16157 W service : type=1400 audit(0.0:72445): avc:  denied  { call } for  scontext=u:r:shell:s0 tcontext=u:r:hal_authsecret_default:s0 tclass=binder permissive=0
06-20 10:43:51.394 16157 16157 W service : type=1400 audit(0.0:72446): avc:  denied  { call } for  scontext=u:r:shell:s0 tcontext=u:r:hal_fingerprint_default:s0 tclass=binder permissive=0
06-20 10:43:51.398 16157 16157 W service : type=1400 audit(0.0:72447): avc:  denied  { call } for  scontext=u:r:shell:s0 tcontext=u:r:hal_bluetooth_default:s0 tclass=binder permissive=0
06-20 10:43:51.476 15957 15957 W m.xxmauro.sayup: Verification of okhttp3.OkHttpClient$Builder okhttp3.OkHttpClient$Builder.sslSocketFactory(javax.net.ssl.SSLSocketFactory) took 105.837ms (1096.02 bytecodes/s) (0B arena alloc)
06-20 10:43:51.521   803  2107 W FastPrintWriter: Write failure
06-20 10:43:51.521   803  2107 W FastPrintWriter: java.io.IOException: write failed: EPIPE (Broken pipe)
06-20 10:43:51.521   803  2107 W FastPrintWriter: 	at libcore.io.IoBridge.write(IoBridge.java:651)
06-20 10:43:51.521   803  2107 W FastPrintWriter: 	at java.io.FileOutputStream.write(FileOutputStream.java:436)
06-20 10:43:51.521   803  2107 W FastPrintWriter: 	at com.android.internal.util.FastPrintWriter.flushBytesLocked(FastPrintWriter.java:355)
06-20 10:43:51.521   803  2107 W FastPrintWriter: 	at com.android.internal.util.FastPrintWriter.flushLocked(FastPrintWriter.java:378)
06-20 10:43:51.521   803  2107 W FastPrintWriter: 	at com.android.internal.util.FastPrintWriter.appendLocked(FastPrintWriter.java:323)
06-20 10:43:51.521   803  2107 W FastPrintWriter: 	at com.android.internal.util.FastPrintWriter.print(FastPrintWriter.java:500)
06-20 10:43:51.521   803  2107 W FastPrintWriter: 	at java.io.PrintWriter.println(PrintWriter.java:822)
06-20 10:43:51.521   803  2107 W FastPrintWriter: 	at com.android.server.am.ServiceRecord.dump(ServiceRecord.java:979)
06-20 10:43:51.521   803  2107 W FastPrintWriter: 	at com.android.server.am.ActiveServices$ServiceDumper.dumpServiceLocalLocked(ActiveServices.java:8212)
06-20 10:43:51.521   803  2107 W FastPrintWriter: 	at com.android.server.am.ActiveServices$ServiceDumper.dumpLocked(ActiveServices.java:8136)
06-20 10:43:51.521   803  2107 W FastPrintWriter: 	at com.android.server.am.ActivityManagerService.doDump(ActivityManagerService.java:11017)
06-20 10:43:51.521   803  2107 W FastPrintWriter: 	at com.android.server.am.ActivityManagerService.-$$Nest$mdoDump(ActivityManagerService.java:0)
06-20 10:43:51.521   803  2107 W FastPrintWriter: 	at com.android.server.am.ActivityManagerService$1.dump(ActivityManagerService.java:804)
06-20 10:43:51.521   803  2107 W FastPrintWriter: 	at com.android.server.utils.PriorityDump.dump(PriorityDump.java:182)
06-20 10:43:51.521   803  2107 W FastPrintWriter: 	at com.android.server.am.ActivityManagerService.dump(ActivityManagerService.java:10472)
06-20 10:43:51.521   803  2107 W FastPrintWriter: 	at android.os.Binder.doDump(Binder.java:1104)
06-20 10:43:51.521   803  2107 W FastPrintWriter: 	at android.os.Binder.dump(Binder.java:1094)
06-20 10:43:51.521   803  2107 W FastPrintWriter: 	at android.os.Binder.onTransact(Binder.java:940)
06-20 10:43:51.521   803  2107 W FastPrintWriter: 	at android.app.IActivityManager$Stub.onTransact(IActivityManager.java:5853)
06-20 10:43:51.521   803  2107 W FastPrintWriter: 	at com.android.server.am.ActivityManagerService.onTransact(ActivityManagerService.java:2768)
06-20 10:43:51.521   803  2107 W FastPrintWriter: 	at android.os.Binder.execTransactInternal(Binder.java:1478)
06-20 10:43:51.521   803  2107 W FastPrintWriter: 	at android.os.Binder.execTransact(Binder.java:1418)
06-20 10:43:51.521   803  2107 W FastPrintWriter: Caused by: android.system.ErrnoException: write failed: EPIPE (Broken pipe)
06-20 10:43:51.521   803  2107 W FastPrintWriter: 	at libcore.io.Linux.writeBytes(Native Method)
06-20 10:43:51.521   803  2107 W FastPrintWriter: 	at libcore.io.Linux.write(Linux.java:338)
06-20 10:43:51.521   803  2107 W FastPrintWriter: 	at libcore.io.ForwardingOs.write(ForwardingOs.java:954)
06-20 10:43:51.521   803  2107 W FastPrintWriter: 	at libcore.io.BlockGuardOs.write(BlockGuardOs.java:448)
06-20 10:43:51.521   803  2107 W FastPrintWriter: 	at libcore.io.IoBridge.write(IoBridge.java:646)
06-20 10:43:51.521   803  2107 W FastPrintWriter: 	... 21 more
06-20 10:43:51.556  1219  1345 D SatelliteController: iisInCarrierRoamingNbIotNtn: satellite is disabled
06-20 10:43:51.410 16157 16157 W service : type=1400 audit(0.0:72448): avc:  denied  { call } for  scontext=u:r:shell:s0 tcontext=u:r:hal_audio_default:s0 tclass=binder permissive=0
06-20 10:43:51.564 16157 16157 E libbinder.IPCThreadState: Binder transaction failure. id: 2314936, cmd: BR_FAILED_REPLY (29201), error: -1 (Operation not permitted)
06-20 10:43:51.568 16165 16165 W libbinder.BackendUnifiedServiceManager: Thread Pool max thread count is 0. Cannot cache binder as linkToDeath cannot be implemented. serviceName: DockObserver
06-20 10:43:51.568 16157 16157 W libbinder.BackendUnifiedServiceManager: Thread Pool max thread count is 0. Cannot cache binder as linkToDeath cannot be implemented. serviceName: android.hardware.camera.provider.ICameraProvider/internal/0
06-20 10:43:51.569 16157 16157 E libbinder.IPCThreadState: Binder transaction failure. id: 2314986, cmd: BR_FAILED_REPLY (29201), error: -1 (Operation not permitted)
06-20 10:43:51.576  1219  1345 D SatelliteController: getCarrierRoamingNtnConnectType: Falling back to global carrier config connect type: 0
06-20 10:43:51.577 16157 16157 W libbinder.BackendUnifiedServiceManager: Thread Pool max thread count is 0. Cannot cache binder as linkToDeath cannot be implemented. serviceName: android.hardware.camera.provider.ICameraProvider/internal/1
06-20 10:43:51.578 16157 16157 E libbinder.IPCThreadState: Binder transaction failure. id: 2314993, cmd: BR_FAILED_REPLY (29201), error: -1 (Operation not permitted)
06-20 10:43:51.583 16165 16165 E libbinder.Parcel: Reading a NULL string not supported here.
06-20 10:43:51.588 16165 16165 W libbinder.BackendUnifiedServiceManager: Thread Pool max thread count is 0. Cannot cache binder as linkToDeath cannot be implemented. serviceName: SurfaceFlinger
06-20 10:43:51.593 16157 16157 W libbinder.BackendUnifiedServiceManager: Thread Pool max thread count is 0. Cannot cache binder as linkToDeath cannot be implemented. serviceName: android.hardware.cas.IMediaCasService/default
06-20 10:43:51.599 16165 16165 W libbinder.BackendUnifiedServiceManager: Thread Pool max thread count is 0. Cannot cache binder as linkToDeath cannot be implemented. serviceName: SurfaceFlingerAIDL
06-20 10:43:51.605 16157 16157 W libbinder.BackendUnifiedServiceManager: Thread Pool max thread count is 0. Cannot cache binder as linkToDeath cannot be implemented. serviceName: android.hardware.contexthub.IContextHub/default
06-20 10:43:51.605 16165 16165 W libbinder.BackendUnifiedServiceManager: Thread Pool max thread count is 0. Cannot cache binder as linkToDeath cannot be implemented. serviceName: accessibility
06-20 10:43:51.606 16157 16157 E libbinder.IPCThreadState: Binder transaction failure. id: 2315020, cmd: BR_FAILED_REPLY (29201), error: -1 (Operation not permitted)
06-20 10:43:51.616 16157 16157 W libbinder.BackendUnifiedServiceManager: Thread Pool max thread count is 0. Cannot cache binder as linkToDeath cannot be implemented. serviceName: android.hardware.drm.IDrmFactory/widevine
06-20 10:43:51.627 16157 16157 E libbinder.IPCThreadState: Binder transaction failure. id: 2315030, cmd: BR_FAILED_REPLY (29201), error: -1 (Operation not permitted)
06-20 10:43:51.632 14905 15003 I Bugle   : RequestLinkPreviewAction: No link extracted from message with: message{id:4}
06-20 10:43:51.640   803  2107 W libbinder.Binder: Binder transaction to android.app.IActivityManager code 1598311760 took 3135ms. Data bytes: 52 Reply bytes: 4 Flags: 16
06-20 10:43:51.645 16165 16165 W libbinder.BackendUnifiedServiceManager: Thread Pool max thread count is 0. Cannot cache binder as linkToDeath cannot be implemented. serviceName: account
06-20 10:43:51.653 16157 16157 W libbinder.BackendUnifiedServiceManager: Thread Pool max thread count is 0. Cannot cache binder as linkToDeath cannot be implemented. serviceName: android.hardware.gatekeeper.IGatekeeper/default
06-20 10:43:51.660 16169 16169 W libbinder.BackendUnifiedServiceManager: Thread Pool max thread count is 0. Cannot cache binder as linkToDeath cannot be implemented. serviceName: DockObserver
06-20 10:43:51.664 16157 16157 E libbinder.IPCThreadState: Binder transaction failure. id: 2315056, cmd: BR_FAILED_REPLY (29201), error: -1 (Operation not permitted)
06-20 10:43:51.664   803  2112 W libbinder.Binder: Binder transaction to android.app.IActivityManager code 47 took 3035ms. Data bytes: 160 Reply bytes: 4 Flags: 18
06-20 10:43:51.664 16169 16169 E libbinder.Parcel: Reading a NULL string not supported here.
06-20 10:43:51.667 16169 16169 W libbinder.BackendUnifiedServiceManager: Thread Pool max thread count is 0. Cannot cache binder as linkToDeath cannot be implemented. serviceName: SurfaceFlinger
06-20 10:43:51.690   803   803 W Looper  : Slow delivery took 380ms main app=system_server main=true group=FOREGROUND h=com.android.server.notification.NotificationManagerService$WorkerHandler c=com.android.server.notification.NotificationManagerService$$ExternalSyntheticLambda7@51166a7 m=0
06-20 10:43:51.695 16157 16157 E libbinder.IPCThreadState: Binder transaction failure. id: 2315064, cmd: BR_FAILED_REPLY (29201), error: -1 (Operation not permitted)
06-20 10:43:51.700   803   803 W Looper  : Slow dispatch took 2556ms main app=system_server main=true group=FOREGROUND h=com.android.server.notification.NotificationManagerService$WorkerHandler c=com.android.server.notification.NotificationManagerService$$ExternalSyntheticLambda7@51166a7 m=0
06-20 10:43:51.705 16169 16169 W libbinder.BackendUnifiedServiceManager: Thread Pool max thread count is 0. Cannot cache binder as linkToDeath cannot be implemented. serviceName: SurfaceFlingerAIDL
06-20 10:43:51.707 16165 16165 W libbinder.BackendUnifiedServiceManager: Thread Pool max thread count is 0. Cannot cache binder as linkToDeath cannot be implemented. serviceName: activity
06-20 10:43:51.713 14905 15163 I BuglePipeline: Successfully queued pipeline work item [CONTEXT x_message_id=6824989719534156216 work_id="07770dc5-befd-469a-b9a7-4685501d9d09" pipeline_type="SmsReceivePipeline" ]
06-20 10:43:51.716 14905 15016 I BugleNotifications: Style info set on notification builder [CONTEXT conversation_id="1" ]
06-20 10:43:51.721 16157 16157 W libbinder.BackendUnifiedServiceManager: Thread Pool max thread count is 0. Cannot cache binder as linkToDeath cannot be implemented. serviceName: android.hardware.graphics.allocator.IAllocator/default
06-20 10:43:51.728 16157 16157 W libbinder.BackendUnifiedServiceManager: Thread Pool max thread count is 0. Cannot cache binder as linkToDeath cannot be implemented. serviceName: android.hardware.graphics.composer3.IComposer/default
06-20 10:43:51.729 16157 16157 E libbinder.IPCThreadState: Binder transaction failure. id: 2315101, cmd: BR_FAILED_REPLY (29201), error: -1 (Operation not permitted)
06-20 10:43:51.730 16157 16157 W libbinder.BackendUnifiedServiceManager: Thread Pool max thread count is 0. Cannot cache binder as linkToDeath cannot be implemented. serviceName: android.hardware.health.IHealth/default
06-20 10:43:51.733 14905 14981 I BugleDataModel: ReceiveSmsMessageHelper: Received SMS message. message{id:6}, conversation{id:2}, uri: null [CONTEXT x_message_id=-155969971918349433 work_id="7fccd4a3-9fb4-47c2-b389-281f952fa3d6" pipeline_type="SmsReceivePipeline" ]
06-20 10:43:51.735 16157 16157 E libbinder.IPCThreadState: Binder transaction failure. id: 2315105, cmd: BR_FAILED_REPLY (29201), error: -1 (Operation not permitted)
06-20 10:43:51.737 16157 16157 W libbinder.BackendUnifiedServiceManager: Thread Pool max thread count is 0. Cannot cache binder as linkToDeath cannot be implemented. serviceName: android.hardware.identity.IIdentityCredentialStore/default
06-20 10:43:51.741   713  1061 D AudioSystem: onNewService: media.audio_policy service obtained 0x78052f40a1a0
06-20 10:43:51.747 16165 16165 W libbinder.BackendUnifiedServiceManager: Thread Pool max thread count is 0. Cannot cache binder as linkToDeath cannot be implemented. serviceName: activity_task
06-20 10:43:51.748 14905 15163 I Bugle   : SmsDeliverProcessor: SMS received successfully
06-20 10:43:51.749 14905 15163 I ParentalControlsClient: Ignoring call to register listener
06-20 10:43:51.752 16157 16157 E libbinder.IPCThreadState: Binder transaction failure. id: 2315120, cmd: BR_FAILED_REPLY (29201), error: -1 (Operation not permitted)
06-20 10:43:51.755 16169 16169 W libbinder.BackendUnifiedServiceManager: Thread Pool max thread count is 0. Cannot cache binder as linkToDeath cannot be implemented. serviceName: accessibility
06-20 10:43:51.795 16165 16165 W libbinder.BackendUnifiedServiceManager: Thread Pool max thread count is 0. Cannot cache binder as linkToDeath cannot be implemented. serviceName: adb
06-20 10:43:51.796 14905 15016 I Bugle   : BroadcastReceiverAsyncWorkTracker: Ending foreground service on async work complete for broadcast of com.google.android.apps.messaging.shared.receiver.SmsDeliverReceiver@c00a400
06-20 10:43:51.808 15957 15957 W m.xxmauro.sayup: Verification of void okhttp3.ConnectionPool.<init>(int, long, java.util.concurrent.TimeUnit) took 108.074ms (222.07 bytecodes/s) (0B arena alloc)
06-20 10:43:51.818   713  1061 D AudioSystem: getService: IAudioPolicyService retrieved: 0x78052f40a1a0  cached: 0x78052f40a1a0
06-20 10:43:51.666 16157 16157 W service : type=1400 audit(0.0:72455): avc:  denied  { call } for  scontext=u:r:shell:s0 tcontext=u:r:hal_gnss_default:s0 tclass=binder permissive=0
06-20 10:43:51.836  6527  6527 D BoundBrokerSvc: onUnbind: Intent { act=com.google.android.gms.constellation.service.START xflg=0x4 pkg=com.google.android.gms }
06-20 10:43:51.892 16169 16169 W libbinder.BackendUnifiedServiceManager: Thread Pool max thread count is 0. Cannot cache binder as linkToDeath cannot be implemented. serviceName: account
06-20 10:43:51.893 16157 16157 W libbinder.BackendUnifiedServiceManager: Thread Pool max thread count is 0. Cannot cache binder as linkToDeath cannot be implemented. serviceName: android.hardware.light.ILights/default
06-20 10:43:51.893 16157 16157 E libbinder.IPCThreadState: Binder transaction failure. id: 2315174, cmd: BR_FAILED_REPLY (29201), error: -1 (Operation not permitted)
06-20 10:43:51.895 16165 16165 W libbinder.BackendUnifiedServiceManager: Thread Pool max thread count is 0. Cannot cache binder as linkToDeath cannot be implemented. serviceName: adservices_manager
06-20 10:43:51.924 16165 16165 W libbinder.BackendUnifiedServiceManager: Thread Pool max thread count is 0. Cannot cache binder as linkToDeath cannot be implemented. serviceName: advanced_protection
06-20 10:43:51.927 16169 16169 W libbinder.BackendUnifiedServiceManager: Thread Pool max thread count is 0. Cannot cache binder as linkToDeath cannot be implemented. serviceName: activity
06-20 10:43:51.932 16157 16157 W libbinder.BackendUnifiedServiceManager: Thread Pool max thread count is 0. Cannot cache binder as linkToDeath cannot be implemented. serviceName: android.hardware.media.c2.IComponentStore/software
06-20 10:43:51.933 16165 16165 W libbinder.BackendUnifiedServiceManager: Thread Pool max thread count is 0. Cannot cache binder as linkToDeath cannot be implemented. serviceName: alarm
06-20 10:43:51.726 16157 16157 W service : type=1400 audit(0.0:72456): avc:  denied  { call } for  scontext=u:r:shell:s0 tcontext=u:r:hal_graphics_composer_default:s0 tclass=binder permissive=0
06-20 10:43:51.974 16169 16169 W libbinder.BackendUnifiedServiceManager: Thread Pool max thread count is 0. Cannot cache binder as linkToDeath cannot be implemented. serviceName: activity_task
06-20 10:43:51.976 16165 16165 W libbinder.BackendUnifiedServiceManager: Thread Pool max thread count is 0. Cannot cache binder as linkToDeath cannot be implemented. serviceName: ambient_context
06-20 10:43:51.980 16157 16157 W libbinder.BackendUnifiedServiceManager: Thread Pool max thread count is 0. Cannot cache binder as linkToDeath cannot be implemented. serviceName: android.hardware.neuralnetworks.IDevice/nnapi-sample_all
06-20 10:43:51.989 16169 16169 W libbinder.BackendUnifiedServiceManager: Thread Pool max thread count is 0. Cannot cache binder as linkToDeath cannot be implemented. serviceName: adb
06-20 10:43:51.998 16165 16165 W libbinder.BackendUnifiedServiceManager: Thread Pool max thread count is 0. Cannot cache binder as linkToDeath cannot be implemented. serviceName: android.frameworks.cameraservice.service.ICameraService/default
06-20 10:43:51.998 16157 16157 W libbinder.BackendUnifiedServiceManager: Thread Pool max thread count is 0. Cannot cache binder as linkToDeath cannot be implemented. serviceName: android.hardware.neuralnetworks.IDevice/nnapi-sample_quant
06-20 10:43:52.001 16169 16169 W libbinder.BackendUnifiedServiceManager: Thread Pool max thread count is 0. Cannot cache binder as linkToDeath cannot be implemented. serviceName: adservices_manager
06-20 10:43:51.730 16157 16157 W service : type=1400 audit(0.0:72457): avc:  denied  { call } for  scontext=u:r:shell:s0 tcontext=u:r:hal_health_default:s0 tclass=binder permissive=0
06-20 10:43:52.015 16165 16165 W libbinder.BackendUnifiedServiceManager: Thread Pool max thread count is 0. Cannot cache binder as linkToDeath cannot be implemented. serviceName: android.frameworks.devicestate.IDeviceStateService/default
06-20 10:43:52.023 16169 16169 W libbinder.BackendUnifiedServiceManager: Thread Pool max thread count is 0. Cannot cache binder as linkToDeath cannot be implemented. serviceName: advanced_protection
06-20 10:43:52.037 16157 16157 W libbinder.BackendUnifiedServiceManager: Thread Pool max thread count is 0. Cannot cache binder as linkToDeath cannot be implemented. serviceName: android.hardware.neuralnetworks.IDevice/nnapi-sample_sl_shim
06-20 10:43:52.044 16165 16165 W libbinder.BackendUnifiedServiceManager: Thread Pool max thread count is 0. Cannot cache binder as linkToDeath cannot be implemented. serviceName: android.frameworks.location.altitude.IAltitudeService/default
06-20 10:43:52.045 16157 16157 W libbinder.BackendUnifiedServiceManager: Thread Pool max thread count is 0. Cannot cache binder as linkToDeath cannot be implemented. serviceName: android.hardware.power.IPower/default
06-20 10:43:52.052 16165 16165 W libbinder.BackendUnifiedServiceManager: Thread Pool max thread count is 0. Cannot cache binder as linkToDeath cannot be implemented. serviceName: android.frameworks.sensorservice.ISensorManager/default
06-20 10:43:51.750 16157 16157 W service : type=1400 audit(0.0:72458): avc:  denied  { call } for  scontext=u:r:shell:s0 tcontext=u:r:hal_identity_default:s0 tclass=binder permissive=0
06-20 10:43:51.890 16157 16157 W service : type=1400 audit(0.0:72459): avc:  denied  { call } for  scontext=u:r:shell:s0 tcontext=u:r:hal_light_default:s0 tclass=binder permissive=0
06-20 10:43:52.078   713 16171 D GenericSource: FileSource remote
06-20 10:43:52.081 16165 16165 W libbinder.BackendUnifiedServiceManager: Thread Pool max thread count is 0. Cannot cache binder as linkToDeath cannot be implemented. serviceName: android.frameworks.stats.IStats/default
06-20 10:43:52.087 16165 16165 W libbinder.BackendUnifiedServiceManager: Thread Pool max thread count is 0. Cannot cache binder as linkToDeath cannot be implemented. serviceName: android.frameworks.vibrator.IVibratorControlService/default
06-20 10:43:52.096 16169 16169 W libbinder.BackendUnifiedServiceManager: Thread Pool max thread count is 0. Cannot cache binder as linkToDeath cannot be implemented. serviceName: alarm
06-20 10:43:52.107 16169 16169 W libbinder.BackendUnifiedServiceManager: Thread Pool max thread count is 0. Cannot cache binder as linkToDeath cannot be implemented. serviceName: ambient_context
06-20 10:43:52.112 16169 16169 W libbinder.BackendUnifiedServiceManager: Thread Pool max thread count is 0. Cannot cache binder as linkToDeath cannot be implemented. serviceName: android.frameworks.cameraservice.service.ICameraService/default
06-20 10:43:52.136 14905 15173 I BugleNotifications: Actions and callbacks set on notification builder
06-20 10:43:52.139 16157 16157 E libbinder.IPCThreadState: Binder transaction failure. id: 2315282, cmd: BR_FAILED_REPLY (29201), error: -1 (Operation not permitted)
06-20 10:43:52.145 14905 15173 I BugleNotifications: Converted builderInfo to notification builder [CONTEXT notification_type="2" notification_tag="com.google.android.apps.messaging:incoming_message:1" is_silent=false is_only_alert_once=false ]
06-20 10:43:52.147 16157 16157 W libbinder.BackendUnifiedServiceManager: Thread Pool max thread count is 0. Cannot cache binder as linkToDeath cannot be implemented. serviceName: android.hardware.power.stats.IPowerStats/default
06-20 10:43:52.149 16169 16169 W libbinder.BackendUnifiedServiceManager: Thread Pool max thread count is 0. Cannot cache binder as linkToDeath cannot be implemented. serviceName: android.frameworks.devicestate.IDeviceStateService/default
06-20 10:43:52.162 16165 16165 W libbinder.BackendUnifiedServiceManager: Thread Pool max thread count is 0. Cannot cache binder as linkToDeath cannot be implemented. serviceName: android.hardware.authsecret.IAuthSecret/default
06-20 10:43:52.177   803  1970 W libbinder.Binder: Binder transaction to android.app.IActivityManager code 43 took 1742ms. Data bytes: 604 Reply bytes: 8 Flags: 18
06-20 10:43:52.178 16157 16157 E libbinder.IPCThreadState: Binder transaction failure. id: 2315346, cmd: BR_FAILED_REPLY (29201), error: -1 (Operation not permitted)
06-20 10:43:52.184 16157 16157 W libbinder.BackendUnifiedServiceManager: Thread Pool max thread count is 0. Cannot cache binder as linkToDeath cannot be implemented. serviceName: android.hardware.radio.config.IRadioConfig/default
06-20 10:43:52.185 16157 16157 E libbinder.IPCThreadState: Binder transaction failure. id: 2315365, cmd: BR_FAILED_REPLY (29201), error: -1 (Operation not permitted)
06-20 10:43:52.193 16157 16157 W libbinder.BackendUnifiedServiceManager: Thread Pool max thread count is 0. Cannot cache binder as linkToDeath cannot be implemented. serviceName: android.hardware.radio.data.IRadioData/slot1
06-20 10:43:52.195   803  1776 W libbinder.Binder: Binder transaction to android.app.IActivityManager code 46 took 1521ms. Data bytes: 104 Reply bytes: 8 Flags: 18
06-20 10:43:52.198   803 16161 W ProcessCpuTracker: Failed to stat(/proc/16140): android.system.ErrnoException: stat failed: ENOENT (No such file or directory)
06-20 10:43:52.198   803 16161 W ProcessCpuTracker: Skipping unknown process pid 16140
06-20 10:43:52.198   803 16161 W ProcessCpuTracker: Failed to stat(/proc/16144): android.system.ErrnoException: stat failed: ENOENT (No such file or directory)
06-20 10:43:52.199   803 16161 W ProcessCpuTracker: Skipping unknown process pid 16144
06-20 10:43:52.203 16169 16169 W libbinder.BackendUnifiedServiceManager: Thread Pool max thread count is 0. Cannot cache binder as linkToDeath cannot be implemented. serviceName: android.frameworks.location.altitude.IAltitudeService/default
06-20 10:43:52.213   803  2021 W libbinder.Binder: Binder transaction to android.app.IActivityManager code 1598311760 took 2065ms. Data bytes: 52 Reply bytes: 4 Flags: 16
06-20 10:43:52.255 14905 15275 I WM-WorkerWrapper: Worker result SUCCESS for Work [ id=346bb468-5b8d-41a9-94a3-60cb674ca022, tags={ com.google.android.apps.messaging.shared.datamodel.workqueue.WorkQueueWorkerShim,conversation_thread_id_updater_worker- } ]
06-20 10:43:52.275 14905 14905 D WM-Processor: qcu 346bb468-5b8d-41a9-94a3-60cb674ca022 executed; reschedule = false
06-20 10:43:52.276 14905 14905 D WM-SystemJobService: 346bb468-5b8d-41a9-94a3-60cb674ca022 executed on JobScheduler
06-20 10:43:52.279 16157 16157 E libbinder.IPCThreadState: Binder transaction failure. id: 2315370, cmd: BR_FAILED_REPLY (29201), error: -1 (Operation not permitted)
06-20 10:43:52.282 15957 15957 W m.xxmauro.sayup: Verification of int okhttp3.internal.connection.RealConnectionPool.pruneAndGetAllocationCount(okhttp3.internal.connection.RealConnection, long) took 288.951ms (647.17 bytecodes/s) (0B arena alloc)
06-20 10:43:52.287 16157 16157 W libbinder.BackendUnifiedServiceManager: Thread Pool max thread count is 0. Cannot cache binder as linkToDeath cannot be implemented. serviceName: android.hardware.radio.ims.IRadioIms/slot1
06-20 10:43:52.288 16157 16157 E libbinder.IPCThreadState: Binder transaction failure. id: 2315392, cmd: BR_FAILED_REPLY (29201), error: -1 (Operation not permitted)
06-20 10:43:52.291 16157 16157 W libbinder.BackendUnifiedServiceManager: Thread Pool max thread count is 0. Cannot cache binder as linkToDeath cannot be implemented. serviceName: android.hardware.radio.ims.media.IImsMedia/default
06-20 10:43:52.291 14905 15173 W Notification: Bubbles work best with icons of TYPE_URI or TYPE_URI_ADAPTIVE_BITMAP. In the future, using an icon of this type will be required.
06-20 10:43:52.292 16157 16157 E libbinder.IPCThreadState: Binder transaction failure. id: 2315398, cmd: BR_FAILED_REPLY (29201), error: -1 (Operation not permitted)
06-20 10:43:52.293 16165 16165 E libbinder.IPCThreadState: Binder transaction failure. id: 2315357, cmd: BR_FAILED_REPLY (29201), error: -1 (Operation not permitted)
06-20 10:43:52.304 16157 16157 W libbinder.BackendUnifiedServiceManager: Thread Pool max thread count is 0. Cannot cache binder as linkToDeath cannot be implemented. serviceName: android.hardware.radio.messaging.IRadioMessaging/slot1
06-20 10:43:52.304 16157 16157 E libbinder.IPCThreadState: Binder transaction failure. id: 2315404, cmd: BR_FAILED_REPLY (29201), error: -1 (Operation not permitted)
06-20 10:43:52.316 16169 16169 W libbinder.BackendUnifiedServiceManager: Thread Pool max thread count is 0. Cannot cache binder as linkToDeath cannot be implemented. serviceName: android.frameworks.sensorservice.ISensorManager/default
06-20 10:43:52.318 16165 16165 E libbinder.IPCThreadState: Binder transaction failure. id: 2315423, cmd: BR_FAILED_REPLY (29201), error: -1 (Operation not permitted)
