06-20 10:43:55.616   803  2108 W libbinder.Binder: Binder transaction to android.app.IActivityManager code 35 took 1534ms. Data bytes: 208 Reply bytes: 1768 Flags: 18
06-20 10:43:55.619   803   902 D ActivityManager: Skipping freeze for process 14738 com.android.traceur curAdj = 915(override)
06-20 10:43:55.621   803   902 D ActivityManager: Skipping freeze for process 14563 com.google.android.apps.photos curAdj = 925(override)
06-20 10:43:55.622   803   902 D ActivityManager: Skipping freeze for process 10045 com.google.android.apps.wellbeing curAdj = 935(override)
06-20 10:43:55.687 16190 16190 W libbinder.BackendUnifiedServiceManager: Thread Pool max thread count is 0. Cannot cache binder as linkToDeath cannot be implemented. serviceName: SurfaceFlingerAIDL
06-20 10:43:55.694 16190 16190 W libbinder.BackendUnifiedServiceManager: Thread Pool max thread count is 0. Cannot cache binder as linkToDeath cannot be implemented. serviceName: accessibility
06-20 10:43:55.719   713 16199 D CCodec  : allocate(c2.android.vorbis.decoder)
06-20 10:43:55.725 16195 16195 W libbinder.BackendUnifiedServiceManager: Thread Pool max thread count is 0. Cannot cache binder as linkToDeath cannot be implemented. serviceName: DockObserver
06-20 10:43:55.745 16195 16195 E libbinder.Parcel: Reading a NULL string not supported here.
06-20 10:43:55.749 16193 16193 W libbinder.BackendUnifiedServiceManager: Thread Pool max thread count is 0. Cannot cache binder as linkToDeath cannot be implemented. serviceName: activity
06-20 10:43:55.751 16195 16195 W libbinder.BackendUnifiedServiceManager: Thread Pool max thread count is 0. Cannot cache binder as linkToDeath cannot be implemented. serviceName: SurfaceFlinger
06-20 10:43:55.757 16190 16190 W libbinder.BackendUnifiedServiceManager: Thread Pool max thread count is 0. Cannot cache binder as linkToDeath cannot be implemented. serviceName: account
06-20 10:43:55.759 16195 16195 W libbinder.BackendUnifiedServiceManager: Thread Pool max thread count is 0. Cannot cache binder as linkToDeath cannot be implemented. serviceName: SurfaceFlingerAIDL
06-20 10:43:55.770 16195 16195 W libbinder.BackendUnifiedServiceManager: Thread Pool max thread count is 0. Cannot cache binder as linkToDeath cannot be implemented. serviceName: accessibility
06-20 10:43:55.779 16195 16195 W libbinder.BackendUnifiedServiceManager: Thread Pool max thread count is 0. Cannot cache binder as linkToDeath cannot be implemented. serviceName: account
06-20 10:43:55.790 16190 16190 W libbinder.BackendUnifiedServiceManager: Thread Pool max thread count is 0. Cannot cache binder as linkToDeath cannot be implemented. serviceName: activity
06-20 10:43:55.796 16195 16195 W libbinder.BackendUnifiedServiceManager: Thread Pool max thread count is 0. Cannot cache binder as linkToDeath cannot be implemented. serviceName: activity
06-20 10:43:55.812 16190 16190 W libbinder.BackendUnifiedServiceManager: Thread Pool max thread count is 0. Cannot cache binder as linkToDeath cannot be implemented. serviceName: activity_task
06-20 10:43:55.829   713 16199 I CCodec  : setting up 'default' as default (vendor) store
06-20 10:43:55.832 16195 16195 W libbinder.BackendUnifiedServiceManager: Thread Pool max thread count is 0. Cannot cache binder as linkToDeath cannot be implemented. serviceName: activity_task
06-20 10:43:55.851 16190 16190 W libbinder.BackendUnifiedServiceManager: Thread Pool max thread count is 0. Cannot cache binder as linkToDeath cannot be implemented. serviceName: adb
06-20 10:43:55.939 16190 16190 W libbinder.BackendUnifiedServiceManager: Thread Pool max thread count is 0. Cannot cache binder as linkToDeath cannot be implemented. serviceName: adservices_manager
06-20 10:43:55.991 16190 16190 W libbinder.BackendUnifiedServiceManager: Thread Pool max thread count is 0. Cannot cache binder as linkToDeath cannot be implemented. serviceName: advanced_protection
06-20 10:43:56.031 16190 16190 W libbinder.BackendUnifiedServiceManager: Thread Pool max thread count is 0. Cannot cache binder as linkToDeath cannot be implemented. serviceName: alarm
06-20 10:43:56.045 16190 16190 W libbinder.BackendUnifiedServiceManager: Thread Pool max thread count is 0. Cannot cache binder as linkToDeath cannot be implemented. serviceName: ambient_context
06-20 10:43:56.049 16195 16195 W libbinder.BackendUnifiedServiceManager: Thread Pool max thread count is 0. Cannot cache binder as linkToDeath cannot be implemented. serviceName: adb
06-20 10:43:56.056 16195 16195 W libbinder.BackendUnifiedServiceManager: Thread Pool max thread count is 0. Cannot cache binder as linkToDeath cannot be implemented. serviceName: adservices_manager
06-20 10:43:56.067 16195 16195 W libbinder.BackendUnifiedServiceManager: Thread Pool max thread count is 0. Cannot cache binder as linkToDeath cannot be implemented. serviceName: advanced_protection
06-20 10:43:56.074 16190 16190 W libbinder.BackendUnifiedServiceManager: Thread Pool max thread count is 0. Cannot cache binder as linkToDeath cannot be implemented. serviceName: android.frameworks.cameraservice.service.ICameraService/default
06-20 10:43:56.084 16195 16195 W libbinder.BackendUnifiedServiceManager: Thread Pool max thread count is 0. Cannot cache binder as linkToDeath cannot be implemented. serviceName: alarm
06-20 10:43:56.092 16190 16190 W libbinder.BackendUnifiedServiceManager: Thread Pool max thread count is 0. Cannot cache binder as linkToDeath cannot be implemented. serviceName: android.frameworks.devicestate.IDeviceStateService/default
06-20 10:43:56.104   803   902 D ActivityManager: Skipping freeze for process 10196 com.android.vending curAdj = 945(override)
06-20 10:43:56.106   803   902 D ActivityManager: Skipping freeze for process 10055 com.google.android.permissioncontroller curAdj = 955(override)
06-20 10:43:56.108   803   826 W Looper  : Slow dispatch took 181ms android.ui app=system_server main=false group=TOP_APP h=com.android.server.am.ActivityManagerService$UiHandler c=com.android.server.am.UidObserverController$$ExternalSyntheticLambda0@75c852d m=0
06-20 10:43:56.109   803  1013 D BackgroundInstallControlService: Package event received: 0
06-20 10:43:56.109   803  1013 D BackgroundInstallControlService: Package event received: 0
06-20 10:43:56.109   803  1013 D BackgroundInstallControlService: Package event received: 0
06-20 10:43:56.110   803  1013 D BackgroundInstallControlService: Package event received: 0
06-20 10:43:56.111   803 16160 I system_server: libdebuggerd_client: started dumping process 803
06-20 10:43:56.112 16195 16195 W libbinder.BackendUnifiedServiceManager: Thread Pool max thread count is 0. Cannot cache binder as linkToDeath cannot be implemented. serviceName: ambient_context
06-20 10:43:56.113   346   346 I tombstoned: registered intercept for pid 803 and type kDebuggerdJavaBacktrace
06-20 10:43:56.116   803   811 I system_server: Thread[2,tid=811,WaitingInMainSignalCatcherLoop,Thread*=0x73123340abe0,peer=0x2006c60,"Signal Catcher"]: reacting to signal 3
06-20 10:43:56.120   803   811 I system_server: 
06-20 10:43:56.121 16190 16190 W libbinder.BackendUnifiedServiceManager: Thread Pool max thread count is 0. Cannot cache binder as linkToDeath cannot be implemented. serviceName: android.frameworks.location.altitude.IAltitudeService/default
06-20 10:43:56.124 16195 16195 W libbinder.BackendUnifiedServiceManager: Thread Pool max thread count is 0. Cannot cache binder as linkToDeath cannot be implemented. serviceName: android.frameworks.cameraservice.service.ICameraService/default
06-20 10:43:56.128 14905 16109 W Bugle   : PermissionCheckerImpl: Missing Permission android.permission.ACCESS_FINE_LOCATION [CONTEXT x_message_id=-155969971918349433 work_id="7fccd4a3-9fb4-47c2-b389-281f952fa3d6" pipeline_type="SmsReceivePipeline" ]
06-20 10:43:56.134   803   803 W Looper  : Slow delivery took 215ms main app=system_server main=true group=FOREGROUND h=android.service.notification.NotificationListenerService$MyHandler c=null m=8
06-20 10:43:56.144 16190 16190 W libbinder.BackendUnifiedServiceManager: Thread Pool max thread count is 0. Cannot cache binder as linkToDeath cannot be implemented. serviceName: android.frameworks.sensorservice.ISensorManager/default
06-20 10:43:56.153 16190 16190 W libbinder.BackendUnifiedServiceManager: Thread Pool max thread count is 0. Cannot cache binder as linkToDeath cannot be implemented. serviceName: android.frameworks.stats.IStats/default
06-20 10:43:56.194 16195 16195 W libbinder.BackendUnifiedServiceManager: Thread Pool max thread count is 0. Cannot cache binder as linkToDeath cannot be implemented. serviceName: android.frameworks.devicestate.IDeviceStateService/default
06-20 10:43:56.235 16195 16195 W libbinder.BackendUnifiedServiceManager: Thread Pool max thread count is 0. Cannot cache binder as linkToDeath cannot be implemented. serviceName: android.frameworks.location.altitude.IAltitudeService/default
06-20 10:43:56.237 16190 16190 W libbinder.BackendUnifiedServiceManager: Thread Pool max thread count is 0. Cannot cache binder as linkToDeath cannot be implemented. serviceName: android.frameworks.vibrator.IVibratorControlService/default
06-20 10:43:56.251 16195 16195 W libbinder.BackendUnifiedServiceManager: Thread Pool max thread count is 0. Cannot cache binder as linkToDeath cannot be implemented. serviceName: android.frameworks.sensorservice.ISensorManager/default
06-20 10:43:56.251 16190 16190 W libbinder.BackendUnifiedServiceManager: Thread Pool max thread count is 0. Cannot cache binder as linkToDeath cannot be implemented. serviceName: android.hardware.authsecret.IAuthSecret/default
06-20 10:43:56.252 16190 16190 E libbinder.IPCThreadState: Binder transaction failure. id: 2317309, cmd: BR_FAILED_REPLY (29201), error: -1 (Operation not permitted)
06-20 10:43:56.250 16190 16190 W service : type=1400 audit(0.0:72607): avc:  denied  { call } for  scontext=u:r:shell:s0 tcontext=u:r:hal_authsecret_default:s0 tclass=binder permissive=0
06-20 10:43:56.359 16195 16195 W libbinder.BackendUnifiedServiceManager: Thread Pool max thread count is 0. Cannot cache binder as linkToDeath cannot be implemented. serviceName: android.frameworks.stats.IStats/default
06-20 10:43:56.369 16195 16195 W libbinder.BackendUnifiedServiceManager: Thread Pool max thread count is 0. Cannot cache binder as linkToDeath cannot be implemented. serviceName: android.frameworks.vibrator.IVibratorControlService/default
06-20 10:43:56.387 16190 16190 E libbinder.IPCThreadState: Binder transaction failure. id: 2317318, cmd: BR_FAILED_REPLY (29201), error: -1 (Operation not permitted)
06-20 10:43:56.338 16190 16190 W service : type=1400 audit(0.0:72608): avc:  denied  { call } for  scontext=u:r:shell:s0 tcontext=u:r:hal_fingerprint_default:s0 tclass=binder permissive=0
06-20 10:43:56.400 16190 16190 W libbinder.BackendUnifiedServiceManager: Thread Pool max thread count is 0. Cannot cache binder as linkToDeath cannot be implemented. serviceName: android.hardware.bluetooth.IBluetoothHci/default
06-20 10:43:56.401 16190 16190 E libbinder.IPCThreadState: Binder transaction failure. id: 2317333, cmd: BR_FAILED_REPLY (29201), error: -1 (Operation not permitted)
06-20 10:43:56.537 13643 13904 W libbinder.Binder: Binder transaction to android.view.ISystemGestureExclusionListener code 1 took 1301ms. Data bytes: 140 Reply bytes: 0 Flags: 17
06-20 10:43:56.398 16190 16190 W service : type=1400 audit(0.0:72609): avc:  denied  { call } for  scontext=u:r:shell:s0 tcontext=u:r:hal_bluetooth_default:s0 tclass=binder permissive=0
06-20 10:43:56.545 13643 16086 W RingtonePlayer: Notification sound delayed by 16341msecs
06-20 10:43:56.546 13643 16086 D RingtonePlayer: RemoveFirst
06-20 10:43:56.547 13643 16086 D RingtonePlayer: PLAY
06-20 10:43:56.547 16190 16190 W libbinder.BackendUnifiedServiceManager: Thread Pool max thread count is 0. Cannot cache binder as linkToDeath cannot be implemented. serviceName: android.hardware.bluetooth.audio.IBluetoothAudioProviderFactory/default
06-20 10:43:56.548 13643 16086 D RingtonePlayer: startSound()
06-20 10:43:56.548 13643 16086 D RingtonePlayer: in startSound quitting looper Looper (Thread-11, tid 144) {a1e1cfa}
06-20 10:43:56.549 16190 16190 E libbinder.IPCThreadState: Binder transaction failure. id: 2317342, cmd: BR_FAILED_REPLY (29201), error: -1 (Operation not permitted)
06-20 10:43:56.553 16190 16190 W libbinder.BackendUnifiedServiceManager: Thread Pool max thread count is 0. Cannot cache binder as linkToDeath cannot be implemented. serviceName: android.hardware.bluetooth.offload.leaudio.IHciProxy/default
06-20 10:43:56.556 16190 16190 E libbinder.IPCThreadState: Binder transaction failure. id: 2317347, cmd: BR_FAILED_REPLY (29201), error: -1 (Operation not permitted)
06-20 10:43:56.558 16195 16195 W libbinder.BackendUnifiedServiceManager: Thread Pool max thread count is 0. Cannot cache binder as linkToDeath cannot be implemented. serviceName: android.hardware.authsecret.IAuthSecret/default
06-20 10:43:56.567 16190 16190 W libbinder.BackendUnifiedServiceManager: Thread Pool max thread count is 0. Cannot cache binder as linkToDeath cannot be implemented. serviceName: android.hardware.camera.provider.ICameraProvider/internal/0
06-20 10:43:56.568 16190 16190 E libbinder.IPCThreadState: Binder transaction failure. id: 2317356, cmd: BR_FAILED_REPLY (29201), error: -1 (Operation not permitted)
06-20 10:43:56.546 16190 16190 W service : type=1400 audit(0.0:72610): avc:  denied  { call } for  scontext=u:r:shell:s0 tcontext=u:r:hal_audio_default:s0 tclass=binder permissive=0
06-20 10:43:56.609 14905 14983 W AndroidFutures: exceeded timeout: SmsDeliverReceiver Receive broadcast -> ReceiverDoInBackground -> SmsDeliverReceiver.doInBackground -> <logging span> -> <logging span> -> WorkQueueBatchingImpl#queueWorkItem -> WorkQueueBatchingImpl#queueWorkItems -> WorkQueueBatchingImpl#schedulingDeferred -> WorkQueueWorkerImpl.startWork -> PipelineWorkHandler -> <logging span> -> SmsReceivePipeline -> SmsToBugleDbWriter -> ReceiveSmsMessageHelper.insertMessageInBugleDb -> WorkQueueBatchingImpl#queueWorkItems -> WorkQueueBatchingImpl#schedulingDeferred -> WorkQueueWorkerImpl.startWork -> QueueNotificationHandler -> WorkQueueBatchingImpl#queueWorkItems -> WorkQueueBatchingImpl#schedulingDeferred [CONTEXT x_message_id=-1384530601954057963 work_id="f4a6dd29-e9a5-4da5-b194-47775ddebc09" pipeline_type="SmsReceivePipeline" ]
06-20 10:43:56.609 14905 14983 W AndroidFutures: eosy: Timed out (timeout delayed by 197 ms after scheduled time): eorj@801e4a9[status=PENDING, info=[delegate=[eorj@300a2e[status=PENDING, info=[delegate=[eorj@52289cf[status=PENDING, info=[delegate=[eotc@acbef5c[status=PENDING, info=[task=[running=[NOT STARTED YET], propagating=[cbky@8eb2265]]]]]]]]]]]]]
06-20 10:43:56.609 14905 14983 W AndroidFutures: 	at tk_trace.WorkQueueBatchingImplschedulingDeferred(Unknown Source:0)
06-20 10:43:56.609 14905 14983 W AndroidFutures: 	at tk_trace.WorkQueueBatchingImplqueueWorkItems(Unknown Source:0)
06-20 10:43:56.609 14905 14983 W AndroidFutures: 	at tk_trace.QueueNotificationHandler(Unknown Source:0)
06-20 10:43:56.609 14905 14983 W AndroidFutures: 	at tk_trace.WorkQueueWorkerImpl.startWork(Unknown Source:0)
06-20 10:43:56.609 14905 14983 W AndroidFutures: 	at tk_trace.WorkQueueBatchingImplschedulingDeferred(Unknown Source:0)
06-20 10:43:56.609 14905 14983 W AndroidFutures: 	at tk_trace.WorkQueueBatchingImplqueueWorkItems(Unknown Source:0)
06-20 10:43:56.609 14905 14983 W AndroidFutures: 	at tk_trace.ReceiveSmsMessageHelper.insertMessageInBugleDb(Unknown Source:0)
06-20 10:43:56.609 14905 14983 W AndroidFutures: 	at tk_trace.SmsToBugleDbWriter(Unknown Source:0)
06-20 10:43:56.609 14905 14983 W AndroidFutures: 	at tk_trace.SmsReceivePipeline(Unknown Source:0)
06-20 10:43:56.609 14905 14983 W AndroidFutures: 	at tk_trace.<logging span>(Unknown Source:0)
06-20 10:43:56.609 14905 14983 W AndroidFutures: 	at tk_trace.PipelineWorkHandler(Unknown Source:0)
06-20 10:43:56.609 14905 14983 W AndroidFutures: 	at tk_trace.WorkQueueWorkerImpl.startWork(Unknown Source:0)
06-20 10:43:56.609 14905 14983 W AndroidFutures: 	at tk_trace.WorkQueueBatchingImplschedulingDeferred(Unknown Source:0)
06-20 10:43:56.609 14905 14983 W AndroidFutures: 	at tk_trace.WorkQueueBatchingImplqueueWorkItems(Unknown Source:0)
06-20 10:43:56.609 14905 14983 W AndroidFutures: 	at tk_trace.WorkQueueBatchingImplqueueWorkItem(Unknown Source:0)
06-20 10:43:56.609 14905 14983 W AndroidFutures: 	at tk_trace.<logging span>(Unknown Source:0)
06-20 10:43:56.609 14905 14983 W AndroidFutures: 	at tk_trace.<logging span>(Unknown Source:0)
06-20 10:43:56.609 14905 14983 W AndroidFutures: 	at tk_trace.SmsDeliverReceiver.doInBackground(Unknown Source:0)
06-20 10:43:56.609 14905 14983 W AndroidFutures: 	at tk_trace.ReceiverDoInBackground(Unknown Source:0)
06-20 10:43:56.609 14905 14983 W AndroidFutures: 	at tk_trace.SmsDeliverReceiver Receive broadcast(Unknown Source:0)
06-20 10:43:56.611 16190 16190 W libbinder.BackendUnifiedServiceManager: Thread Pool max thread count is 0. Cannot cache binder as linkToDeath cannot be implemented. serviceName: android.hardware.camera.provider.ICameraProvider/internal/1
06-20 10:43:56.612 16190 16190 E libbinder.IPCThreadState: Binder transaction failure. id: 2317361, cmd: BR_FAILED_REPLY (29201), error: -1 (Operation not permitted)
06-20 10:43:56.615 16190 16190 W libbinder.BackendUnifiedServiceManager: Thread Pool max thread count is 0. Cannot cache binder as linkToDeath cannot be implemented. serviceName: android.hardware.cas.IMediaCasService/default
06-20 10:43:56.620 10238 15391 I BlockedNumbers: isBlocked: NOT BLOCKED; number=*************, e164=*************
06-20 10:43:56.621 10238 15391 W libbinder.Binder: Binder transaction to android.content.IContentProvider code 21 took 1002ms. Data bytes: 332 Reply bytes: 88 Flags: 18
06-20 10:43:56.631 16190 16190 W libbinder.BackendUnifiedServiceManager: Thread Pool max thread count is 0. Cannot cache binder as linkToDeath cannot be implemented. serviceName: android.hardware.contexthub.IContextHub/default
06-20 10:43:56.632 16190 16190 E libbinder.IPCThreadState: Binder transaction failure. id: 2317374, cmd: BR_FAILED_REPLY (29201), error: -1 (Operation not permitted)
06-20 10:43:56.644 16190 16190 W libbinder.BackendUnifiedServiceManager: Thread Pool max thread count is 0. Cannot cache binder as linkToDeath cannot be implemented. serviceName: android.hardware.drm.IDrmFactory/widevine
06-20 10:43:56.645  1219  1219 D SatelliteController: getCarrierRoamingNtnConnectType: Falling back to global carrier config connect type: 0
06-20 10:43:56.646  1219  1219 D SatelliteController: iisInCarrierRoamingNbIotNtn: satellite is disabled
06-20 10:43:56.550 16190 16190 W service : type=1400 audit(0.0:72611): avc:  denied  { call } for  scontext=u:r:shell:s0 tcontext=u:r:hal_bluetooth_default:s0 tclass=binder permissive=0
06-20 10:43:56.744 16195 16195 E libbinder.IPCThreadState: Binder transaction failure. id: 2317353, cmd: BR_FAILED_REPLY (29201), error: -1 (Operation not permitted)
06-20 10:43:56.747 16195 16195 E libbinder.IPCThreadState: Binder transaction failure. id: 2317391, cmd: BR_FAILED_REPLY (29201), error: -1 (Operation not permitted)
06-20 10:43:56.750 16195 16195 W libbinder.BackendUnifiedServiceManager: Thread Pool max thread count is 0. Cannot cache binder as linkToDeath cannot be implemented. serviceName: android.hardware.bluetooth.IBluetoothHci/default
06-20 10:43:56.751 16195 16195 E libbinder.IPCThreadState: Binder transaction failure. id: 2317396, cmd: BR_FAILED_REPLY (29201), error: -1 (Operation not permitted)
06-20 10:43:56.755 16190 16190 E libbinder.IPCThreadState: Binder transaction failure. id: 2317400, cmd: BR_FAILED_REPLY (29201), error: -1 (Operation not permitted)
06-20 10:43:56.760 16195 16195 W libbinder.BackendUnifiedServiceManager: Thread Pool max thread count is 0. Cannot cache binder as linkToDeath cannot be implemented. serviceName: android.hardware.bluetooth.audio.IBluetoothAudioProviderFactory/default
06-20 10:43:56.760 16195 16195 E libbinder.IPCThreadState: Binder transaction failure. id: 2317406, cmd: BR_FAILED_REPLY (29201), error: -1 (Operation not permitted)
06-20 10:43:56.761 16190 16190 W libbinder.BackendUnifiedServiceManager: Thread Pool max thread count is 0. Cannot cache binder as linkToDeath cannot be implemented. serviceName: android.hardware.gatekeeper.IGatekeeper/default
06-20 10:43:56.762 16190 16190 E libbinder.IPCThreadState: Binder transaction failure. id: 2317412, cmd: BR_FAILED_REPLY (29201), error: -1 (Operation not permitted)
06-20 10:43:56.764 16195 16195 W libbinder.BackendUnifiedServiceManager: Thread Pool max thread count is 0. Cannot cache binder as linkToDeath cannot be implemented. serviceName: android.hardware.bluetooth.offload.leaudio.IHciProxy/default
06-20 10:43:56.764 16195 16195 E libbinder.IPCThreadState: Binder transaction failure. id: 2317414, cmd: BR_FAILED_REPLY (29201), error: -1 (Operation not permitted)
06-20 10:43:56.768 16190 16190 E libbinder.IPCThreadState: Binder transaction failure. id: 2317418, cmd: BR_FAILED_REPLY (29201), error: -1 (Operation not permitted)
06-20 10:43:56.775 16190 16190 W libbinder.BackendUnifiedServiceManager: Thread Pool max thread count is 0. Cannot cache binder as linkToDeath cannot be implemented. serviceName: android.hardware.graphics.allocator.IAllocator/default
06-20 10:43:56.776 16195 16195 W libbinder.BackendUnifiedServiceManager: Thread Pool max thread count is 0. Cannot cache binder as linkToDeath cannot be implemented. serviceName: android.hardware.camera.provider.ICameraProvider/internal/0
06-20 10:43:56.777 16195 16195 E libbinder.IPCThreadState: Binder transaction failure. id: 2317426, cmd: BR_FAILED_REPLY (29201), error: -1 (Operation not permitted)
06-20 10:43:56.784 16195 16195 W libbinder.BackendUnifiedServiceManager: Thread Pool max thread count is 0. Cannot cache binder as linkToDeath cannot be implemented. serviceName: android.hardware.camera.provider.ICameraProvider/internal/1
06-20 10:43:56.784 16195 16195 E libbinder.IPCThreadState: Binder transaction failure. id: 2317433, cmd: BR_FAILED_REPLY (29201), error: -1 (Operation not permitted)
06-20 10:43:56.786 16190 16190 W libbinder.BackendUnifiedServiceManager: Thread Pool max thread count is 0. Cannot cache binder as linkToDeath cannot be implemented. serviceName: android.hardware.graphics.composer3.IComposer/default
06-20 10:43:56.787 16190 16190 E libbinder.IPCThreadState: Binder transaction failure. id: 2317437, cmd: BR_FAILED_REPLY (29201), error: -1 (Operation not permitted)
06-20 10:43:56.790 16195 16195 W libbinder.BackendUnifiedServiceManager: Thread Pool max thread count is 0. Cannot cache binder as linkToDeath cannot be implemented. serviceName: android.hardware.cas.IMediaCasService/default
06-20 10:43:56.792 16190 16190 W libbinder.BackendUnifiedServiceManager: Thread Pool max thread count is 0. Cannot cache binder as linkToDeath cannot be implemented. serviceName: android.hardware.health.IHealth/default
06-20 10:43:56.793 16190 16190 E libbinder.IPCThreadState: Binder transaction failure. id: 2317447, cmd: BR_FAILED_REPLY (29201), error: -1 (Operation not permitted)
06-20 10:43:56.799 16195 16195 W libbinder.BackendUnifiedServiceManager: Thread Pool max thread count is 0. Cannot cache binder as linkToDeath cannot be implemented. serviceName: android.hardware.contexthub.IContextHub/default
06-20 10:43:56.800 16195 16195 E libbinder.IPCThreadState: Binder transaction failure. id: 2317453, cmd: BR_FAILED_REPLY (29201), error: -1 (Operation not permitted)
06-20 10:43:56.803 16190 16190 W libbinder.BackendUnifiedServiceManager: Thread Pool max thread count is 0. Cannot cache binder as linkToDeath cannot be implemented. serviceName: android.hardware.identity.IIdentityCredentialStore/default
06-20 10:43:56.804 16190 16190 E libbinder.IPCThreadState: Binder transaction failure. id: 2317457, cmd: BR_FAILED_REPLY (29201), error: -1 (Operation not permitted)
06-20 10:43:56.811 16195 16195 W libbinder.BackendUnifiedServiceManager: Thread Pool max thread count is 0. Cannot cache binder as linkToDeath cannot be implemented. serviceName: android.hardware.drm.IDrmFactory/widevine
06-20 10:43:56.812 16190 16190 W libbinder.BackendUnifiedServiceManager: Thread Pool max thread count is 0. Cannot cache binder as linkToDeath cannot be implemented. serviceName: android.hardware.light.ILights/default
06-20 10:43:56.812 16190 16190 E libbinder.IPCThreadState: Binder transaction failure. id: 2317463, cmd: BR_FAILED_REPLY (29201), error: -1 (Operation not permitted)
06-20 10:43:56.840 16190 16190 W libbinder.BackendUnifiedServiceManager: Thread Pool max thread count is 0. Cannot cache binder as linkToDeath cannot be implemented. serviceName: android.hardware.media.c2.IComponentStore/software
06-20 10:43:56.844 16195 16195 E libbinder.IPCThreadState: Binder transaction failure. id: 2317475, cmd: BR_FAILED_REPLY (29201), error: -1 (Operation not permitted)
06-20 10:43:56.848 16190 16190 W libbinder.BackendUnifiedServiceManager: Thread Pool max thread count is 0. Cannot cache binder as linkToDeath cannot be implemented. serviceName: android.hardware.neuralnetworks.IDevice/nnapi-sample_all
06-20 10:43:56.850 16195 16195 W libbinder.BackendUnifiedServiceManager: Thread Pool max thread count is 0. Cannot cache binder as linkToDeath cannot be implemented. serviceName: android.hardware.gatekeeper.IGatekeeper/default
06-20 10:43:56.851 16195 16195 E libbinder.IPCThreadState: Binder transaction failure. id: 2317488, cmd: BR_FAILED_REPLY (29201), error: -1 (Operation not permitted)
06-20 10:43:56.853 16195 16195 E libbinder.IPCThreadState: Binder transaction failure. id: 2317493, cmd: BR_FAILED_REPLY (29201), error: -1 (Operation not permitted)
06-20 10:43:56.864 16190 16190 W libbinder.BackendUnifiedServiceManager: Thread Pool max thread count is 0. Cannot cache binder as linkToDeath cannot be implemented. serviceName: android.hardware.neuralnetworks.IDevice/nnapi-sample_quant
06-20 10:43:56.873 16195 16195 W libbinder.BackendUnifiedServiceManager: Thread Pool max thread count is 0. Cannot cache binder as linkToDeath cannot be implemented. serviceName: android.hardware.graphics.allocator.IAllocator/default
06-20 10:43:56.875 16190 16190 W libbinder.BackendUnifiedServiceManager: Thread Pool max thread count is 0. Cannot cache binder as linkToDeath cannot be implemented. serviceName: android.hardware.neuralnetworks.IDevice/nnapi-sample_sl_shim
06-20 10:43:56.884 16190 16190 W libbinder.BackendUnifiedServiceManager: Thread Pool max thread count is 0. Cannot cache binder as linkToDeath cannot be implemented. serviceName: android.hardware.power.IPower/default
06-20 10:43:56.884 16190 16190 E libbinder.IPCThreadState: Binder transaction failure. id: 2317517, cmd: BR_FAILED_REPLY (29201), error: -1 (Operation not permitted)
06-20 10:43:56.886 16195 16195 W libbinder.BackendUnifiedServiceManager: Thread Pool max thread count is 0. Cannot cache binder as linkToDeath cannot be implemented. serviceName: android.hardware.graphics.composer3.IComposer/default
06-20 10:43:56.887 16195 16195 E libbinder.IPCThreadState: Binder transaction failure. id: 2317521, cmd: BR_FAILED_REPLY (29201), error: -1 (Operation not permitted)
06-20 10:43:56.915 16190 16190 W libbinder.BackendUnifiedServiceManager: Thread Pool max thread count is 0. Cannot cache binder as linkToDeath cannot be implemented. serviceName: android.hardware.power.stats.IPowerStats/default
06-20 10:43:56.915 16195 16195 W libbinder.BackendUnifiedServiceManager: Thread Pool max thread count is 0. Cannot cache binder as linkToDeath cannot be implemented. serviceName: android.hardware.health.IHealth/default
06-20 10:43:56.916 16195 16195 E libbinder.IPCThreadState: Binder transaction failure. id: 2317528, cmd: BR_FAILED_REPLY (29201), error: -1 (Operation not permitted)
06-20 10:43:56.916 16190 16190 E libbinder.IPCThreadState: Binder transaction failure. id: 2317529, cmd: BR_FAILED_REPLY (29201), error: -1 (Operation not permitted)
06-20 10:43:56.917 13643 13643 I Choreographer: Skipped 165 frames!  The application may be doing too much work on its main thread.
06-20 10:43:56.935 16190 16190 W libbinder.BackendUnifiedServiceManager: Thread Pool max thread count is 0. Cannot cache binder as linkToDeath cannot be implemented. serviceName: android.hardware.radio.config.IRadioConfig/default
06-20 10:43:56.935 16190 16190 E libbinder.IPCThreadState: Binder transaction failure. id: 2317540, cmd: BR_FAILED_REPLY (29201), error: -1 (Operation not permitted)
06-20 10:43:56.939 16195 16195 W libbinder.BackendUnifiedServiceManager: Thread Pool max thread count is 0. Cannot cache binder as linkToDeath cannot be implemented. serviceName: android.hardware.identity.IIdentityCredentialStore/default
06-20 10:43:56.940 16195 16195 E libbinder.IPCThreadState: Binder transaction failure. id: 2317544, cmd: BR_FAILED_REPLY (29201), error: -1 (Operation not permitted)
06-20 10:43:56.941 16190 16190 W libbinder.BackendUnifiedServiceManager: Thread Pool max thread count is 0. Cannot cache binder as linkToDeath cannot be implemented. serviceName: android.hardware.radio.data.IRadioData/slot1
06-20 10:43:56.942 16190 16190 E libbinder.IPCThreadState: Binder transaction failure. id: 2317548, cmd: BR_FAILED_REPLY (29201), error: -1 (Operation not permitted)
06-20 10:43:56.947 16195 16195 W libbinder.BackendUnifiedServiceManager: Thread Pool max thread count is 0. Cannot cache binder as linkToDeath cannot be implemented. serviceName: android.hardware.light.ILights/default
06-20 10:43:56.948 16195 16195 E libbinder.IPCThreadState: Binder transaction failure. id: 2317558, cmd: BR_FAILED_REPLY (29201), error: -1 (Operation not permitted)
06-20 10:43:56.949 16190 16190 W libbinder.BackendUnifiedServiceManager: Thread Pool max thread count is 0. Cannot cache binder as linkToDeath cannot be implemented. serviceName: android.hardware.radio.ims.IRadioIms/slot1
06-20 10:43:56.949 16190 16190 E libbinder.IPCThreadState: Binder transaction failure. id: 2317561, cmd: BR_FAILED_REPLY (29201), error: -1 (Operation not permitted)
06-20 10:43:56.951 16195 16195 W libbinder.BackendUnifiedServiceManager: Thread Pool max thread count is 0. Cannot cache binder as linkToDeath cannot be implemented. serviceName: android.hardware.media.c2.IComponentStore/software
06-20 10:43:56.959 16190 16190 W libbinder.BackendUnifiedServiceManager: Thread Pool max thread count is 0. Cannot cache binder as linkToDeath cannot be implemented. serviceName: android.hardware.radio.ims.media.IImsMedia/default
06-20 10:43:56.960 16190 16190 E libbinder.IPCThreadState: Binder transaction failure. id: 2317568, cmd: BR_FAILED_REPLY (29201), error: -1 (Operation not permitted)
06-20 10:43:57.024 16190 16190 W libbinder.BackendUnifiedServiceManager: Thread Pool max thread count is 0. Cannot cache binder as linkToDeath cannot be implemented. serviceName: android.hardware.radio.messaging.IRadioMessaging/slot1
06-20 10:43:57.024 16190 16190 E libbinder.IPCThreadState: Binder transaction failure. id: 2317576, cmd: BR_FAILED_REPLY (29201), error: -1 (Operation not permitted)
06-20 10:43:57.028 16195 16195 W libbinder.BackendUnifiedServiceManager: Thread Pool max thread count is 0. Cannot cache binder as linkToDeath cannot be implemented. serviceName: android.hardware.neuralnetworks.IDevice/nnapi-sample_all
06-20 10:43:57.028 13643 16207 D RingtonePlayer: in run: new looper Looper (Thread-12, tid 146) {c8e7193}
06-20 10:43:57.029 16190 16190 W libbinder.BackendUnifiedServiceManager: Thread Pool max thread count is 0. Cannot cache binder as linkToDeath cannot be implemented. serviceName: android.hardware.radio.modem.IRadioModem/slot1
06-20 10:43:57.029 16190 16190 E libbinder.IPCThreadState: Binder transaction failure. id: 2317584, cmd: BR_FAILED_REPLY (29201), error: -1 (Operation not permitted)
06-20 10:43:57.033 16190 16190 W libbinder.BackendUnifiedServiceManager: Thread Pool max thread count is 0. Cannot cache binder as linkToDeath cannot be implemented. serviceName: android.hardware.radio.network.IRadioNetwork/slot1
06-20 10:43:57.034 16190 16190 E libbinder.IPCThreadState: Binder transaction failure. id: 2317590, cmd: BR_FAILED_REPLY (29201), error: -1 (Operation not permitted)
06-20 10:43:57.040 16195 16195 W libbinder.BackendUnifiedServiceManager: Thread Pool max thread count is 0. Cannot cache binder as linkToDeath cannot be implemented. serviceName: android.hardware.neuralnetworks.IDevice/nnapi-sample_quant
06-20 10:43:57.041 13643 13852 D BufferPoolAccessor2.0: bufferpool2 0x7311c3431228 : 0(0 size) total buffers - 0(0 size) used buffers - 2/7 (recycle/alloc) - 5/36 (fetch/transfer)
06-20 10:43:57.041 16190 16190 W libbinder.BackendUnifiedServiceManager: Thread Pool max thread count is 0. Cannot cache binder as linkToDeath cannot be implemented. serviceName: android.hardware.radio.sap.ISap/slot1
06-20 10:43:57.042 16190 16190 E libbinder.IPCThreadState: Binder transaction failure. id: 2317600, cmd: BR_FAILED_REPLY (29201), error: -1 (Operation not permitted)
06-20 10:43:57.043 13643 13852 D BufferPoolAccessor2.0: Destruction - bufferpool2 0x7311c3431228 cached: 0/0M, 0/0% in use; allocs: 7, 29% recycled; transfers: 36, 86% unfetched
06-20 10:43:57.051 13643 13852 D BufferPoolAccessor2.0: bufferpool2 0x7311c3431db8 : 0(0 size) total buffers - 0(0 size) used buffers - 2/7 (recycle/alloc) - 5/38 (fetch/transfer)
06-20 10:43:57.053 16195 16195 W libbinder.BackendUnifiedServiceManager: Thread Pool max thread count is 0. Cannot cache binder as linkToDeath cannot be implemented. serviceName: android.hardware.neuralnetworks.IDevice/nnapi-sample_sl_shim
06-20 10:43:57.054 16190 16190 W libbinder.BackendUnifiedServiceManager: Thread Pool max thread count is 0. Cannot cache binder as linkToDeath cannot be implemented. serviceName: android.hardware.radio.sim.IRadioSim/slot1
06-20 10:43:57.058 13643 13852 D BufferPoolAccessor2.0: Destruction - bufferpool2 0x7311c3431db8 cached: 0/0M, 0/0% in use; allocs: 7, 29% recycled; transfers: 38, 87% unfetched
06-20 10:43:57.060 13643 13852 D BufferPoolAccessor2.0: bufferpool2 0x7311c342c828 : 0(0 size) total buffers - 0(0 size) used buffers - 2/7 (recycle/alloc) - 5/18 (fetch/transfer)
06-20 10:43:57.060  1219  1219 I RemoteVvmTaskManager: getRemotePackage: found package null
06-20 10:43:57.061 13643 13852 D BufferPoolAccessor2.0: Destruction - bufferpool2 0x7311c342c828 cached: 0/0M, 0/0% in use; allocs: 7, 29% recycled; transfers: 18, 72% unfetched
06-20 10:43:57.062 16195 16195 W libbinder.BackendUnifiedServiceManager: Thread Pool max thread count is 0. Cannot cache binder as linkToDeath cannot be implemented. serviceName: android.hardware.power.IPower/default
06-20 10:43:57.167 16190 16190 E libbinder.IPCThreadState: Binder transaction failure. id: 2317612, cmd: BR_FAILED_REPLY (29201), error: -1 (Operation not permitted)
06-20 10:43:57.172 14905 15297 D nativeloader: Load /product/priv-app/PrebuiltBugle/PrebuiltBugle.apk!/lib/x86_64/libhobbes_jni.so using class loader ns product-clns-10 (caller=/product/priv-app/PrebuiltBugle/PrebuiltBugle.apk!classes3.dex): ok
06-20 10:43:57.177 16190 16190 W libbinder.BackendUnifiedServiceManager: Thread Pool max thread count is 0. Cannot cache binder as linkToDeath cannot be implemented. serviceName: android.hardware.radio.voice.IRadioVoice/slot1
06-20 10:43:57.195  1686  1692 W ogle.android.as: Suspending all threads took: 1.781s
06-20 10:43:57.237 16195 16195 E libbinder.IPCThreadState: Binder transaction failure. id: 2317624, cmd: BR_FAILED_REPLY (29201), error: -1 (Operation not permitted)
06-20 10:43:57.246 16195 16195 W libbinder.BackendUnifiedServiceManager: Thread Pool max thread count is 0. Cannot cache binder as linkToDeath cannot be implemented. serviceName: android.hardware.power.stats.IPowerStats/default
06-20 10:43:57.257 15957 16205 W m.xxmauro.sayup: Verification of void com.facebook.react.packagerconnection.FileIoHandler.<init>() took 875.150ms (70.84 bytecodes/s) (0B arena alloc)
06-20 10:43:57.267   713 16199 I CCodec  : Created component [c2.android.vorbis.decoder] for [c2.android.vorbis.decoder]
06-20 10:43:57.290 16195 16195 E libbinder.IPCThreadState: Binder transaction failure. id: 2317649, cmd: BR_FAILED_REPLY (29201), error: -1 (Operation not permitted)
06-20 10:43:57.308 16190 16190 E libbinder.IPCThreadState: Binder transaction failure. id: 2317634, cmd: BR_FAILED_REPLY (29201), error: -1 (Operation not permitted)
06-20 10:43:57.320   713 16199 D CCodecConfig: read media type: audio/vorbis
06-20 10:43:57.321  1686  2060 W libbinder.Binder: Binder transaction to android.content.pm.IOnAppsChangedListener code 8 took 1523ms. Data bytes: 972 Reply bytes: 0 Flags: 17
06-20 10:43:57.326 16195 16195 W libbinder.BackendUnifiedServiceManager: Thread Pool max thread count is 0. Cannot cache binder as linkToDeath cannot be implemented. serviceName: android.hardware.radio.config.IRadioConfig/default
06-20 10:43:57.337 16190 16190 W libbinder.BackendUnifiedServiceManager: Thread Pool max thread count is 0. Cannot cache binder as linkToDeath cannot be implemented. serviceName: android.hardware.rebootescrow.IRebootEscrow/default
06-20 10:43:57.339 16195 16195 E libbinder.IPCThreadState: Binder transaction failure. id: 2317690, cmd: BR_FAILED_REPLY (29201), error: -1 (Operation not permitted)
06-20 10:43:57.340 16190 16190 E libbinder.IPCThreadState: Binder transaction failure. id: 2317701, cmd: BR_FAILED_REPLY (29201), error: -1 (Operation not permitted)
06-20 10:43:57.326 16195 16195 W service : type=1400 audit(0.0:72651): avc:  denied  { call } for  scontext=u:r:shell:s0 tcontext=u:r:hal_radio_default:s0 tclass=binder permissive=0
06-20 10:43:57.381 16195 16195 W libbinder.BackendUnifiedServiceManager: Thread Pool max thread count is 0. Cannot cache binder as linkToDeath cannot be implemented. serviceName: android.hardware.radio.data.IRadioData/slot1
06-20 10:43:57.386 16195 16195 E libbinder.IPCThreadState: Binder transaction failure. id: 2317711, cmd: BR_FAILED_REPLY (29201), error: -1 (Operation not permitted)
06-20 10:43:57.392 14905 16130 I BugleDataModel: Cleared next retry time for channel: sms_send including counter [CONTEXT x_message_id=-155969971918349433 work_id="7fccd4a3-9fb4-47c2-b389-281f952fa3d6" pipeline_type="SmsReceivePipeline" ]
06-20 10:43:57.326 16190 16190 W service : type=1400 audit(0.0:72652): avc:  denied  { call } for  scontext=u:r:shell:s0 tcontext=u:r:hal_rebootescrow_default:s0 tclass=binder permissive=0
06-20 10:43:57.433   803   803 W Looper  : Drained
06-20 10:43:57.378 16195 16195 W service : type=1400 audit(0.0:72653): avc:  denied  { call } for  scontext=u:r:shell:s0 tcontext=u:r:hal_radio_default:s0 tclass=binder permissive=0
06-20 10:43:57.473 15957 16205 W m.xxmauro.sayup: Verification of void com.facebook.react.packagerconnection.JSPackagerClient.<init>(java.lang.String, com.facebook.react.packagerconnection.PackagerConnectionSettings, java.util.Map) took 194.753ms (25.67 bytecodes/s) (0B arena alloc)
06-20 10:43:57.475 16195 16195 W libbinder.BackendUnifiedServiceManager: Thread Pool max thread count is 0. Cannot cache binder as linkToDeath cannot be implemented. serviceName: android.hardware.radio.ims.IRadioIms/slot1
06-20 10:43:57.476 16195 16195 E libbinder.IPCThreadState: Binder transaction failure. id: 2317758, cmd: BR_FAILED_REPLY (29201), error: -1 (Operation not permitted)
06-20 10:43:57.477 16190 16190 W libbinder.BackendUnifiedServiceManager: Thread Pool max thread count is 0. Cannot cache binder as linkToDeath cannot be implemented. serviceName: android.hardware.security.keymint.IRemotelyProvisionedComponent/default
06-20 10:43:57.480 15957 15957 W m.xxmauro.sayup: Verification of void com.facebook.react.flipper.ReactNativeFlipper.initializeFlipper(android.content.Context, com.facebook.react.ReactInstanceManager) took 223.481ms (536.96 bytecodes/s) (0B arena alloc)
06-20 10:43:57.481 16195 16195 W libbinder.BackendUnifiedServiceManager: Thread Pool max thread count is 0. Cannot cache binder as linkToDeath cannot be implemented. serviceName: android.hardware.radio.ims.media.IImsMedia/default
06-20 10:43:57.489 16195 16195 E libbinder.IPCThreadState: Binder transaction failure. id: 2317768, cmd: BR_FAILED_REPLY (29201), error: -1 (Operation not permitted)
06-20 10:43:57.474 16195 16195 W service : type=1400 audit(0.0:72654): avc:  denied  { call } for  scontext=u:r:shell:s0 tcontext=u:r:hal_radio_default:s0 tclass=binder permissive=0
06-20 10:43:57.539   803   955 I HalDevMgr: bestIfaceCreationProposal is null, requestIface=STA, existingIface=[name=wlan0 type=STA]
06-20 10:43:57.571   713 16199 D ReflectedParamUpdater: extent() != 1 for single value type: algo.buffers.max-count.values
06-20 10:43:57.482 16195 16195 W service : type=1400 audit(0.0:72655): avc:  denied  { call } for  scontext=u:r:shell:s0 tcontext=u:r:hal_radio_default:s0 tclass=binder permissive=0
06-20 10:43:57.576 16195 16195 W libbinder.BackendUnifiedServiceManager: Thread Pool max thread count is 0. Cannot cache binder as linkToDeath cannot be implemented. serviceName: android.hardware.radio.messaging.IRadioMessaging/slot1
06-20 10:43:57.593   713 16199 D ReflectedParamUpdater: extent() != 1 for single value type: output.subscribed-indices.values
06-20 10:43:57.596 14905 15297 D nativeloader: Load /product/priv-app/PrebuiltBugle/PrebuiltBugle.apk!/lib/x86_64/libtflite_jni.so using class loader ns product-clns-10 (caller=/product/priv-app/PrebuiltBugle/PrebuiltBugle.apk!classes3.dex): ok
06-20 10:43:57.597 15957 16205 W m.xxmauro.sayup: Verification of void com.facebook.react.packagerconnection.JSPackagerClient.abortOnMessage(java.lang.Object, java.lang.String) took 118.413ms (295.57 bytecodes/s) (0B arena alloc)
06-20 10:43:57.605   713 16199 D ReflectedParamUpdater: extent() != 1 for single value type: input.buffers.allocator-ids.values
06-20 10:43:57.614 16190 16190 W libbinder.BackendUnifiedServiceManager: Thread Pool max thread count is 0. Cannot cache binder as linkToDeath cannot be implemented. serviceName: android.hardware.security.sharedsecret.ISharedSecret/gatekeeper
06-20 10:43:57.617   713 16199 D ReflectedParamUpdater: extent() != 1 for single value type: output.buffers.allocator-ids.values
06-20 10:43:57.618 16190 16190 E libbinder.IPCThreadState: Binder transaction failure. id: 2317806, cmd: BR_FAILED_REPLY (29201), error: -1 (Operation not permitted)
06-20 10:43:57.621 16190 16190 W libbinder.BackendUnifiedServiceManager: Thread Pool max thread count is 0. Cannot cache binder as linkToDeath cannot be implemented. serviceName: android.hardware.sensors.ISensors/default
06-20 10:43:57.622 16190 16190 E libbinder.IPCThreadState: Binder transaction failure. id: 2317811, cmd: BR_FAILED_REPLY (29201), error: -1 (Operation not permitted)
06-20 10:43:57.632 16190 16190 W libbinder.BackendUnifiedServiceManager: Thread Pool max thread count is 0. Cannot cache binder as linkToDeath cannot be implemented. serviceName: android.hardware.thermal.IThermal/default
06-20 10:43:57.632 16190 16190 E libbinder.IPCThreadState: Binder transaction failure. id: 2317817, cmd: BR_FAILED_REPLY (29201), error: -1 (Operation not permitted)
06-20 10:43:57.633 16190 16190 W libbinder.BackendUnifiedServiceManager: Thread Pool max thread count is 0. Cannot cache binder as linkToDeath cannot be implemented. serviceName: android.hardware.threadnetwork.IThreadChip/chip0
06-20 10:43:57.633 16190 16190 E libbinder.IPCThreadState: Binder transaction failure. id: 2317821, cmd: BR_FAILED_REPLY (29201), error: -1 (Operation not permitted)
06-20 10:43:57.633   713 16199 D ReflectedParamUpdater: extent() != 1 for single value type: algo.buffers.allocator-ids.values
06-20 10:43:57.635 16190 16190 W libbinder.BackendUnifiedServiceManager: Thread Pool max thread count is 0. Cannot cache binder as linkToDeath cannot be implemented. serviceName: android.hardware.usb.IUsb/default
06-20 10:43:57.641 16195 16195 E libbinder.IPCThreadState: Binder transaction failure. id: 2317790, cmd: BR_FAILED_REPLY (29201), error: -1 (Operation not permitted)
06-20 10:43:57.641 16190 16190 E libbinder.IPCThreadState: Binder transaction failure. id: 2317825, cmd: BR_FAILED_REPLY (29201), error: -1 (Operation not permitted)
06-20 10:43:57.644 16190 16190 W libbinder.BackendUnifiedServiceManager: Thread Pool max thread count is 0. Cannot cache binder as linkToDeath cannot be implemented. serviceName: android.hardware.uwb.IUwb/default
06-20 10:43:57.645 16190 16190 E libbinder.IPCThreadState: Binder transaction failure. id: 2317830, cmd: BR_FAILED_REPLY (29201), error: -1 (Operation not permitted)
06-20 10:43:57.649 16190 16190 W libbinder.BackendUnifiedServiceManager: Thread Pool max thread count is 0. Cannot cache binder as linkToDeath cannot be implemented. serviceName: android.hardware.vibrator.IVibrator/default
06-20 10:43:57.653   803  1906 W FastPrintWriter: Write failure
06-20 10:43:57.653   803  1906 W FastPrintWriter: java.io.IOException: write failed: EPIPE (Broken pipe)
06-20 10:43:57.653   803  1906 W FastPrintWriter: 	at libcore.io.IoBridge.write(IoBridge.java:651)
06-20 10:43:57.653   803  1906 W FastPrintWriter: 	at java.io.FileOutputStream.write(FileOutputStream.java:436)
06-20 10:43:57.653   803  1906 W FastPrintWriter: 	at com.android.internal.util.FastPrintWriter.flushBytesLocked(FastPrintWriter.java:355)
06-20 10:43:57.653   803  1906 W FastPrintWriter: 	at com.android.internal.util.FastPrintWriter.flushLocked(FastPrintWriter.java:378)
06-20 10:43:57.653   803  1906 W FastPrintWriter: 	at com.android.internal.util.FastPrintWriter.appendLocked(FastPrintWriter.java:323)
06-20 10:43:57.653   803  1906 W FastPrintWriter: 	at com.android.internal.util.FastPrintWriter.print(FastPrintWriter.java:500)
06-20 10:43:57.653   803  1906 W FastPrintWriter: 	at com.android.server.am.ServiceRecord.dumpReasonCode(ServiceRecord.java:918)
06-20 10:43:57.653   803  1906 W FastPrintWriter: 	at com.android.server.am.ServiceRecord.dump(ServiceRecord.java:988)
06-20 10:43:57.653   803  1906 W FastPrintWriter: 	at com.android.server.am.ActiveServices$ServiceDumper.dumpServiceLocalLocked(ActiveServices.java:8212)
06-20 10:43:57.653   803  1906 W FastPrintWriter: 	at com.android.server.am.ActiveServices$ServiceDumper.dumpLocked(ActiveServices.java:8136)
06-20 10:43:57.653   803  1906 W FastPrintWriter: 	at com.android.server.am.ActivityManagerService.doDump(ActivityManagerService.java:11017)
06-20 10:43:57.653   803  1906 W FastPrintWriter: 	at com.android.server.am.ActivityManagerService.-$$Nest$mdoDump(ActivityManagerService.java:0)
06-20 10:43:57.653   803  1906 W FastPrintWriter: 	at com.android.server.am.ActivityManagerService$1.dump(ActivityManagerService.java:804)
06-20 10:43:57.653   803  1906 W FastPrintWriter: 	at com.android.server.utils.PriorityDump.dump(PriorityDump.java:182)
06-20 10:43:57.653   803  1906 W FastPrintWriter: 	at com.android.server.am.ActivityManagerService.dump(ActivityManagerService.java:10472)
06-20 10:43:57.653   803  1906 W FastPrintWriter: 	at android.os.Binder.doDump(Binder.java:1104)
06-20 10:43:57.653   803  1906 W FastPrintWriter: 	at android.os.Binder.dump(Binder.java:1094)
06-20 10:43:57.653   803  1906 W FastPrintWriter: 	at android.os.Binder.onTransact(Binder.java:940)
06-20 10:43:57.653   803  1906 W FastPrintWriter: 	at android.app.IActivityManager$Stub.onTransact(IActivityManager.java:5853)
06-20 10:43:57.653   803  1906 W FastPrintWriter: 	at com.android.server.am.ActivityManagerService.onTransact(ActivityManagerService.java:2768)
06-20 10:43:57.653   803  1906 W FastPrintWriter: 	at android.os.Binder.execTransactInternal(Binder.java:1478)
06-20 10:43:57.653   803  1906 W FastPrintWriter: 	at android.os.Binder.execTransact(Binder.java:1418)
06-20 10:43:57.653   803  1906 W FastPrintWriter: Caused by: android.system.ErrnoException: write failed: EPIPE (Broken pipe)
06-20 10:43:57.653   803  1906 W FastPrintWriter: 	at libcore.io.Linux.writeBytes(Native Method)
06-20 10:43:57.653   803  1906 W FastPrintWriter: 	at libcore.io.Linux.write(Linux.java:338)
06-20 10:43:57.653   803  1906 W FastPrintWriter: 	at libcore.io.ForwardingOs.write(ForwardingOs.java:954)
06-20 10:43:57.653   803  1906 W FastPrintWriter: 	at libcore.io.BlockGuardOs.write(BlockGuardOs.java:448)
06-20 10:43:57.653   803  1906 W FastPrintWriter: 	at libcore.io.IoBridge.write(IoBridge.java:646)
06-20 10:43:57.653   803  1906 W FastPrintWriter: 	... 21 more
06-20 10:43:57.654 16190 16190 E libbinder.IPCThreadState: Binder transaction failure. id: 2317839, cmd: BR_FAILED_REPLY (29201), error: -1 (Operation not permitted)
06-20 10:43:57.656 16190 16190 W libbinder.BackendUnifiedServiceManager: Thread Pool max thread count is 0. Cannot cache binder as linkToDeath cannot be implemented. serviceName: android.hardware.vibrator.IVibratorManager/default
06-20 10:43:57.656 16190 16190 E libbinder.IPCThreadState: Binder transaction failure. id: 2317844, cmd: BR_FAILED_REPLY (29201), error: -1 (Operation not permitted)
06-20 10:43:57.656   713 16199 D ReflectedParamUpdater: extent() != 1 for single value type: output.buffers.pool-ids.values
06-20 10:43:57.656 16195 16195 W libbinder.BackendUnifiedServiceManager: Thread Pool max thread count is 0. Cannot cache binder as linkToDeath cannot be implemented. serviceName: android.hardware.radio.modem.IRadioModem/slot1
06-20 10:43:57.657 16195 16195 E libbinder.IPCThreadState: Binder transaction failure. id: 2317847, cmd: BR_FAILED_REPLY (29201), error: -1 (Operation not permitted)
06-20 10:43:57.657 16190 16190 W libbinder.BackendUnifiedServiceManager: Thread Pool max thread count is 0. Cannot cache binder as linkToDeath cannot be implemented. serviceName: android.hardware.wifi.IWifi/default
