06-20 10:38:08.327 13727 13727 W libbinder.BackendUnifiedServiceManager: Thread Pool max thread count is 0. Cannot cache binder as linkToDeath cannot be implemented. serviceName: activity
06-20 10:38:08.331 13709 13709 W libbinder.BackendUnifiedServiceManager: Thread Pool max thread count is 0. Cannot cache binder as linkToDeath cannot be implemented. serviceName: autofill
06-20 10:38:08.420 13717 13717 W libbinder.BackendUnifiedServiceManager: Thread Pool max thread count is 0. Cannot cache binder as linkToDeath cannot be implemented. serviceName: android.hardware.radio.network.IRadioNetwork/slot1
06-20 10:38:08.420 13717 13717 E libbinder.IPCThreadState: Binder transaction failure. id: 2096181, cmd: BR_FAILED_REPLY (29201), error: -1 (Operation not permitted)
06-20 10:38:08.425 13717 13717 W libbinder.BackendUnifiedServiceManager: Thread Pool max thread count is 0. Cannot cache binder as linkToDeath cannot be implemented. serviceName: android.hardware.radio.sap.ISap/slot1
06-20 10:38:08.426 13717 13717 E libbinder.IPCThreadState: Binder transaction failure. id: 2096190, cmd: BR_FAILED_REPLY (29201), error: -1 (Operation not permitted)
06-20 10:38:08.457 13709 13709 W libbinder.BackendUnifiedServiceManager: Thread Pool max thread count is 0. Cannot cache binder as linkToDeath cannot be implemented. serviceName: background_install_control
06-20 10:38:08.459 13717 13717 W libbinder.BackendUnifiedServiceManager: Thread Pool max thread count is 0. Cannot cache binder as linkToDeath cannot be implemented. serviceName: android.hardware.radio.sim.IRadioSim/slot1
06-20 10:38:08.465 13717 13717 E libbinder.IPCThreadState: Binder transaction failure. id: 2096215, cmd: BR_FAILED_REPLY (29201), error: -1 (Operation not permitted)
06-20 10:38:08.488 13717 13717 W libbinder.BackendUnifiedServiceManager: Thread Pool max thread count is 0. Cannot cache binder as linkToDeath cannot be implemented. serviceName: android.hardware.radio.voice.IRadioVoice/slot1
06-20 10:38:08.489 13717 13717 E libbinder.IPCThreadState: Binder transaction failure. id: 2096230, cmd: BR_FAILED_REPLY (29201), error: -1 (Operation not permitted)
06-20 10:38:08.494 13709 13709 W libbinder.BackendUnifiedServiceManager: Thread Pool max thread count is 0. Cannot cache binder as linkToDeath cannot be implemented. serviceName: backup
06-20 10:38:08.502 13717 13717 W libbinder.BackendUnifiedServiceManager: Thread Pool max thread count is 0. Cannot cache binder as linkToDeath cannot be implemented. serviceName: android.hardware.rebootescrow.IRebootEscrow/default
06-20 10:38:08.784 13709 13709 W libbinder.BackendUnifiedServiceManager: Thread Pool max thread count is 0. Cannot cache binder as linkToDeath cannot be implemented. serviceName: battery
06-20 10:38:08.789   803   835 I ActivityManager: Extending process start timeout by 5378ms for ProcessRecord{f4903da 13580:com.xxmauro.sayup/u0a227}
06-20 10:38:08.792 13709 13709 E libbinder.Parcel: Reading a NULL string not supported here.
06-20 10:38:08.798 13717 13717 E libbinder.IPCThreadState: Binder transaction failure. id: 2096251, cmd: BR_FAILED_REPLY (29201), error: -1 (Operation not permitted)
06-20 10:38:08.807 13709 13709 W libbinder.BackendUnifiedServiceManager: Thread Pool max thread count is 0. Cannot cache binder as linkToDeath cannot be implemented. serviceName: batteryproperties
06-20 10:38:08.794 13717 13717 W service : type=1400 audit(0.0:57567): avc:  denied  { call } for  scontext=u:r:shell:s0 tcontext=u:r:hal_rebootescrow_default:s0 tclass=binder permissive=0
06-20 10:38:08.860 13709 13709 W libbinder.BackendUnifiedServiceManager: Thread Pool max thread count is 0. Cannot cache binder as linkToDeath cannot be implemented. serviceName: batterystats
06-20 10:38:08.868 13643 13670 V ShellTaskOrganizer: Migrating cookie listener to task: taskId=23
06-20 10:38:08.868 13643 13670 V ShellTaskOrganizer: Task appeared taskId=23 listener=com.android.wm.shell.splitscreen.StageCoordinator@74f8ce5
06-20 10:38:08.904 13717 13717 W libbinder.BackendUnifiedServiceManager: Thread Pool max thread count is 0. Cannot cache binder as linkToDeath cannot be implemented. serviceName: android.hardware.security.keymint.IRemotelyProvisionedComponent/default
06-20 10:38:08.905 13643 13670 D ShellSplitScreen: onTaskAppeared: task=TaskInfo{userId=0 taskId=23 effectiveUid=0 displayId=0 isRunning=false baseIntent=Intent {  } baseActivity=null topActivity=null origActivity=null realActivity=null numActivities=0 lastActiveTime=2015353 supportsMultiWindow=true resizeMode=2 isResizeable=true minWidth=-1 minHeight=-1 defaultMinSize=220 token=WCT{android.os.BinderProxy@a09c0c1} topActivityType=0 pictureInPictureParams=null shouldDockBigOverlays=false launchIntoPipHostTaskId=-1 lastParentTaskIdBeforePip=-1 displayCutoutSafeInsets=Rect(0, 0 - 0, 0) topActivityInfo=null launchCookies=[android.os.Binder@7eaf3ba] positionInParent=Point(0, 0) parentTaskId=-1 isFocused=false isVisible=false isVisibleRequested=false isTopActivityNoDisplay=false isSleeping=true locusId=null displayAreaFeatureId=1 isTopActivityTransparent=false isActivityStackTransparent=true lastNonFullscreenBounds=null capturedLink=null capturedLinkTimestamp=0 requestedVisibleTypes=503 topActivityRequestOpenInBrowserEducationTimestamp=0 appCompatTaskInfo=AppCompatTaskInfo { topActivityInSizeCompat=false isLeafTask= true eligibleForLetterboxEducation= false isLetterboxEducationEnabled= false isLetterboxDoubleTapEnabled= false eligibleForUserAspectRatioButton= false topActivityBoundsLetterboxed= false isFromLetterboxDoubleTap= false topActivityLetterboxVerticalPosition= -1 topActivityLetterboxHorizontalPosition= -1 topActivityLetterboxWidth=-1 topActivityLetterboxHeight=-1 topActivityAppBounds=Rect(0, 0 - 0, 0) isUserFullscreenOverrideEnabled=false isSystemFullscreenOverrideEnabled=false hasMinAspectRatioOverride=false topActivityLetterboxBounds=null cameraCompatTaskInfo=CameraCompatTaskInfo { cameraCompatMode=undefinedundefined} topNonResizableActivityAspectRatio=-1.0} topActivityMainWindowFrame=null isAppBubble=false}
06-20 10:38:08.908 13709 13709 W libbinder.BackendUnifiedServiceManager: Thread Pool max thread count is 0. Cannot cache binder as linkToDeath cannot be implemented. serviceName: binder_calls_stats
06-20 10:38:08.912 13709 13709 E libbinder.Parcel: Reading a NULL string not supported here.
06-20 10:38:08.917 13643 13670 V ShellSplitScreen: Updating status bar for split, no change in state
06-20 10:38:08.924 13643 13670 D ShellSplitScreen: onRootTaskAppeared: rootTask=TaskInfo{userId=0 taskId=23 effectiveUid=0 displayId=0 isRunning=false baseIntent=Intent {  } baseActivity=null topActivity=null origActivity=null realActivity=null numActivities=0 lastActiveTime=2015353 supportsMultiWindow=true resizeMode=2 isResizeable=true minWidth=-1 minHeight=-1 defaultMinSize=220 token=WCT{android.os.BinderProxy@a09c0c1} topActivityType=0 pictureInPictureParams=null shouldDockBigOverlays=false launchIntoPipHostTaskId=-1 lastParentTaskIdBeforePip=-1 displayCutoutSafeInsets=Rect(0, 0 - 0, 0) topActivityInfo=null launchCookies=[android.os.Binder@7eaf3ba] positionInParent=Point(0, 0) parentTaskId=-1 isFocused=false isVisible=false isVisibleRequested=false isTopActivityNoDisplay=false isSleeping=true locusId=null displayAreaFeatureId=1 isTopActivityTransparent=false isActivityStackTransparent=true lastNonFullscreenBounds=null capturedLink=null capturedLinkTimestamp=0 requestedVisibleTypes=503 topActivityRequestOpenInBrowserEducationTimestamp=0 appCompatTaskInfo=AppCompatTaskInfo { topActivityInSizeCompat=false isLeafTask= true eligibleForLetterboxEducation= false isLetterboxEducationEnabled= false isLetterboxDoubleTapEnabled= false eligibleForUserAspectRatioButton= false topActivityBoundsLetterboxed= false isFromLetterboxDoubleTap= false topActivityLetterboxVerticalPosition= -1 topActivityLetterboxHorizontalPosition= -1 topActivityLetterboxWidth=-1 topActivityLetterboxHeight=-1 topActivityAppBounds=Rect(0, 0 - 0, 0) isUserFullscreenOverrideEnabled=false isSystemFullscreenOverrideEnabled=false hasMinAspectRatioOverride=false topActivityLetterboxBounds=null cameraCompatTaskInfo=CameraCompatTaskInfo { cameraCompatMode=undefinedundefined} topNonResizableActivityAspectRatio=-1.0} topActivityMainWindowFrame=null isAppBubble=false} mainRoot=false sideRoot=false
06-20 10:38:08.963 13643 13670 V ShellTaskOrganizer: Migrating cookie listener to task: taskId=24
06-20 10:38:08.964 13643 13670 V ShellTaskOrganizer: Task appeared taskId=24 listener=StageTaskListener(mId=MAIN, mVisible=false, mActive=false, mHasRootTask=false, childSize=0)
06-20 10:38:08.964 13643 13670 D ShellSplitScreen: onTaskAppeared: taskId=24 taskParent=-1 rootTask=-1 stageId=MAIN taskActivity=null displayId=0
06-20 10:38:08.964 13643 13670 D ShellSplitScreen: onRootTaskAppeared: rootTask=TaskInfo{userId=0 taskId=23 effectiveUid=0 displayId=0 isRunning=false baseIntent=Intent {  } baseActivity=null topActivity=null origActivity=null realActivity=null numActivities=0 lastActiveTime=2015353 supportsMultiWindow=true resizeMode=2 isResizeable=true minWidth=-1 minHeight=-1 defaultMinSize=220 token=WCT{android.os.BinderProxy@a09c0c1} topActivityType=0 pictureInPictureParams=null shouldDockBigOverlays=false launchIntoPipHostTaskId=-1 lastParentTaskIdBeforePip=-1 displayCutoutSafeInsets=Rect(0, 0 - 0, 0) topActivityInfo=null launchCookies=[android.os.Binder@7eaf3ba] positionInParent=Point(0, 0) parentTaskId=-1 isFocused=false isVisible=false isVisibleRequested=false isTopActivityNoDisplay=false isSleeping=true locusId=null displayAreaFeatureId=1 isTopActivityTransparent=false isActivityStackTransparent=true lastNonFullscreenBounds=null capturedLink=null capturedLinkTimestamp=0 requestedVisibleTypes=503 topActivityRequestOpenInBrowserEducationTimestamp=0 appCompatTaskInfo=AppCompatTaskInfo { topActivityInSizeCompat=false isLeafTask= true eligibleForLetterboxEducation= false isLetterboxEducationEnabled= false isLetterboxDoubleTapEnabled= false eligibleForUserAspectRatioButton= false topActivityBoundsLetterboxed= false isFromLetterboxDoubleTap= false topActivityLetterboxVerticalPosition= -1 topActivityLetterboxHorizontalPosition= -1 topActivityLetterboxWidth=-1 topActivityLetterboxHeight=-1 topActivityAppBounds=Rect(0, 0 - 0, 0) isUserFullscreenOverrideEnabled=false isSystemFullscreenOverrideEnabled=false hasMinAspectRatioOverride=false topActivityLetterboxBounds=null cameraCompatTaskInfo=CameraCompatTaskInfo { cameraCompatMode=undefinedundefined} topNonResizableActivityAspectRatio=-1.0} topActivityMainWindowFrame=null isAppBubble=false} mainRoot=true sideRoot=false
06-20 10:38:08.968 13709 13709 W libbinder.BackendUnifiedServiceManager: Thread Pool max thread count is 0. Cannot cache binder as linkToDeath cannot be implemented. serviceName: biometric
06-20 10:38:08.981 13643 13670 V ShellTaskOrganizer: Migrating cookie listener to task: taskId=25
06-20 10:38:08.982 13643 13670 V ShellTaskOrganizer: Task appeared taskId=25 listener=StageTaskListener(mId=SIDE, mVisible=false, mActive=false, mHasRootTask=false, childSize=0)
06-20 10:38:08.982 13643 13670 D ShellSplitScreen: onTaskAppeared: taskId=25 taskParent=-1 rootTask=-1 stageId=SIDE taskActivity=null displayId=0
06-20 10:38:08.983 13643 13670 D ShellSplitScreen: onRootTaskAppeared: rootTask=TaskInfo{userId=0 taskId=23 effectiveUid=0 displayId=0 isRunning=false baseIntent=Intent {  } baseActivity=null topActivity=null origActivity=null realActivity=null numActivities=0 lastActiveTime=2015353 supportsMultiWindow=true resizeMode=2 isResizeable=true minWidth=-1 minHeight=-1 defaultMinSize=220 token=WCT{android.os.BinderProxy@a09c0c1} topActivityType=0 pictureInPictureParams=null shouldDockBigOverlays=false launchIntoPipHostTaskId=-1 lastParentTaskIdBeforePip=-1 displayCutoutSafeInsets=Rect(0, 0 - 0, 0) topActivityInfo=null launchCookies=[android.os.Binder@7eaf3ba] positionInParent=Point(0, 0) parentTaskId=-1 isFocused=false isVisible=false isVisibleRequested=false isTopActivityNoDisplay=false isSleeping=true locusId=null displayAreaFeatureId=1 isTopActivityTransparent=false isActivityStackTransparent=true lastNonFullscreenBounds=null capturedLink=null capturedLinkTimestamp=0 requestedVisibleTypes=503 topActivityRequestOpenInBrowserEducationTimestamp=0 appCompatTaskInfo=AppCompatTaskInfo { topActivityInSizeCompat=false isLeafTask= true eligibleForLetterboxEducation= false isLetterboxEducationEnabled= false isLetterboxDoubleTapEnabled= false eligibleForUserAspectRatioButton= false topActivityBoundsLetterboxed= false isFromLetterboxDoubleTap= false topActivityLetterboxVerticalPosition= -1 topActivityLetterboxHorizontalPosition= -1 topActivityLetterboxWidth=-1 topActivityLetterboxHeight=-1 topActivityAppBounds=Rect(0, 0 - 0, 0) isUserFullscreenOverrideEnabled=false isSystemFullscreenOverrideEnabled=false hasMinAspectRatioOverride=false topActivityLetterboxBounds=null cameraCompatTaskInfo=CameraCompatTaskInfo { cameraCompatMode=undefinedundefined} topNonResizableActivityAspectRatio=-1.0} topActivityMainWindowFrame=null isAppBubble=false} mainRoot=true sideRoot=true
06-20 10:38:08.987   803  1763 E TransitionChain: Can't collect into a chain with no transition
06-20 10:38:08.988   803  1763 E TransitionChain: Can't collect into a chain with no transition
06-20 10:38:08.989   803  1763 W TaskOrganizerController: The starting window is created without transition.
06-20 10:38:09.002 13709 13709 W libbinder.BackendUnifiedServiceManager: Thread Pool max thread count is 0. Cannot cache binder as linkToDeath cannot be implemented. serviceName: blob_store
06-20 10:38:09.005 13717 13717 W libbinder.BackendUnifiedServiceManager: Thread Pool max thread count is 0. Cannot cache binder as linkToDeath cannot be implemented. serviceName: android.hardware.security.sharedsecret.ISharedSecret/gatekeeper
06-20 10:38:09.005 13717 13717 E libbinder.IPCThreadState: Binder transaction failure. id: 2096363, cmd: BR_FAILED_REPLY (29201), error: -1 (Operation not permitted)
06-20 10:38:09.009 13717 13717 W libbinder.BackendUnifiedServiceManager: Thread Pool max thread count is 0. Cannot cache binder as linkToDeath cannot be implemented. serviceName: android.hardware.sensors.ISensors/default
06-20 10:38:09.010 13717 13717 E libbinder.IPCThreadState: Binder transaction failure. id: 2096367, cmd: BR_FAILED_REPLY (29201), error: -1 (Operation not permitted)
06-20 10:38:09.016 13717 13717 W libbinder.BackendUnifiedServiceManager: Thread Pool max thread count is 0. Cannot cache binder as linkToDeath cannot be implemented. serviceName: android.hardware.thermal.IThermal/default
06-20 10:38:09.016 13717 13717 E libbinder.IPCThreadState: Binder transaction failure. id: 2096373, cmd: BR_FAILED_REPLY (29201), error: -1 (Operation not permitted)
06-20 10:38:09.020 13717 13717 W libbinder.BackendUnifiedServiceManager: Thread Pool max thread count is 0. Cannot cache binder as linkToDeath cannot be implemented. serviceName: android.hardware.threadnetwork.IThreadChip/chip0
06-20 10:38:09.024 13717 13717 E libbinder.IPCThreadState: Binder transaction failure. id: 2096378, cmd: BR_FAILED_REPLY (29201), error: -1 (Operation not permitted)
06-20 10:38:09.029 13717 13717 W libbinder.BackendUnifiedServiceManager: Thread Pool max thread count is 0. Cannot cache binder as linkToDeath cannot be implemented. serviceName: android.hardware.usb.IUsb/default
06-20 10:38:09.029 13717 13717 E libbinder.IPCThreadState: Binder transaction failure. id: 2096385, cmd: BR_FAILED_REPLY (29201), error: -1 (Operation not permitted)
06-20 10:38:09.033 13709 13709 W libbinder.BackendUnifiedServiceManager: Thread Pool max thread count is 0. Cannot cache binder as linkToDeath cannot be implemented. serviceName: bluetooth_manager
06-20 10:38:09.002 13717 13717 W service : type=1400 audit(0.0:57568): avc:  denied  { call } for  scontext=u:r:shell:s0 tcontext=u:r:hal_gatekeeper_default:s0 tclass=binder permissive=0
06-20 10:38:09.052 13717 13717 W libbinder.BackendUnifiedServiceManager: Thread Pool max thread count is 0. Cannot cache binder as linkToDeath cannot be implemented. serviceName: android.hardware.uwb.IUwb/default
06-20 10:38:09.052 13717 13717 E libbinder.IPCThreadState: Binder transaction failure. id: 2096399, cmd: BR_FAILED_REPLY (29201), error: -1 (Operation not permitted)
06-20 10:38:09.058 13717 13717 W libbinder.BackendUnifiedServiceManager: Thread Pool max thread count is 0. Cannot cache binder as linkToDeath cannot be implemented. serviceName: android.hardware.vibrator.IVibrator/default
06-20 10:38:09.060 13643 13670 D ShellTaskOrganizer: set new launch adjacent flag root container
06-20 10:38:09.060 13643 13670 V ShellTaskOrganizer: enable launch adjacent flag root container
06-20 10:38:09.061 13709 13709 W libbinder.BackendUnifiedServiceManager: Thread Pool max thread count is 0. Cannot cache binder as linkToDeath cannot be implemented. serviceName: bugreport
06-20 10:38:09.064 13732 13732 W libbinder.BackendUnifiedServiceManager: Thread Pool max thread count is 0. Cannot cache binder as linkToDeath cannot be implemented. serviceName: DockObserver
06-20 10:38:09.006 13717 13717 W service : type=1400 audit(0.0:57569): avc:  denied  { call } for  scontext=u:r:shell:s0 tcontext=u:r:hal_sensors_default:s0 tclass=binder permissive=0
06-20 10:38:09.069 13709 13709 W libbinder.BackendUnifiedServiceManager: Thread Pool max thread count is 0. Cannot cache binder as linkToDeath cannot be implemented. serviceName: cacheinfo
06-20 10:38:09.070 13643 13670 I Choreographer: Skipped 43 frames!  The application may be doing too much work on its main thread.
06-20 10:38:09.080 13709 13709 E libbinder.Parcel: Reading a NULL string not supported here.
06-20 10:38:09.091 13732 13732 E libbinder.Parcel: Reading a NULL string not supported here.
06-20 10:38:09.094 13732 13732 W libbinder.BackendUnifiedServiceManager: Thread Pool max thread count is 0. Cannot cache binder as linkToDeath cannot be implemented. serviceName: SurfaceFlinger
06-20 10:38:09.095 13709 13709 W libbinder.BackendUnifiedServiceManager: Thread Pool max thread count is 0. Cannot cache binder as linkToDeath cannot be implemented. serviceName: carrier_config
06-20 10:38:09.100 13732 13732 W libbinder.BackendUnifiedServiceManager: Thread Pool max thread count is 0. Cannot cache binder as linkToDeath cannot be implemented. serviceName: SurfaceFlingerAIDL
06-20 10:38:09.105 13709 13709 W libbinder.BackendUnifiedServiceManager: Thread Pool max thread count is 0. Cannot cache binder as linkToDeath cannot be implemented. serviceName: clipboard
06-20 10:38:09.116 13709 13709 W libbinder.BackendUnifiedServiceManager: Thread Pool max thread count is 0. Cannot cache binder as linkToDeath cannot be implemented. serviceName: color_display
06-20 10:38:09.014 13717 13717 W service : type=1400 audit(0.0:57570): avc:  denied  { call } for  scontext=u:r:shell:s0 tcontext=u:r:hal_thermal_default:s0 tclass=binder permissive=0
06-20 10:38:09.125 13643 13654 V WindowManagerShell: SyncTransactionQueue.onTransactionReady(): syncId=27
06-20 10:38:09.125 13717 13717 E libbinder.IPCThreadState: Binder transaction failure. id: 2096416, cmd: BR_FAILED_REPLY (29201), error: -1 (Operation not permitted)
06-20 10:38:09.127 13709 13709 W libbinder.BackendUnifiedServiceManager: Thread Pool max thread count is 0. Cannot cache binder as linkToDeath cannot be implemented. serviceName: companiondevice
06-20 10:38:09.128 13732 13732 W libbinder.BackendUnifiedServiceManager: Thread Pool max thread count is 0. Cannot cache binder as linkToDeath cannot be implemented. serviceName: accessibility
06-20 10:38:09.131 13717 13717 W libbinder.BackendUnifiedServiceManager: Thread Pool max thread count is 0. Cannot cache binder as linkToDeath cannot be implemented. serviceName: android.hardware.vibrator.IVibratorManager/default
06-20 10:38:09.132 13717 13717 E libbinder.IPCThreadState: Binder transaction failure. id: 2096482, cmd: BR_FAILED_REPLY (29201), error: -1 (Operation not permitted)
06-20 10:38:09.137 13717 13717 W libbinder.BackendUnifiedServiceManager: Thread Pool max thread count is 0. Cannot cache binder as linkToDeath cannot be implemented. serviceName: android.hardware.wifi.IWifi/default
06-20 10:38:09.138 13717 13717 E libbinder.IPCThreadState: Binder transaction failure. id: 2096486, cmd: BR_FAILED_REPLY (29201), error: -1 (Operation not permitted)
06-20 10:38:09.147 13709 13709 W libbinder.BackendUnifiedServiceManager: Thread Pool max thread count is 0. Cannot cache binder as linkToDeath cannot be implemented. serviceName: connectivity
06-20 10:38:09.148 13717 13717 W libbinder.BackendUnifiedServiceManager: Thread Pool max thread count is 0. Cannot cache binder as linkToDeath cannot be implemented. serviceName: android.hardware.wifi.supplicant.ISupplicant/default
06-20 10:38:09.149 13717 13717 E libbinder.IPCThreadState: Binder transaction failure. id: 2096498, cmd: BR_FAILED_REPLY (29201), error: -1 (Operation not permitted)
06-20 10:38:09.018 13717 13717 W service : type=1400 audit(0.0:57571): avc:  denied  { call } for  scontext=u:r:shell:s0 tcontext=u:r:hal_threadnetwork_default:s0 tclass=binder permissive=0
06-20 10:38:09.151 13717 13717 W libbinder.BackendUnifiedServiceManager: Thread Pool max thread count is 0. Cannot cache binder as linkToDeath cannot be implemented. serviceName: android.security.apc
06-20 10:38:09.151 13709 13709 W libbinder.BackendUnifiedServiceManager: Thread Pool max thread count is 0. Cannot cache binder as linkToDeath cannot be implemented. serviceName: connectivity_native
06-20 10:38:09.152 13732 13732 W libbinder.BackendUnifiedServiceManager: Thread Pool max thread count is 0. Cannot cache binder as linkToDeath cannot be implemented. serviceName: account
06-20 10:38:09.158 13732 13732 W libbinder.BackendUnifiedServiceManager: Thread Pool max thread count is 0. Cannot cache binder as linkToDeath cannot be implemented. serviceName: activity
06-20 10:38:09.167 13709 13709 W libbinder.BackendUnifiedServiceManager: Thread Pool max thread count is 0. Cannot cache binder as linkToDeath cannot be implemented. serviceName: connmetrics
06-20 10:38:09.169 13717 13717 W libbinder.BackendUnifiedServiceManager: Thread Pool max thread count is 0. Cannot cache binder as linkToDeath cannot be implemented. serviceName: android.security.authorization
06-20 10:38:09.169 13732 13732 W libbinder.BackendUnifiedServiceManager: Thread Pool max thread count is 0. Cannot cache binder as linkToDeath cannot be implemented. serviceName: activity_task
06-20 10:38:09.179 13709 13709 W libbinder.BackendUnifiedServiceManager: Thread Pool max thread count is 0. Cannot cache binder as linkToDeath cannot be implemented. serviceName: content
06-20 10:38:09.180 13717 13717 W libbinder.BackendUnifiedServiceManager: Thread Pool max thread count is 0. Cannot cache binder as linkToDeath cannot be implemented. serviceName: android.security.compat
06-20 10:38:09.181 13732 13732 W libbinder.BackendUnifiedServiceManager: Thread Pool max thread count is 0. Cannot cache binder as linkToDeath cannot be implemented. serviceName: adb
06-20 10:38:09.185 13709 13709 W libbinder.BackendUnifiedServiceManager: Thread Pool max thread count is 0. Cannot cache binder as linkToDeath cannot be implemented. serviceName: content_capture
06-20 10:38:09.187 13717 13717 W libbinder.BackendUnifiedServiceManager: Thread Pool max thread count is 0. Cannot cache binder as linkToDeath cannot be implemented. serviceName: android.security.identity
06-20 10:38:09.187 13732 13732 W libbinder.BackendUnifiedServiceManager: Thread Pool max thread count is 0. Cannot cache binder as linkToDeath cannot be implemented. serviceName: adservices_manager
06-20 10:38:09.196   803  1013 D BackgroundInstallControlService: Package event received: 0
06-20 10:38:09.196   803  1013 D BackgroundInstallControlService: Package event received: 0
06-20 10:38:09.199 13717 13717 W libbinder.BackendUnifiedServiceManager: Thread Pool max thread count is 0. Cannot cache binder as linkToDeath cannot be implemented. serviceName: android.security.legacykeystore
06-20 10:38:09.201 13732 13732 W libbinder.BackendUnifiedServiceManager: Thread Pool max thread count is 0. Cannot cache binder as linkToDeath cannot be implemented. serviceName: advanced_protection
06-20 10:38:09.204 13717 13717 W libbinder.BackendUnifiedServiceManager: Thread Pool max thread count is 0. Cannot cache binder as linkToDeath cannot be implemented. serviceName: android.security.maintenance
06-20 10:38:09.205 13709 13709 W libbinder.BackendUnifiedServiceManager: Thread Pool max thread count is 0. Cannot cache binder as linkToDeath cannot be implemented. serviceName: content_suggestions
06-20 10:38:09.210 13717 13717 W libbinder.BackendUnifiedServiceManager: Thread Pool max thread count is 0. Cannot cache binder as linkToDeath cannot be implemented. serviceName: android.security.metrics
06-20 10:38:09.214   803   826 W Looper  : Slow dispatch took 206ms android.ui app=system_server main=false group=TOP_APP h=com.android.server.wm.AppWarnings$UiHandler c=null m=7
06-20 10:38:09.241 13643 13670 V ShellDesktopMode: DesktopDisplayEventHandler: shouldCreateOrWarmUpDesk skipping displayId=0 reason: desktop ineligible
06-20 10:38:09.297 13732 13732 W libbinder.BackendUnifiedServiceManager: Thread Pool max thread count is 0. Cannot cache binder as linkToDeath cannot be implemented. serviceName: alarm
06-20 10:38:09.299 13717 13717 W libbinder.BackendUnifiedServiceManager: Thread Pool max thread count is 0. Cannot cache binder as linkToDeath cannot be implemented. serviceName: android.system.keystore2.IKeystoreService/default
06-20 10:38:09.301 13709 13709 W libbinder.BackendUnifiedServiceManager: Thread Pool max thread count is 0. Cannot cache binder as linkToDeath cannot be implemented. serviceName: contexthub
06-20 10:38:09.301 13732 13732 W libbinder.BackendUnifiedServiceManager: Thread Pool max thread count is 0. Cannot cache binder as linkToDeath cannot be implemented. serviceName: ambient_context
06-20 10:38:09.306 13732 13732 W libbinder.BackendUnifiedServiceManager: Thread Pool max thread count is 0. Cannot cache binder as linkToDeath cannot be implemented. serviceName: android.frameworks.cameraservice.service.ICameraService/default
06-20 10:38:09.313 13709 13709 W libbinder.BackendUnifiedServiceManager: Thread Pool max thread count is 0. Cannot cache binder as linkToDeath cannot be implemented. serviceName: country_detector
06-20 10:38:09.317 13717 13717 W libbinder.BackendUnifiedServiceManager: Thread Pool max thread count is 0. Cannot cache binder as linkToDeath cannot be implemented. serviceName: android.system.net.netd.INetd/default
06-20 10:38:09.317 13717 13717 E libbinder.IPCThreadState: Binder transaction failure. id: 2096666, cmd: BR_FAILED_REPLY (29201), error: -1 (Operation not permitted)
06-20 10:38:09.317 13643 13670 V WindowManagerShell: SyncTransactionQueue.onTransactionReady(): syncId=27 apply
06-20 10:38:09.320   803  1243 D ConnectivityService: requestNetwork for uid/pid:10194/13643 activeRequest: null callbackRequest: 314 [NetworkRequest [ REQUEST id=315, [ Capabilities: INTERNET&NOT_RESTRICTED&TRUSTED&NOT_VCN_MANAGED&NOT_BANDWIDTH_CONSTRAINED Uid: 10194 RequestorUid: 10194 RequestorPkg: com.android.systemui UnderlyingNetworks: Null] ]] callback flags: 1 order: 2147483647 isUidTracked: false declaredMethods: AVAIL|LOST|NC
06-20 10:38:09.323 13709 13709 W libbinder.BackendUnifiedServiceManager: Thread Pool max thread count is 0. Cannot cache binder as linkToDeath cannot be implemented. serviceName: cpuinfo
06-20 10:38:09.324 13717 13717 W libbinder.BackendUnifiedServiceManager: Thread Pool max thread count is 0. Cannot cache binder as linkToDeath cannot be implemented. serviceName: android.system.suspend.ISystemSuspend/default
06-20 10:38:09.324 13717 13717 E libbinder.IPCThreadState: Binder transaction failure. id: 2096678, cmd: BR_FAILED_REPLY (29201), error: -1 (Operation not permitted)
06-20 10:38:09.329 13717 13717 W libbinder.BackendUnifiedServiceManager: Thread Pool max thread count is 0. Cannot cache binder as linkToDeath cannot be implemented. serviceName: android.system.vmtethering.IVmTethering
06-20 10:38:09.331 13709 13709 E libbinder.Parcel: Reading a NULL string not supported here.
06-20 10:38:09.337 13709 13709 W libbinder.BackendUnifiedServiceManager: Thread Pool max thread count is 0. Cannot cache binder as linkToDeath cannot be implemented. serviceName: credential
06-20 10:38:09.340 13732 13732 W libbinder.BackendUnifiedServiceManager: Thread Pool max thread count is 0. Cannot cache binder as linkToDeath cannot be implemented. serviceName: android.frameworks.devicestate.IDeviceStateService/default
06-20 10:38:09.344 13643 13670 D ShellSplitScreen: onTaskInfoChanged: taskId=24 taskAct=null stageId=MAIN displayId=0
06-20 10:38:09.345 13643 13670 V ShellSplitScreen: Updating status bar for split, no change in state
06-20 10:38:09.347 13717 13717 W libbinder.BackendUnifiedServiceManager: Thread Pool max thread count is 0. Cannot cache binder as linkToDeath cannot be implemented. serviceName: android.system.vold.IVold/default
06-20 10:38:09.349 13717 13717 E libbinder.IPCThreadState: Binder transaction failure. id: 2096718, cmd: BR_FAILED_REPLY (29201), error: -1 (Operation not permitted)
06-20 10:38:09.349 13732 13732 W libbinder.BackendUnifiedServiceManager: Thread Pool max thread count is 0. Cannot cache binder as linkToDeath cannot be implemented. serviceName: android.frameworks.location.altitude.IAltitudeService/default
06-20 10:38:09.356 13717 13717 W libbinder.BackendUnifiedServiceManager: Thread Pool max thread count is 0. Cannot cache binder as linkToDeath cannot be implemented. serviceName: app_binding
06-20 10:38:09.367 13717 13717 E libbinder.Parcel: Reading a NULL string not supported here.
06-20 10:38:09.368 13643 13670 D ShellSplitScreen: Updating status bar override leftRight=false currentSplit=-1 splitVisible=false overridden=false
06-20 10:38:09.369 13643 13670 D ShellSplitScreen: No change in status bar override state
06-20 10:38:09.372 13709 13709 W libbinder.BackendUnifiedServiceManager: Thread Pool max thread count is 0. Cannot cache binder as linkToDeath cannot be implemented. serviceName: crossprofileapps
06-20 10:38:09.373 13717 13717 W libbinder.BackendUnifiedServiceManager: Thread Pool max thread count is 0. Cannot cache binder as linkToDeath cannot be implemented. serviceName: app_function
06-20 10:38:09.377 13643 13670 D ShellSplitScreen: onTaskInfoChanged: taskId=25 taskAct=null stageId=SIDE displayId=0
06-20 10:38:09.379 13643 13734 V WindowManagerShell: SyncTransactionQueue.onTransactionReady(): syncId=28
06-20 10:38:09.381 13732 13732 W libbinder.BackendUnifiedServiceManager: Thread Pool max thread count is 0. Cannot cache binder as linkToDeath cannot be implemented. serviceName: android.frameworks.sensorservice.ISensorManager/default
06-20 10:38:09.381 13643 13670 V WindowManagerShell: SyncTransactionQueue.onTransactionReady(): syncId=28 apply
06-20 10:38:09.388 13709 13709 W libbinder.BackendUnifiedServiceManager: Thread Pool max thread count is 0. Cannot cache binder as linkToDeath cannot be implemented. serviceName: dataloader_manager
06-20 10:38:09.389 13732 13732 W libbinder.BackendUnifiedServiceManager: Thread Pool max thread count is 0. Cannot cache binder as linkToDeath cannot be implemented. serviceName: android.frameworks.stats.IStats/default
06-20 10:38:09.398 13732 13732 W libbinder.BackendUnifiedServiceManager: Thread Pool max thread count is 0. Cannot cache binder as linkToDeath cannot be implemented. serviceName: android.frameworks.vibrator.IVibratorControlService/default
06-20 10:38:09.399 13709 13709 W libbinder.BackendUnifiedServiceManager: Thread Pool max thread count is 0. Cannot cache binder as linkToDeath cannot be implemented. serviceName: dbinfo
06-20 10:38:09.397   803   955 D OemPaidWifiNetworkFactory: got request NetworkRequest [ REQUEST id=315, [ Capabilities: INTERNET&NOT_RESTRICTED&TRUSTED&NOT_VCN_MANAGED&NOT_BANDWIDTH_CONSTRAINED Uid: 10194 RequestorUid: 10194 RequestorPkg: com.android.systemui UnderlyingNetworks: Null] ]
06-20 10:38:09.400 13717 13717 W libbinder.BackendUnifiedServiceManager: Thread Pool max thread count is 0. Cannot cache binder as linkToDeath cannot be implemented. serviceName: app_hibernation
06-20 10:38:09.418 13732 13732 W libbinder.BackendUnifiedServiceManager: Thread Pool max thread count is 0. Cannot cache binder as linkToDeath cannot be implemented. serviceName: android.hardware.authsecret.IAuthSecret/default
06-20 10:38:09.419 13732 13732 E libbinder.IPCThreadState: Binder transaction failure. id: 2096787, cmd: BR_FAILED_REPLY (29201), error: -1 (Operation not permitted)
06-20 10:38:09.419   803   955 D MultiInternetWifiNetworkFactory: got request NetworkRequest [ REQUEST id=315, [ Capabilities: INTERNET&NOT_RESTRICTED&TRUSTED&NOT_VCN_MANAGED&NOT_BANDWIDTH_CONSTRAINED Uid: 10194 RequestorUid: 10194 RequestorPkg: com.android.systemui UnderlyingNetworks: Null] ]
06-20 10:38:09.420 13732 13732 E libbinder.IPCThreadState: Binder transaction failure. id: 2096791, cmd: BR_FAILED_REPLY (29201), error: -1 (Operation not permitted)
06-20 10:38:09.420   803   955 D WifiNetworkFactory: got request NetworkRequest [ REQUEST id=315, [ Capabilities: INTERNET&NOT_RESTRICTED&TRUSTED&NOT_VCN_MANAGED&NOT_BANDWIDTH_CONSTRAINED Uid: 10194 RequestorUid: 10194 RequestorPkg: com.android.systemui UnderlyingNetworks: Null] ]
06-20 10:38:09.423 13732 13732 W libbinder.BackendUnifiedServiceManager: Thread Pool max thread count is 0. Cannot cache binder as linkToDeath cannot be implemented. serviceName: android.hardware.bluetooth.IBluetoothHci/default
06-20 10:38:09.423 13732 13732 E libbinder.IPCThreadState: Binder transaction failure. id: 2096797, cmd: BR_FAILED_REPLY (29201), error: -1 (Operation not permitted)
06-20 10:38:09.423 13709 13709 E libbinder.Parcel: Reading a NULL string not supported here.
06-20 10:38:09.425 13732 13732 W libbinder.BackendUnifiedServiceManager: Thread Pool max thread count is 0. Cannot cache binder as linkToDeath cannot be implemented. serviceName: android.hardware.bluetooth.audio.IBluetoothAudioProviderFactory/default
06-20 10:38:09.425   803   955 D UntrustedWifiNetworkFactory: got request NetworkRequest [ REQUEST id=315, [ Capabilities: INTERNET&NOT_RESTRICTED&TRUSTED&NOT_VCN_MANAGED&NOT_BANDWIDTH_CONSTRAINED Uid: 10194 RequestorUid: 10194 RequestorPkg: com.android.systemui UnderlyingNetworks: Null] ]
06-20 10:38:09.425 13732 13732 E libbinder.IPCThreadState: Binder transaction failure. id: 2096803, cmd: BR_FAILED_REPLY (29201), error: -1 (Operation not permitted)
06-20 10:38:09.428   803   963 D ConnectivityService: NetReassign [315 : null → 100] [c 2] [a 60] [i 27]
06-20 10:38:09.435 13709 13709 W libbinder.BackendUnifiedServiceManager: Thread Pool max thread count is 0. Cannot cache binder as linkToDeath cannot be implemented. serviceName: device_config
06-20 10:38:09.435 13732 13732 W libbinder.BackendUnifiedServiceManager: Thread Pool max thread count is 0. Cannot cache binder as linkToDeath cannot be implemented. serviceName: android.hardware.bluetooth.offload.leaudio.IHciProxy/default
06-20 10:38:09.436 13732 13732 E libbinder.IPCThreadState: Binder transaction failure. id: 2096821, cmd: BR_FAILED_REPLY (29201), error: -1 (Operation not permitted)
06-20 10:38:09.437 13732 13732 W libbinder.BackendUnifiedServiceManager: Thread Pool max thread count is 0. Cannot cache binder as linkToDeath cannot be implemented. serviceName: android.hardware.camera.provider.ICameraProvider/internal/0
06-20 10:38:09.437 13732 13732 E libbinder.IPCThreadState: Binder transaction failure. id: 2096828, cmd: BR_FAILED_REPLY (29201), error: -1 (Operation not permitted)
06-20 10:38:09.442 13717 13717 W libbinder.BackendUnifiedServiceManager: Thread Pool max thread count is 0. Cannot cache binder as linkToDeath cannot be implemented. serviceName: app_integrity
06-20 10:38:09.444 13732 13732 W libbinder.BackendUnifiedServiceManager: Thread Pool max thread count is 0. Cannot cache binder as linkToDeath cannot be implemented. serviceName: android.hardware.camera.provider.ICameraProvider/internal/1
06-20 10:38:09.444 13709 13709 E libbinder.Parcel: Reading a NULL string not supported here.
06-20 10:38:09.445 13732 13732 E libbinder.IPCThreadState: Binder transaction failure. id: 2096839, cmd: BR_FAILED_REPLY (29201), error: -1 (Operation not permitted)
06-20 10:38:09.452 13732 13732 W libbinder.BackendUnifiedServiceManager: Thread Pool max thread count is 0. Cannot cache binder as linkToDeath cannot be implemented. serviceName: android.hardware.cas.IMediaCasService/default
06-20 10:38:09.452 13709 13709 W libbinder.BackendUnifiedServiceManager: Thread Pool max thread count is 0. Cannot cache binder as linkToDeath cannot be implemented. serviceName: device_identifiers
06-20 10:38:09.456 13717 13717 W libbinder.BackendUnifiedServiceManager: Thread Pool max thread count is 0. Cannot cache binder as linkToDeath cannot be implemented. serviceName: app_prediction
06-20 10:38:09.460 13709 13709 W libbinder.BackendUnifiedServiceManager: Thread Pool max thread count is 0. Cannot cache binder as linkToDeath cannot be implemented. serviceName: device_lock
06-20 10:38:09.465 13717 13717 W libbinder.BackendUnifiedServiceManager: Thread Pool max thread count is 0. Cannot cache binder as linkToDeath cannot be implemented. serviceName: app_search
06-20 10:38:09.467 13732 13732 W libbinder.BackendUnifiedServiceManager: Thread Pool max thread count is 0. Cannot cache binder as linkToDeath cannot be implemented. serviceName: android.hardware.contexthub.IContextHub/default
06-20 10:38:09.467 13732 13732 E libbinder.IPCThreadState: Binder transaction failure. id: 2096876, cmd: BR_FAILED_REPLY (29201), error: -1 (Operation not permitted)
06-20 10:38:09.471 13732 13732 W libbinder.BackendUnifiedServiceManager: Thread Pool max thread count is 0. Cannot cache binder as linkToDeath cannot be implemented. serviceName: android.hardware.drm.IDrmFactory/widevine
06-20 10:38:09.472 13709 13709 W libbinder.BackendUnifiedServiceManager: Thread Pool max thread count is 0. Cannot cache binder as linkToDeath cannot be implemented. serviceName: device_policy
06-20 10:38:09.484 13717 13717 W libbinder.BackendUnifiedServiceManager: Thread Pool max thread count is 0. Cannot cache binder as linkToDeath cannot be implemented. serviceName: appops
06-20 10:38:09.492 13717 13717 W libbinder.BackendUnifiedServiceManager: Thread Pool max thread count is 0. Cannot cache binder as linkToDeath cannot be implemented. serviceName: appwidget
06-20 10:38:09.494 13709 13709 W libbinder.BackendUnifiedServiceManager: Thread Pool max thread count is 0. Cannot cache binder as linkToDeath cannot be implemented. serviceName: device_state
06-20 10:38:09.515 13643 13689 W System  : ClassLoader referenced unknown path: 
06-20 10:38:09.535 13643 13689 D nativeloader: Configuring clns-10 for other apk . target_sdk_version=34, uses_libraries=, library_path=/data/app/~~UJFtaU_NQxZhBHDZxa2qhw==/com.xxmauro.sayup-cc7lqfubYvEOztT1wsbsvw==/lib/x86_64:/data/app/~~UJFtaU_NQxZhBHDZxa2qhw==/com.xxmauro.sayup-cc7lqfubYvEOztT1wsbsvw==/base.apk!/lib/x86_64, permitted_path=/data:/mnt/expand
06-20 10:38:09.535 13732 13732 W libbinder.BackendUnifiedServiceManager: Thread Pool max thread count is 0. Cannot cache binder as linkToDeath cannot be implemented. serviceName: android.hardware.gatekeeper.IGatekeeper/default
06-20 10:38:09.536 13732 13732 E libbinder.IPCThreadState: Binder transaction failure. id: 2096925, cmd: BR_FAILED_REPLY (29201), error: -1 (Operation not permitted)
06-20 10:38:09.548 13717 13717 E libbinder.IPCThreadState: Binder transaction failure. id: 2096930, cmd: BR_FAILED_REPLY (29201), error: -1 (Operation not permitted)
06-20 10:38:09.548 13643 13643 V WifiManager: registerScanResultsCallback: callback=com.android.systemui.statusbar.pipeline.wifi.data.repository.prod.WifiRepositoryImpl$wifiScanResults$1$callback$1@2608a6d, executor=java.util.concurrent.ScheduledThreadPoolExecutor@68cb54d[Running, pool size = 6, active threads = 0, queued tasks = 0, completed tasks = 141]
06-20 10:38:09.548 13732 13732 E libbinder.IPCThreadState: Binder transaction failure. id: 2096934, cmd: BR_FAILED_REPLY (29201), error: -1 (Operation not permitted)
06-20 10:38:09.552 13717 13717 W libbinder.BackendUnifiedServiceManager: Thread Pool max thread count is 0. Cannot cache binder as linkToDeath cannot be implemented. serviceName: attestation_verification
06-20 10:38:09.554   803   828 W ActivityTaskManager: Activity top resumed state loss timeout for ActivityRecord{198564297 u0 com.xxmauro.sayup/.MainActivity t22}
06-20 10:38:09.555   803   828 W ActivityTaskManager: Activity pause timeout for ActivityRecord{198564297 u0 com.xxmauro.sayup/.MainActivity t22}
06-20 10:38:09.556 13732 13732 W libbinder.BackendUnifiedServiceManager: Thread Pool max thread count is 0. Cannot cache binder as linkToDeath cannot be implemented. serviceName: android.hardware.graphics.allocator.IAllocator/default
06-20 10:38:09.558 13717 13717 W libbinder.BackendUnifiedServiceManager: Thread Pool max thread count is 0. Cannot cache binder as linkToDeath cannot be implemented. serviceName: audio
06-20 10:38:09.565 13643 13687 D WindowOnBackDispatcher: setTopOnBackInvokedCallback (unwrapped): android.view.ViewRootImpl$$ExternalSyntheticLambda12@a9656a2
06-20 10:38:09.569 13732 13732 W libbinder.BackendUnifiedServiceManager: Thread Pool max thread count is 0. Cannot cache binder as linkToDeath cannot be implemented. serviceName: android.hardware.graphics.composer3.IComposer/default
06-20 10:38:09.569 13717 13717 W libbinder.BackendUnifiedServiceManager: Thread Pool max thread count is 0. Cannot cache binder as linkToDeath cannot be implemented. serviceName: auth
06-20 10:38:09.572 13732 13732 E libbinder.IPCThreadState: Binder transaction failure. id: 2096967, cmd: BR_FAILED_REPLY (29201), error: -1 (Operation not permitted)
06-20 10:38:09.574 13732 13732 W libbinder.BackendUnifiedServiceManager: Thread Pool max thread count is 0. Cannot cache binder as linkToDeath cannot be implemented. serviceName: android.hardware.health.IHealth/default
06-20 10:38:09.578 13717 13717 W libbinder.BackendUnifiedServiceManager: Thread Pool max thread count is 0. Cannot cache binder as linkToDeath cannot be implemented. serviceName: authentication_policy
06-20 10:38:09.579 13732 13732 E libbinder.IPCThreadState: Binder transaction failure. id: 2096976, cmd: BR_FAILED_REPLY (29201), error: -1 (Operation not permitted)
06-20 10:38:09.582 13732 13732 W libbinder.BackendUnifiedServiceManager: Thread Pool max thread count is 0. Cannot cache binder as linkToDeath cannot be implemented. serviceName: android.hardware.identity.IIdentityCredentialStore/default
06-20 10:38:09.582 13732 13732 E libbinder.IPCThreadState: Binder transaction failure. id: 2096981, cmd: BR_FAILED_REPLY (29201), error: -1 (Operation not permitted)
06-20 10:38:09.584   803  1243 D CoreBackPreview: Window{4e876a3 u0 Splash Screen com.xxmauro.sayup}: Setting back callback OnBackInvokedCallbackInfo{mCallback=android.window.IOnBackInvokedCallback$Stub$Proxy@e81d9ff, mPriority=0, mIsAnimationCallback=false, mOverrideBehavior=0}
06-20 10:38:09.584 13732 13732 W libbinder.BackendUnifiedServiceManager: Thread Pool max thread count is 0. Cannot cache binder as linkToDeath cannot be implemented. serviceName: android.hardware.light.ILights/default
06-20 10:38:09.585 13732 13732 E libbinder.IPCThreadState: Binder transaction failure. id: 2096987, cmd: BR_FAILED_REPLY (29201), error: -1 (Operation not permitted)
06-20 10:38:09.593 13717 13717 W libbinder.BackendUnifiedServiceManager: Thread Pool max thread count is 0. Cannot cache binder as linkToDeath cannot be implemented. serviceName: autofill
06-20 10:38:09.593 13732 13732 W libbinder.BackendUnifiedServiceManager: Thread Pool max thread count is 0. Cannot cache binder as linkToDeath cannot be implemented. serviceName: android.hardware.media.c2.IComponentStore/software
06-20 10:38:09.600   803  1013 D BackgroundInstallControlService: Package event received: 0
06-20 10:38:09.601 13732 13732 W libbinder.BackendUnifiedServiceManager: Thread Pool max thread count is 0. Cannot cache binder as linkToDeath cannot be implemented. serviceName: android.hardware.neuralnetworks.IDevice/nnapi-sample_all
06-20 10:38:09.607 13717 13717 W libbinder.BackendUnifiedServiceManager: Thread Pool max thread count is 0. Cannot cache binder as linkToDeath cannot be implemented. serviceName: background_install_control
06-20 10:38:09.613 13732 13732 W libbinder.BackendUnifiedServiceManager: Thread Pool max thread count is 0. Cannot cache binder as linkToDeath cannot be implemented. serviceName: android.hardware.neuralnetworks.IDevice/nnapi-sample_quant
06-20 10:38:09.613 13736 13736 W libbinder.BackendUnifiedServiceManager: Thread Pool max thread count is 0. Cannot cache binder as linkToDeath cannot be implemented. serviceName: activity
06-20 10:38:09.628 13717 13717 W libbinder.BackendUnifiedServiceManager: Thread Pool max thread count is 0. Cannot cache binder as linkToDeath cannot be implemented. serviceName: backup
06-20 10:38:09.629 13732 13732 W libbinder.BackendUnifiedServiceManager: Thread Pool max thread count is 0. Cannot cache binder as linkToDeath cannot be implemented. serviceName: android.hardware.neuralnetworks.IDevice/nnapi-sample_sl_shim
06-20 10:38:09.634 13732 13732 W libbinder.BackendUnifiedServiceManager: Thread Pool max thread count is 0. Cannot cache binder as linkToDeath cannot be implemented. serviceName: android.hardware.power.IPower/default
06-20 10:38:09.635 13732 13732 E libbinder.IPCThreadState: Binder transaction failure. id: 2097049, cmd: BR_FAILED_REPLY (29201), error: -1 (Operation not permitted)
06-20 10:38:09.641 13732 13732 W libbinder.BackendUnifiedServiceManager: Thread Pool max thread count is 0. Cannot cache binder as linkToDeath cannot be implemented. serviceName: android.hardware.power.stats.IPowerStats/default
06-20 10:38:09.642 13732 13732 E libbinder.IPCThreadState: Binder transaction failure. id: 2097056, cmd: BR_FAILED_REPLY (29201), error: -1 (Operation not permitted)
06-20 10:38:09.645 13717 13717 W libbinder.BackendUnifiedServiceManager: Thread Pool max thread count is 0. Cannot cache binder as linkToDeath cannot be implemented. serviceName: battery
06-20 10:38:09.648 13732 13732 W libbinder.BackendUnifiedServiceManager: Thread Pool max thread count is 0. Cannot cache binder as linkToDeath cannot be implemented. serviceName: android.hardware.radio.config.IRadioConfig/default
06-20 10:38:09.648 13732 13732 E libbinder.IPCThreadState: Binder transaction failure. id: 2097065, cmd: BR_FAILED_REPLY (29201), error: -1 (Operation not permitted)
06-20 10:38:09.649 13717 13717 E libbinder.Parcel: Reading a NULL string not supported here.
06-20 10:38:09.664 13732 13732 W libbinder.BackendUnifiedServiceManager: Thread Pool max thread count is 0. Cannot cache binder as linkToDeath cannot be implemented. serviceName: android.hardware.radio.data.IRadioData/slot1
06-20 10:38:09.665 13732 13732 E libbinder.IPCThreadState: Binder transaction failure. id: 2097079, cmd: BR_FAILED_REPLY (29201), error: -1 (Operation not permitted)
06-20 10:38:09.665 13717 13717 W libbinder.BackendUnifiedServiceManager: Thread Pool max thread count is 0. Cannot cache binder as linkToDeath cannot be implemented. serviceName: batteryproperties
06-20 10:38:09.671 13732 13732 W libbinder.BackendUnifiedServiceManager: Thread Pool max thread count is 0. Cannot cache binder as linkToDeath cannot be implemented. serviceName: android.hardware.radio.ims.IRadioIms/slot1
06-20 10:38:09.672 13717 13717 W libbinder.BackendUnifiedServiceManager: Thread Pool max thread count is 0. Cannot cache binder as linkToDeath cannot be implemented. serviceName: batterystats
06-20 10:38:09.672 13732 13732 E libbinder.IPCThreadState: Binder transaction failure. id: 2097095, cmd: BR_FAILED_REPLY (29201), error: -1 (Operation not permitted)
06-20 10:38:09.734 13732 13732 W libbinder.BackendUnifiedServiceManager: Thread Pool max thread count is 0. Cannot cache binder as linkToDeath cannot be implemented. serviceName: android.hardware.radio.ims.media.IImsMedia/default
06-20 10:38:09.735 13732 13732 E libbinder.IPCThreadState: Binder transaction failure. id: 2097106, cmd: BR_FAILED_REPLY (29201), error: -1 (Operation not permitted)
06-20 10:38:09.740 13732 13732 W libbinder.BackendUnifiedServiceManager: Thread Pool max thread count is 0. Cannot cache binder as linkToDeath cannot be implemented. serviceName: android.hardware.radio.messaging.IRadioMessaging/slot1
06-20 10:38:09.740 13732 13732 E libbinder.IPCThreadState: Binder transaction failure. id: 2097111, cmd: BR_FAILED_REPLY (29201), error: -1 (Operation not permitted)
06-20 10:38:09.742 13732 13732 W libbinder.BackendUnifiedServiceManager: Thread Pool max thread count is 0. Cannot cache binder as linkToDeath cannot be implemented. serviceName: android.hardware.radio.modem.IRadioModem/slot1
06-20 10:38:09.742 13732 13732 E libbinder.IPCThreadState: Binder transaction failure. id: 2097117, cmd: BR_FAILED_REPLY (29201), error: -1 (Operation not permitted)
06-20 10:38:09.745 13732 13732 W libbinder.BackendUnifiedServiceManager: Thread Pool max thread count is 0. Cannot cache binder as linkToDeath cannot be implemented. serviceName: android.hardware.radio.network.IRadioNetwork/slot1
06-20 10:38:09.746 13732 13732 E libbinder.IPCThreadState: Binder transaction failure. id: 2097121, cmd: BR_FAILED_REPLY (29201), error: -1 (Operation not permitted)
