06-20 10:38:05.016 13674 13674 W libbinder.BackendUnifiedServiceManager: Thread Pool max thread count is 0. Cannot cache binder as linkToDeath cannot be implemented. serviceName: android.hardware.uwb.IUwb/default
06-20 10:38:05.017 13674 13674 E libbinder.IPCThreadState: Binder transaction failure. id: 2093180, cmd: BR_FAILED_REPLY (29201), error: -1 (Operation not permitted)
06-20 10:38:05.021 13665 13665 W libbinder.BackendUnifiedServiceManager: Thread Pool max thread count is 0. Cannot cache binder as linkToDeath cannot be implemented. serviceName: android.hardware.wifi.supplicant.ISupplicant/default
06-20 10:38:05.025 13665 13665 E libbinder.IPCThreadState: Binder transaction failure. id: 2093190, cmd: BR_FAILED_REPLY (29201), error: -1 (Operation not permitted)
06-20 10:38:05.028 13674 13674 W libbinder.BackendUnifiedServiceManager: Thread Pool max thread count is 0. Cannot cache binder as linkToDeath cannot be implemented. serviceName: android.hardware.vibrator.IVibrator/default
06-20 10:38:05.028 13674 13674 E libbinder.IPCThreadState: Binder transaction failure. id: 2093193, cmd: BR_FAILED_REPLY (29201), error: -1 (Operation not permitted)
06-20 10:38:05.034 13674 13674 W libbinder.BackendUnifiedServiceManager: Thread Pool max thread count is 0. Cannot cache binder as linkToDeath cannot be implemented. serviceName: android.hardware.vibrator.IVibratorManager/default
06-20 10:38:05.035 13674 13674 E libbinder.IPCThreadState: Binder transaction failure. id: 2093203, cmd: BR_FAILED_REPLY (29201), error: -1 (Operation not permitted)
06-20 10:38:05.040 13665 13665 W libbinder.BackendUnifiedServiceManager: Thread Pool max thread count is 0. Cannot cache binder as linkToDeath cannot be implemented. serviceName: android.security.apc
06-20 10:38:05.043 13674 13674 W libbinder.BackendUnifiedServiceManager: Thread Pool max thread count is 0. Cannot cache binder as linkToDeath cannot be implemented. serviceName: android.hardware.wifi.IWifi/default
06-20 10:38:05.044 13674 13674 E libbinder.IPCThreadState: Binder transaction failure. id: 2093213, cmd: BR_FAILED_REPLY (29201), error: -1 (Operation not permitted)
06-20 10:38:05.048 13665 13665 W libbinder.BackendUnifiedServiceManager: Thread Pool max thread count is 0. Cannot cache binder as linkToDeath cannot be implemented. serviceName: android.security.authorization
06-20 10:38:05.049 13674 13674 W libbinder.BackendUnifiedServiceManager: Thread Pool max thread count is 0. Cannot cache binder as linkToDeath cannot be implemented. serviceName: android.hardware.wifi.supplicant.ISupplicant/default
06-20 10:38:05.049 13674 13674 E libbinder.IPCThreadState: Binder transaction failure. id: 2093222, cmd: BR_FAILED_REPLY (29201), error: -1 (Operation not permitted)
06-20 10:38:05.050 13665 13665 W libbinder.BackendUnifiedServiceManager: Thread Pool max thread count is 0. Cannot cache binder as linkToDeath cannot be implemented. serviceName: android.security.compat
06-20 10:38:05.054 13674 13674 W libbinder.BackendUnifiedServiceManager: Thread Pool max thread count is 0. Cannot cache binder as linkToDeath cannot be implemented. serviceName: android.security.apc
06-20 10:38:05.059 13665 13665 W libbinder.BackendUnifiedServiceManager: Thread Pool max thread count is 0. Cannot cache binder as linkToDeath cannot be implemented. serviceName: android.security.identity
06-20 10:38:05.059 13674 13674 W libbinder.BackendUnifiedServiceManager: Thread Pool max thread count is 0. Cannot cache binder as linkToDeath cannot be implemented. serviceName: android.security.authorization
06-20 10:38:05.079 13665 13665 W libbinder.BackendUnifiedServiceManager: Thread Pool max thread count is 0. Cannot cache binder as linkToDeath cannot be implemented. serviceName: android.security.legacykeystore
06-20 10:38:05.081 13674 13674 W libbinder.BackendUnifiedServiceManager: Thread Pool max thread count is 0. Cannot cache binder as linkToDeath cannot be implemented. serviceName: android.security.compat
06-20 10:38:05.085 13643 13643 V WindowManagerShell: Adding init callback for PipTransition
06-20 10:38:05.085 13643 13643 V WindowManagerShell: Adding init callback for PipSurfaceTransactionHelper
06-20 10:38:05.085 13665 13665 W libbinder.BackendUnifiedServiceManager: Thread Pool max thread count is 0. Cannot cache binder as linkToDeath cannot be implemented. serviceName: android.security.maintenance
06-20 10:38:05.087 13674 13674 W libbinder.BackendUnifiedServiceManager: Thread Pool max thread count is 0. Cannot cache binder as linkToDeath cannot be implemented. serviceName: android.security.identity
06-20 10:38:05.088 13643 13643 V WindowManagerShell: Adding init callback for PipTransition
06-20 10:38:05.089 13643 13643 V WindowManagerShell: Adding init callback for KeyguardTransitionHandler
06-20 10:38:05.089 13643 13643 V WindowManagerShell: Adding init callback for DefaultMixedHandler
06-20 10:38:05.090 13665 13665 W libbinder.BackendUnifiedServiceManager: Thread Pool max thread count is 0. Cannot cache binder as linkToDeath cannot be implemented. serviceName: android.security.metrics
06-20 10:38:05.104 13643 13670 V ShellTaskOrganizer: addListenerForType types=[-4] listener=com.android.wm.shell.pip2.phone.PipTaskListener@34d4b39
06-20 10:38:05.128 13674 13674 W libbinder.BackendUnifiedServiceManager: Thread Pool max thread count is 0. Cannot cache binder as linkToDeath cannot be implemented. serviceName: android.security.legacykeystore
06-20 10:38:05.129 13665 13665 W libbinder.BackendUnifiedServiceManager: Thread Pool max thread count is 0. Cannot cache binder as linkToDeath cannot be implemented. serviceName: android.system.keystore2.IKeystoreService/default
06-20 10:38:05.143 13674 13674 W libbinder.BackendUnifiedServiceManager: Thread Pool max thread count is 0. Cannot cache binder as linkToDeath cannot be implemented. serviceName: android.security.maintenance
06-20 10:38:05.149 13665 13665 W libbinder.BackendUnifiedServiceManager: Thread Pool max thread count is 0. Cannot cache binder as linkToDeath cannot be implemented. serviceName: android.system.net.netd.INetd/default
06-20 10:38:05.155 13674 13674 W libbinder.BackendUnifiedServiceManager: Thread Pool max thread count is 0. Cannot cache binder as linkToDeath cannot be implemented. serviceName: android.security.metrics
06-20 10:38:05.156 13665 13665 E libbinder.IPCThreadState: Binder transaction failure. id: 2093315, cmd: BR_FAILED_REPLY (29201), error: -1 (Operation not permitted)
06-20 10:38:05.270 13688 13688 W libbinder.BackendUnifiedServiceManager: Thread Pool max thread count is 0. Cannot cache binder as linkToDeath cannot be implemented. serviceName: DockObserver
06-20 10:38:05.273 13665 13665 W libbinder.BackendUnifiedServiceManager: Thread Pool max thread count is 0. Cannot cache binder as linkToDeath cannot be implemented. serviceName: android.system.suspend.ISystemSuspend/default
06-20 10:38:05.274 13665 13665 E libbinder.IPCThreadState: Binder transaction failure. id: 2093338, cmd: BR_FAILED_REPLY (29201), error: -1 (Operation not permitted)
06-20 10:38:05.274 13580 13580 W m.xxmauro.sayup: Verification of java.util.Map kotlin.collections.MapsKt__MapsKt.buildMap(int, kotlin.jvm.functions.Function1) took 115.656ms (155.63 bytecodes/s) (0B arena alloc)
06-20 10:38:05.289 13688 13688 E libbinder.Parcel: Reading a NULL string not supported here.
06-20 10:38:05.303 13643 13643 V WindowManagerShell: Adding init callback for StartingWindowController
06-20 10:38:05.303 13643 13643 V WindowManagerShell: Adding init callback for ProtoLogController
06-20 10:38:05.312 13688 13688 W libbinder.BackendUnifiedServiceManager: Thread Pool max thread count is 0. Cannot cache binder as linkToDeath cannot be implemented. serviceName: SurfaceFlinger
06-20 10:38:05.313 13665 13665 W libbinder.BackendUnifiedServiceManager: Thread Pool max thread count is 0. Cannot cache binder as linkToDeath cannot be implemented. serviceName: android.system.vmtethering.IVmTethering
06-20 10:38:05.314 13643 13643 V AppCompat: LetterboxAnimationHandler: Initializing...
06-20 10:38:05.314 13643 13643 V WindowManagerShell: Adding init callback for LetterboxAnimationHandler
06-20 10:38:05.316 13674 13674 W libbinder.BackendUnifiedServiceManager: Thread Pool max thread count is 0. Cannot cache binder as linkToDeath cannot be implemented. serviceName: android.system.keystore2.IKeystoreService/default
06-20 10:38:05.331 13688 13688 W libbinder.BackendUnifiedServiceManager: Thread Pool max thread count is 0. Cannot cache binder as linkToDeath cannot be implemented. serviceName: SurfaceFlingerAIDL
06-20 10:38:05.335 13643 13643 V AppCompat: DelegateLetterboxTransitionObserver: Initializing LetterboxTransitionObserver
06-20 10:38:05.335 13643 13643 V WindowManagerShell: Adding init callback for DelegateLetterboxTransitionObserver
06-20 10:38:05.336 13643 13643 V AppCompat: LetterboxCommandHandler: Initializing LetterboxCommandHandler
06-20 10:38:05.336 13643 13643 V WindowManagerShell: Adding init callback for LetterboxCommandHandler
06-20 10:38:05.336 13643 13643 V WindowManagerShell: Adding init callback for LetterboxTaskListenerAdapter
06-20 10:38:05.336 13665 13665 W libbinder.BackendUnifiedServiceManager: Thread Pool max thread count is 0. Cannot cache binder as linkToDeath cannot be implemented. serviceName: android.system.vold.IVold/default
06-20 10:38:05.337 13643 13643 V WindowManagerShell: Adding init callback for LetterboxCleanupAdapter
06-20 10:38:05.337 13643 13643 V WindowManagerShell: Adding init callback for DesktopTasksTransitionObserver
06-20 10:38:05.337 13665 13665 E libbinder.IPCThreadState: Binder transaction failure. id: 2093377, cmd: BR_FAILED_REPLY (29201), error: -1 (Operation not permitted)
06-20 10:38:05.337 13643 13643 V WindowManagerShell: Adding init callback for DesktopDisplayModeController
06-20 10:38:05.341 13674 13674 W libbinder.BackendUnifiedServiceManager: Thread Pool max thread count is 0. Cannot cache binder as linkToDeath cannot be implemented. serviceName: android.system.net.netd.INetd/default
06-20 10:38:05.343 13688 13688 W libbinder.BackendUnifiedServiceManager: Thread Pool max thread count is 0. Cannot cache binder as linkToDeath cannot be implemented. serviceName: accessibility
06-20 10:38:05.345 13674 13674 E libbinder.IPCThreadState: Binder transaction failure. id: 2093392, cmd: BR_FAILED_REPLY (29201), error: -1 (Operation not permitted)
06-20 10:38:05.345 13665 13665 W libbinder.BackendUnifiedServiceManager: Thread Pool max thread count is 0. Cannot cache binder as linkToDeath cannot be implemented. serviceName: app_binding
06-20 10:38:05.347 13665 13665 E libbinder.Parcel: Reading a NULL string not supported here.
06-20 10:38:05.349 13674 13674 W libbinder.BackendUnifiedServiceManager: Thread Pool max thread count is 0. Cannot cache binder as linkToDeath cannot be implemented. serviceName: android.system.suspend.ISystemSuspend/default
06-20 10:38:05.349 13674 13674 E libbinder.IPCThreadState: Binder transaction failure. id: 2093402, cmd: BR_FAILED_REPLY (29201), error: -1 (Operation not permitted)
06-20 10:38:05.349 13643 13643 V WindowManagerShell: Adding init callback for DesktopDisplayEventHandler
06-20 10:38:05.352 13688 13688 W libbinder.BackendUnifiedServiceManager: Thread Pool max thread count is 0. Cannot cache binder as linkToDeath cannot be implemented. serviceName: account
06-20 10:38:05.476 13665 13665 W libbinder.BackendUnifiedServiceManager: Thread Pool max thread count is 0. Cannot cache binder as linkToDeath cannot be implemented. serviceName: app_function
06-20 10:38:05.477 13580 13580 W m.xxmauro.sayup: Verification of java.util.Map kotlin.collections.MapsKt__MapsKt.toMap(kotlin.sequences.Sequence) took 125.058ms (167.92 bytecodes/s) (0B arena alloc)
06-20 10:38:05.481 13665 13665 W libbinder.BackendUnifiedServiceManager: Thread Pool max thread count is 0. Cannot cache binder as linkToDeath cannot be implemented. serviceName: app_hibernation
06-20 10:38:05.482 13674 13674 W libbinder.BackendUnifiedServiceManager: Thread Pool max thread count is 0. Cannot cache binder as linkToDeath cannot be implemented. serviceName: android.system.vmtethering.IVmTethering
06-20 10:38:05.483 13688 13688 W libbinder.BackendUnifiedServiceManager: Thread Pool max thread count is 0. Cannot cache binder as linkToDeath cannot be implemented. serviceName: activity
06-20 10:38:05.487 13665 13665 W libbinder.BackendUnifiedServiceManager: Thread Pool max thread count is 0. Cannot cache binder as linkToDeath cannot be implemented. serviceName: app_integrity
06-20 10:38:05.489   719   780 D BufferPoolAccessor2.0: evictor expired: 3, evicted: 0
06-20 10:38:05.497 13688 13688 W libbinder.BackendUnifiedServiceManager: Thread Pool max thread count is 0. Cannot cache binder as linkToDeath cannot be implemented. serviceName: activity_task
06-20 10:38:05.504 13674 13674 W libbinder.BackendUnifiedServiceManager: Thread Pool max thread count is 0. Cannot cache binder as linkToDeath cannot be implemented. serviceName: android.system.vold.IVold/default
06-20 10:38:05.504 13674 13674 E libbinder.IPCThreadState: Binder transaction failure. id: 2093443, cmd: BR_FAILED_REPLY (29201), error: -1 (Operation not permitted)
06-20 10:38:05.508 13665 13665 W libbinder.BackendUnifiedServiceManager: Thread Pool max thread count is 0. Cannot cache binder as linkToDeath cannot be implemented. serviceName: app_prediction
06-20 10:38:05.511 13674 13674 W libbinder.BackendUnifiedServiceManager: Thread Pool max thread count is 0. Cannot cache binder as linkToDeath cannot be implemented. serviceName: app_binding
06-20 10:38:05.511 13688 13688 W libbinder.BackendUnifiedServiceManager: Thread Pool max thread count is 0. Cannot cache binder as linkToDeath cannot be implemented. serviceName: adb
06-20 10:38:05.516 13674 13674 E libbinder.Parcel: Reading a NULL string not supported here.
06-20 10:38:05.523 13674 13674 W libbinder.BackendUnifiedServiceManager: Thread Pool max thread count is 0. Cannot cache binder as linkToDeath cannot be implemented. serviceName: app_function
06-20 10:38:05.530 13643 13643 V WindowManagerShell: Adding init callback for DisplayDisconnectTransitionHandler
06-20 10:38:05.530 13643 13643 V WindowManagerShell: Adding init callback for ShellCrashHandler
06-20 10:38:05.531 13674 13674 W libbinder.BackendUnifiedServiceManager: Thread Pool max thread count is 0. Cannot cache binder as linkToDeath cannot be implemented. serviceName: app_hibernation
06-20 10:38:05.536 13674 13674 W libbinder.BackendUnifiedServiceManager: Thread Pool max thread count is 0. Cannot cache binder as linkToDeath cannot be implemented. serviceName: app_integrity
06-20 10:38:05.538 13688 13688 W libbinder.BackendUnifiedServiceManager: Thread Pool max thread count is 0. Cannot cache binder as linkToDeath cannot be implemented. serviceName: adservices_manager
06-20 10:38:05.541 13665 13665 W libbinder.BackendUnifiedServiceManager: Thread Pool max thread count is 0. Cannot cache binder as linkToDeath cannot be implemented. serviceName: app_search
06-20 10:38:05.545 13674 13674 W libbinder.BackendUnifiedServiceManager: Thread Pool max thread count is 0. Cannot cache binder as linkToDeath cannot be implemented. serviceName: app_prediction
06-20 10:38:05.545 13665 13665 W libbinder.BackendUnifiedServiceManager: Thread Pool max thread count is 0. Cannot cache binder as linkToDeath cannot be implemented. serviceName: appops
06-20 10:38:05.557 13688 13688 W libbinder.BackendUnifiedServiceManager: Thread Pool max thread count is 0. Cannot cache binder as linkToDeath cannot be implemented. serviceName: advanced_protection
06-20 10:38:05.565 13688 13688 W libbinder.BackendUnifiedServiceManager: Thread Pool max thread count is 0. Cannot cache binder as linkToDeath cannot be implemented. serviceName: alarm
06-20 10:38:05.567 13665 13665 W libbinder.BackendUnifiedServiceManager: Thread Pool max thread count is 0. Cannot cache binder as linkToDeath cannot be implemented. serviceName: appwidget
06-20 10:38:05.568 13674 13674 W libbinder.BackendUnifiedServiceManager: Thread Pool max thread count is 0. Cannot cache binder as linkToDeath cannot be implemented. serviceName: app_search
06-20 10:38:05.575 13688 13688 W libbinder.BackendUnifiedServiceManager: Thread Pool max thread count is 0. Cannot cache binder as linkToDeath cannot be implemented. serviceName: ambient_context
06-20 10:38:05.579 13674 13674 W libbinder.BackendUnifiedServiceManager: Thread Pool max thread count is 0. Cannot cache binder as linkToDeath cannot be implemented. serviceName: appops
06-20 10:38:05.581 13643 13643 V WindowManagerShell: Adding init callback for PerfHintController
06-20 10:38:05.594 13643 13643 V WindowManagerShell: Adding init callback for DevicePostureController
06-20 10:38:05.595 13643 13643 V WindowManagerShell: Adding init callback for TabletopModeController
06-20 10:38:05.596 13643 13643 V WindowManagerShell: Adding init callback for PipTouchHandler
06-20 10:38:05.596 13643 13643 V WindowManagerShell: Adding init callback for PipController
06-20 10:38:05.574 13665 13665 W service : type=1400 audit(0.0:57457): avc:  denied  { call } for  scontext=u:r:shell:s0 tcontext=u:r:artd:s0 tclass=binder permissive=0
06-20 10:38:05.601 13674 13674 W libbinder.BackendUnifiedServiceManager: Thread Pool max thread count is 0. Cannot cache binder as linkToDeath cannot be implemented. serviceName: appwidget
06-20 10:38:05.605 13688 13688 W libbinder.BackendUnifiedServiceManager: Thread Pool max thread count is 0. Cannot cache binder as linkToDeath cannot be implemented. serviceName: android.frameworks.cameraservice.service.ICameraService/default
06-20 10:38:05.605 13665 13665 E libbinder.IPCThreadState: Binder transaction failure. id: 2093537, cmd: BR_FAILED_REPLY (29201), error: -1 (Operation not permitted)
06-20 10:38:05.609 13665 13665 W libbinder.BackendUnifiedServiceManager: Thread Pool max thread count is 0. Cannot cache binder as linkToDeath cannot be implemented. serviceName: attestation_verification
06-20 10:38:05.622 13665 13665 W libbinder.BackendUnifiedServiceManager: Thread Pool max thread count is 0. Cannot cache binder as linkToDeath cannot be implemented. serviceName: audio
06-20 10:38:05.631 13688 13688 W libbinder.BackendUnifiedServiceManager: Thread Pool max thread count is 0. Cannot cache binder as linkToDeath cannot be implemented. serviceName: android.frameworks.devicestate.IDeviceStateService/default
06-20 10:38:05.637 13665 13665 W libbinder.BackendUnifiedServiceManager: Thread Pool max thread count is 0. Cannot cache binder as linkToDeath cannot be implemented. serviceName: auth
06-20 10:38:05.639 13674 13674 E libbinder.IPCThreadState: Binder transaction failure. id: 2093561, cmd: BR_FAILED_REPLY (29201), error: -1 (Operation not permitted)
06-20 10:38:05.642 13643 13670 V WindowManagerShell: Initializing Shell Components: 70
06-20 10:38:05.643 13674 13674 W libbinder.BackendUnifiedServiceManager: Thread Pool max thread count is 0. Cannot cache binder as linkToDeath cannot be implemented. serviceName: attestation_verification
06-20 10:38:05.610 13674 13674 W service : type=1400 audit(0.0:57458): avc:  denied  { call } for  scontext=u:r:shell:s0 tcontext=u:r:artd:s0 tclass=binder permissive=0
06-20 10:38:05.645 13665 13665 W libbinder.BackendUnifiedServiceManager: Thread Pool max thread count is 0. Cannot cache binder as linkToDeath cannot be implemented. serviceName: authentication_policy
06-20 10:38:05.648 13688 13688 W libbinder.BackendUnifiedServiceManager: Thread Pool max thread count is 0. Cannot cache binder as linkToDeath cannot be implemented. serviceName: android.frameworks.location.altitude.IAltitudeService/default
06-20 10:38:05.652 13643 13670 V WindowManagerShell: 	DisplayChangeController init took 6ms
06-20 10:38:05.709 13665 13665 W libbinder.BackendUnifiedServiceManager: Thread Pool max thread count is 0. Cannot cache binder as linkToDeath cannot be implemented. serviceName: autofill
06-20 10:38:05.715 13674 13674 W libbinder.BackendUnifiedServiceManager: Thread Pool max thread count is 0. Cannot cache binder as linkToDeath cannot be implemented. serviceName: audio
06-20 10:38:05.719 13688 13688 W libbinder.BackendUnifiedServiceManager: Thread Pool max thread count is 0. Cannot cache binder as linkToDeath cannot be implemented. serviceName: android.frameworks.sensorservice.ISensorManager/default
06-20 10:38:05.723 13665 13665 W libbinder.BackendUnifiedServiceManager: Thread Pool max thread count is 0. Cannot cache binder as linkToDeath cannot be implemented. serviceName: background_install_control
06-20 10:38:05.726 13674 13674 W libbinder.BackendUnifiedServiceManager: Thread Pool max thread count is 0. Cannot cache binder as linkToDeath cannot be implemented. serviceName: auth
06-20 10:38:05.737 13688 13688 W libbinder.BackendUnifiedServiceManager: Thread Pool max thread count is 0. Cannot cache binder as linkToDeath cannot be implemented. serviceName: android.frameworks.stats.IStats/default
06-20 10:38:05.740 13665 13665 W libbinder.BackendUnifiedServiceManager: Thread Pool max thread count is 0. Cannot cache binder as linkToDeath cannot be implemented. serviceName: backup
06-20 10:38:05.743 13674 13674 W libbinder.BackendUnifiedServiceManager: Thread Pool max thread count is 0. Cannot cache binder as linkToDeath cannot be implemented. serviceName: authentication_policy
06-20 10:38:05.744 13688 13688 W libbinder.BackendUnifiedServiceManager: Thread Pool max thread count is 0. Cannot cache binder as linkToDeath cannot be implemented. serviceName: android.frameworks.vibrator.IVibratorControlService/default
06-20 10:38:05.745 13665 13665 W libbinder.BackendUnifiedServiceManager: Thread Pool max thread count is 0. Cannot cache binder as linkToDeath cannot be implemented. serviceName: battery
06-20 10:38:05.747 13643 13670 V WindowManagerShell: 	DisplayController init took 82ms
06-20 10:38:05.747 13665 13665 E libbinder.Parcel: Reading a NULL string not supported here.
06-20 10:38:05.749 13688 13688 W libbinder.BackendUnifiedServiceManager: Thread Pool max thread count is 0. Cannot cache binder as linkToDeath cannot be implemented. serviceName: android.hardware.authsecret.IAuthSecret/default
06-20 10:38:05.750 13688 13688 E libbinder.IPCThreadState: Binder transaction failure. id: 2093668, cmd: BR_FAILED_REPLY (29201), error: -1 (Operation not permitted)
06-20 10:38:05.751 13674 13674 W libbinder.BackendUnifiedServiceManager: Thread Pool max thread count is 0. Cannot cache binder as linkToDeath cannot be implemented. serviceName: autofill
06-20 10:38:05.756 13665 13665 W libbinder.BackendUnifiedServiceManager: Thread Pool max thread count is 0. Cannot cache binder as linkToDeath cannot be implemented. serviceName: batteryproperties
06-20 10:38:05.764 13665 13665 W libbinder.BackendUnifiedServiceManager: Thread Pool max thread count is 0. Cannot cache binder as linkToDeath cannot be implemented. serviceName: batterystats
06-20 10:38:05.766 13688 13688 E libbinder.IPCThreadState: Binder transaction failure. id: 2093684, cmd: BR_FAILED_REPLY (29201), error: -1 (Operation not permitted)
06-20 10:38:05.779 13688 13688 W libbinder.BackendUnifiedServiceManager: Thread Pool max thread count is 0. Cannot cache binder as linkToDeath cannot be implemented. serviceName: android.hardware.bluetooth.IBluetoothHci/default
06-20 10:38:05.746 13688 13688 W service : type=1400 audit(0.0:57459): avc:  denied  { call } for  scontext=u:r:shell:s0 tcontext=u:r:hal_authsecret_default:s0 tclass=binder permissive=0
06-20 10:38:05.805 13665 13665 W libbinder.BackendUnifiedServiceManager: Thread Pool max thread count is 0. Cannot cache binder as linkToDeath cannot be implemented. serviceName: binder_calls_stats
06-20 10:38:05.808 13688 13688 E libbinder.IPCThreadState: Binder transaction failure. id: 2093694, cmd: BR_FAILED_REPLY (29201), error: -1 (Operation not permitted)
06-20 10:38:05.813 13665 13665 E libbinder.Parcel: Reading a NULL string not supported here.
06-20 10:38:05.816 13643 13670 V WindowManagerShell: 	DisplayInsetsController init took 64ms
06-20 10:38:05.816 13688 13688 W libbinder.BackendUnifiedServiceManager: Thread Pool max thread count is 0. Cannot cache binder as linkToDeath cannot be implemented. serviceName: android.hardware.bluetooth.audio.IBluetoothAudioProviderFactory/default
06-20 10:38:05.817 13688 13688 E libbinder.IPCThreadState: Binder transaction failure. id: 2093707, cmd: BR_FAILED_REPLY (29201), error: -1 (Operation not permitted)
06-20 10:38:05.819 13665 13665 W libbinder.BackendUnifiedServiceManager: Thread Pool max thread count is 0. Cannot cache binder as linkToDeath cannot be implemented. serviceName: biometric
06-20 10:38:05.825 13688 13688 W libbinder.BackendUnifiedServiceManager: Thread Pool max thread count is 0. Cannot cache binder as linkToDeath cannot be implemented. serviceName: android.hardware.bluetooth.offload.leaudio.IHciProxy/default
06-20 10:38:05.828 13688 13688 E libbinder.IPCThreadState: Binder transaction failure. id: 2093717, cmd: BR_FAILED_REPLY (29201), error: -1 (Operation not permitted)
06-20 10:38:05.835 13665 13665 W libbinder.BackendUnifiedServiceManager: Thread Pool max thread count is 0. Cannot cache binder as linkToDeath cannot be implemented. serviceName: blob_store
06-20 10:38:05.835 13674 13674 W libbinder.BackendUnifiedServiceManager: Thread Pool max thread count is 0. Cannot cache binder as linkToDeath cannot be implemented. serviceName: background_install_control
06-20 10:38:05.839 13688 13688 W libbinder.BackendUnifiedServiceManager: Thread Pool max thread count is 0. Cannot cache binder as linkToDeath cannot be implemented. serviceName: android.hardware.camera.provider.ICameraProvider/internal/0
06-20 10:38:05.840 13688 13688 E libbinder.IPCThreadState: Binder transaction failure. id: 2093729, cmd: BR_FAILED_REPLY (29201), error: -1 (Operation not permitted)
06-20 10:38:05.871 13688 13688 W libbinder.BackendUnifiedServiceManager: Thread Pool max thread count is 0. Cannot cache binder as linkToDeath cannot be implemented. serviceName: android.hardware.camera.provider.ICameraProvider/internal/1
06-20 10:38:05.871 13643 13670 V WindowManagerShell: 	DisplayImeController init took 52ms
06-20 10:38:05.872 13688 13688 E libbinder.IPCThreadState: Binder transaction failure. id: 2093737, cmd: BR_FAILED_REPLY (29201), error: -1 (Operation not permitted)
06-20 10:38:05.758 13688 13688 W service : type=1400 audit(0.0:57460): avc:  denied  { call } for  scontext=u:r:shell:s0 tcontext=u:r:hal_fingerprint_default:s0 tclass=binder permissive=0
06-20 10:38:05.880 13665 13665 W libbinder.BackendUnifiedServiceManager: Thread Pool max thread count is 0. Cannot cache binder as linkToDeath cannot be implemented. serviceName: bluetooth_manager
06-20 10:38:05.896 13674 13674 W libbinder.BackendUnifiedServiceManager: Thread Pool max thread count is 0. Cannot cache binder as linkToDeath cannot be implemented. serviceName: backup
06-20 10:38:05.898 13688 13688 W libbinder.BackendUnifiedServiceManager: Thread Pool max thread count is 0. Cannot cache binder as linkToDeath cannot be implemented. serviceName: android.hardware.cas.IMediaCasService/default
06-20 10:38:05.901 13665 13665 W libbinder.BackendUnifiedServiceManager: Thread Pool max thread count is 0. Cannot cache binder as linkToDeath cannot be implemented. serviceName: bugreport
06-20 10:38:05.915 13674 13674 W libbinder.BackendUnifiedServiceManager: Thread Pool max thread count is 0. Cannot cache binder as linkToDeath cannot be implemented. serviceName: battery
06-20 10:38:05.919 13688 13688 W libbinder.BackendUnifiedServiceManager: Thread Pool max thread count is 0. Cannot cache binder as linkToDeath cannot be implemented. serviceName: android.hardware.contexthub.IContextHub/default
06-20 10:38:05.920 13688 13688 E libbinder.IPCThreadState: Binder transaction failure. id: 2093778, cmd: BR_FAILED_REPLY (29201), error: -1 (Operation not permitted)
06-20 10:38:05.923 13674 13674 E libbinder.Parcel: Reading a NULL string not supported here.
06-20 10:38:05.924 13688 13688 W libbinder.BackendUnifiedServiceManager: Thread Pool max thread count is 0. Cannot cache binder as linkToDeath cannot be implemented. serviceName: android.hardware.drm.IDrmFactory/widevine
06-20 10:38:05.928 13674 13674 W libbinder.BackendUnifiedServiceManager: Thread Pool max thread count is 0. Cannot cache binder as linkToDeath cannot be implemented. serviceName: batteryproperties
06-20 10:38:05.932 13688 13688 W libbinder.BackendUnifiedServiceManager: Thread Pool max thread count is 0. Cannot cache binder as linkToDeath cannot be implemented. serviceName: android.hardware.gatekeeper.IGatekeeper/default
06-20 10:38:05.937 13643 13670 V WindowManagerShell: 	RootTaskDisplayAreaOrganizer init took 65ms
06-20 10:38:05.778 13688 13688 W service : type=1400 audit(0.0:57461): avc:  denied  { call } for  scontext=u:r:shell:s0 tcontext=u:r:hal_bluetooth_default:s0 tclass=binder permissive=0
06-20 10:38:05.947 13665 13665 W libbinder.BackendUnifiedServiceManager: Thread Pool max thread count is 0. Cannot cache binder as linkToDeath cannot be implemented. serviceName: cacheinfo
06-20 10:38:05.952 13674 13674 W libbinder.BackendUnifiedServiceManager: Thread Pool max thread count is 0. Cannot cache binder as linkToDeath cannot be implemented. serviceName: batterystats
06-20 10:38:05.956 13643 13670 V WindowManagerShell: Adding command class dump for ShellController
06-20 10:38:05.956 13643 13670 V WindowManagerShell: Adding dump callback for ShellController
06-20 10:38:05.957 13665 13665 E libbinder.Parcel: Reading a NULL string not supported here.
06-20 10:38:05.958 13643 13670 V WindowManagerShell: 	ShellController init took 1ms
06-20 10:38:05.959 13688 13688 E libbinder.IPCThreadState: Binder transaction failure. id: 2093798, cmd: BR_FAILED_REPLY (29201), error: -1 (Operation not permitted)
06-20 10:38:05.960 13665 13665 W libbinder.BackendUnifiedServiceManager: Thread Pool max thread count is 0. Cannot cache binder as linkToDeath cannot be implemented. serviceName: carrier_config
06-20 10:38:05.964 13688 13688 E libbinder.IPCThreadState: Binder transaction failure. id: 2093821, cmd: BR_FAILED_REPLY (29201), error: -1 (Operation not permitted)
06-20 10:38:05.967 13665 13665 W libbinder.BackendUnifiedServiceManager: Thread Pool max thread count is 0. Cannot cache binder as linkToDeath cannot be implemented. serviceName: clipboard
06-20 10:38:05.972 13688 13688 W libbinder.BackendUnifiedServiceManager: Thread Pool max thread count is 0. Cannot cache binder as linkToDeath cannot be implemented. serviceName: android.hardware.graphics.allocator.IAllocator/default
06-20 10:38:05.973 13643 13670 D ShellDesktopMode: DesktopUserRepositories: onUserChanged previousUserId=0, newUserId=0
06-20 10:38:05.975 13674 13674 W libbinder.BackendUnifiedServiceManager: Thread Pool max thread count is 0. Cannot cache binder as linkToDeath cannot be implemented. serviceName: binder_calls_stats
06-20 10:38:05.980 13643 13670 D ShellDesktopMode: DesktopUserRepositories: onUserProfilesChanged profiles=[UserInfo{0:Owner:4c13}]
06-20 10:38:05.982 13665 13665 W libbinder.BackendUnifiedServiceManager: Thread Pool max thread count is 0. Cannot cache binder as linkToDeath cannot be implemented. serviceName: color_display
06-20 10:38:05.984 13643 13670 V WindowManagerShell: 	DesktopUserRepositories init took 26ms
06-20 10:38:05.984 13688 13688 W libbinder.BackendUnifiedServiceManager: Thread Pool max thread count is 0. Cannot cache binder as linkToDeath cannot be implemented. serviceName: android.hardware.graphics.composer3.IComposer/default
06-20 10:38:05.985 13688 13688 E libbinder.IPCThreadState: Binder transaction failure. id: 2093847, cmd: BR_FAILED_REPLY (29201), error: -1 (Operation not permitted)
06-20 10:38:05.988 13674 13674 E libbinder.Parcel: Reading a NULL string not supported here.
06-20 10:38:05.989 13688 13688 W libbinder.BackendUnifiedServiceManager: Thread Pool max thread count is 0. Cannot cache binder as linkToDeath cannot be implemented. serviceName: android.hardware.health.IHealth/default
06-20 10:38:05.989 13643 13670 V WindowManagerShell: Adding command class compatui for CompatUIShellCommandHandler
06-20 10:38:05.989 13688 13688 E libbinder.IPCThreadState: Binder transaction failure. id: 2093858, cmd: BR_FAILED_REPLY (29201), error: -1 (Operation not permitted)
06-20 10:38:05.990 13643 13670 V WindowManagerShell: 	CompatUIController init took 5ms
06-20 10:38:05.990 13643 13670 V WindowManagerShell: Adding dump callback for TaskStackTransitionObserver
06-20 10:38:05.992 13665 13665 W libbinder.BackendUnifiedServiceManager: Thread Pool max thread count is 0. Cannot cache binder as linkToDeath cannot be implemented. serviceName: companiondevice
06-20 10:38:05.994 13674 13674 W libbinder.BackendUnifiedServiceManager: Thread Pool max thread count is 0. Cannot cache binder as linkToDeath cannot be implemented. serviceName: biometric
06-20 10:38:06.079 13665 13665 W libbinder.BackendUnifiedServiceManager: Thread Pool max thread count is 0. Cannot cache binder as linkToDeath cannot be implemented. serviceName: connectivity
06-20 10:38:06.076 13688 13688 W libbinder.BackendUnifiedServiceManager: Thread Pool max thread count is 0. Cannot cache binder as linkToDeath cannot be implemented. serviceName: android.hardware.identity.IIdentityCredentialStore/default
06-20 10:38:06.080 13688 13688 E libbinder.IPCThreadState: Binder transaction failure. id: 2093878, cmd: BR_FAILED_REPLY (29201), error: -1 (Operation not permitted)
06-20 10:38:06.080 13643 13670 V WindowManagerShell: 	TaskStackTransitionObserver init took 90ms
06-20 10:38:06.081 13643 13654 D FingerprintPropertyRepositoryImpl: onAllAuthenticatorsRegistered [ID: 0, Strength: 2, Type: 1]
06-20 10:38:06.083  8971  8988 I artd    : GetBestInfo: odex next to the dex file (/data/app/~~6yiVjx0lPBkp_8Lil-1a1w==/com.google.android.gms-VQfBJghSRM-7GIzedrFyrw==/oat/x86_64/base.odex) is kOatUpToDate with filter 'speed-profile' executable 'false'
06-20 10:38:06.084 13643 13670 V WindowManagerShell: Adding external interface from RecentTasksController with key com.android.wm.shell.recents.IRecentTasks
06-20 10:38:06.084 13688 13688 W libbinder.BackendUnifiedServiceManager: Thread Pool max thread count is 0. Cannot cache binder as linkToDeath cannot be implemented. serviceName: android.hardware.light.ILights/default
06-20 10:38:06.084 13643 13670 V WindowManagerShell: Adding dump callback for RecentTasksController
06-20 10:38:06.087 13688 13688 E libbinder.IPCThreadState: Binder transaction failure. id: 2093888, cmd: BR_FAILED_REPLY (29201), error: -1 (Operation not permitted)
06-20 10:38:06.088 13665 13665 W libbinder.BackendUnifiedServiceManager: Thread Pool max thread count is 0. Cannot cache binder as linkToDeath cannot be implemented. serviceName: connectivity_native
06-20 10:38:06.089 13643 13670 V WindowManagerShell: Adding command class recents for RecentTasksController
06-20 10:38:06.092 13688 13688 W libbinder.BackendUnifiedServiceManager: Thread Pool max thread count is 0. Cannot cache binder as linkToDeath cannot be implemented. serviceName: android.hardware.media.c2.IComponentStore/software
06-20 10:38:06.096  8971  8988 I artd    : GetBestInfo: odex next to the dex file (/data/app/~~6yiVjx0lPBkp_8Lil-1a1w==/com.google.android.gms-VQfBJghSRM-7GIzedrFyrw==/oat/x86_64/split_AdsDynamite_installtime.odex) is kOatUpToDate with filter 'speed' executable 'false'
06-20 10:38:06.097 13674 13674 W libbinder.BackendUnifiedServiceManager: Thread Pool max thread count is 0. Cannot cache binder as linkToDeath cannot be implemented. serviceName: blob_store
06-20 10:38:06.103 13688 13688 W libbinder.BackendUnifiedServiceManager: Thread Pool max thread count is 0. Cannot cache binder as linkToDeath cannot be implemented. serviceName: android.hardware.neuralnetworks.IDevice/nnapi-sample_all
06-20 10:38:06.105  8971  8988 I artd    : GetBestInfo: odex next to the dex file (/data/app/~~6yiVjx0lPBkp_8Lil-1a1w==/com.google.android.gms-VQfBJghSRM-7GIzedrFyrw==/oat/x86_64/split_CronetDynamite_installtime.odex) is kOatUpToDate with filter 'speed-profile' executable 'false'
06-20 10:38:06.110 13688 13688 W libbinder.BackendUnifiedServiceManager: Thread Pool max thread count is 0. Cannot cache binder as linkToDeath cannot be implemented. serviceName: android.hardware.neuralnetworks.IDevice/nnapi-sample_quant
06-20 10:38:06.112 13674 13674 W libbinder.BackendUnifiedServiceManager: Thread Pool max thread count is 0. Cannot cache binder as linkToDeath cannot be implemented. serviceName: bluetooth_manager
06-20 10:38:06.114  8971  8988 I artd    : GetBestInfo: odex next to the dex file (/data/app/~~6yiVjx0lPBkp_8Lil-1a1w==/com.google.android.gms-VQfBJghSRM-7GIzedrFyrw==/oat/x86_64/split_DynamiteLoader_installtime.odex) is kOatUpToDate with filter 'speed' executable 'false'
06-20 10:38:06.120 13688 13688 W libbinder.BackendUnifiedServiceManager: Thread Pool max thread count is 0. Cannot cache binder as linkToDeath cannot be implemented. serviceName: android.hardware.neuralnetworks.IDevice/nnapi-sample_sl_shim
06-20 10:38:06.123  8971  8988 I artd    : GetBestInfo: odex next to the dex file (/data/app/~~6yiVjx0lPBkp_8Lil-1a1w==/com.google.android.gms-VQfBJghSRM-7GIzedrFyrw==/oat/x86_64/split_DynamiteModulesA_installtime.odex) is kOatUpToDate with filter 'speed' executable 'false'
06-20 10:38:06.126 13674 13674 W libbinder.BackendUnifiedServiceManager: Thread Pool max thread count is 0. Cannot cache binder as linkToDeath cannot be implemented. serviceName: bugreport
06-20 10:38:06.127 13688 13688 W libbinder.BackendUnifiedServiceManager: Thread Pool max thread count is 0. Cannot cache binder as linkToDeath cannot be implemented. serviceName: android.hardware.power.IPower/default
06-20 10:38:06.128 13688 13688 E libbinder.IPCThreadState: Binder transaction failure. id: 2093949, cmd: BR_FAILED_REPLY (29201), error: -1 (Operation not permitted)
06-20 10:38:06.130  8971  8988 I artd    : GetBestInfo: odex next to the dex file (/data/app/~~6yiVjx0lPBkp_8Lil-1a1w==/com.google.android.gms-VQfBJghSRM-7GIzedrFyrw==/oat/x86_64/split_DynamiteModulesC_installtime.odex) is kOatUpToDate with filter 'speed' executable 'false'
06-20 10:38:06.134 13688 13688 W libbinder.BackendUnifiedServiceManager: Thread Pool max thread count is 0. Cannot cache binder as linkToDeath cannot be implemented. serviceName: android.hardware.power.stats.IPowerStats/default
06-20 10:38:06.135 13688 13688 E libbinder.IPCThreadState: Binder transaction failure. id: 2093958, cmd: BR_FAILED_REPLY (29201), error: -1 (Operation not permitted)
06-20 10:38:06.135  8971  8988 I artd    : GetBestInfo: odex next to the dex file (/data/app/~~6yiVjx0lPBkp_8Lil-1a1w==/com.google.android.gms-VQfBJghSRM-7GIzedrFyrw==/oat/x86_64/split_GoogleCertificates_installtime.odex) is kOatUpToDate with filter 'speed' executable 'false'
06-20 10:38:06.136 13643 13670 V WindowManagerShell: 	RecentTasksController init took 52ms
06-20 10:38:06.138 13674 13674 W libbinder.BackendUnifiedServiceManager: Thread Pool max thread count is 0. Cannot cache binder as linkToDeath cannot be implemented. serviceName: cacheinfo
06-20 10:38:06.141  8971  8988 I artd    : GetBestInfo: odex next to the dex file (/data/app/~~6yiVjx0lPBkp_8Lil-1a1w==/com.google.android.gms-VQfBJghSRM-7GIzedrFyrw==/oat/x86_64/split_MapsDynamite_installtime.odex) is kOatUpToDate with filter 'speed' executable 'false'
06-20 10:38:06.141 13688 13688 W libbinder.BackendUnifiedServiceManager: Thread Pool max thread count is 0. Cannot cache binder as linkToDeath cannot be implemented. serviceName: android.hardware.radio.config.IRadioConfig/default
06-20 10:38:06.141 13688 13688 E libbinder.IPCThreadState: Binder transaction failure. id: 2093969, cmd: BR_FAILED_REPLY (29201), error: -1 (Operation not permitted)
06-20 10:38:06.143 13674 13674 E libbinder.Parcel: Reading a NULL string not supported here.
06-20 10:38:06.143 13643 13670 V WindowManagerShell: Adding dump callback for ShellTaskOrganizer
06-20 10:38:06.143 13643 13670 V ShellTaskOrganizer: Registering organizer
06-20 10:38:06.145 13643 13643 D PerDisplayInstanceRepo: <DisplayComponentInstanceProvider> creating instance for displayId=0, as it wasn't available.
06-20 10:38:06.148 13688 13688 W libbinder.BackendUnifiedServiceManager: Thread Pool max thread count is 0. Cannot cache binder as linkToDeath cannot be implemented. serviceName: android.hardware.radio.data.IRadioData/slot1
06-20 10:38:06.148  8971  8977 I artd    : GetBestInfo: odex next to the dex file (/data/app/~~6yiVjx0lPBkp_8Lil-1a1w==/com.google.android.gms-VQfBJghSRM-7GIzedrFyrw==/oat/x86_64/split_MeasurementDynamite_installtime.odex) is kOatUpToDate with filter 'speed' executable 'false'
06-20 10:38:06.152 13643 13670 V ShellTaskOrganizer: Task appeared taskId=22 listener=null
06-20 10:38:06.184 13674 13674 W libbinder.BackendUnifiedServiceManager: Thread Pool max thread count is 0. Cannot cache binder as linkToDeath cannot be implemented. serviceName: carrier_config
06-20 10:38:06.185 13706 13706 W libbinder.BackendUnifiedServiceManager: Thread Pool max thread count is 0. Cannot cache binder as linkToDeath cannot be implemented. serviceName: activity
06-20 10:38:06.201  8971  8977 I artd    : GetBestInfo: /data/user_de/0/com.google.android.gms/app_chimera/m/00000011/dl-VisionOcr.optional_261934100000.apk has no usable artifacts
06-20 10:38:06.205  8971  8977 I artd    : GetBestInfo: /data/user_de/0/com.google.android.gms/app_chimera/m/00000001/CronetDynamite.apk has no usable artifacts
06-20 10:38:06.207 13674 13674 W libbinder.BackendUnifiedServiceManager: Thread Pool max thread count is 0. Cannot cache binder as linkToDeath cannot be implemented. serviceName: clipboard
06-20 10:38:06.217  8971  8977 I artd    : GetBestInfo: /data/user_de/0/com.google.android.gms/app_chimera/m/00000014/dl-IdentityCredentialsPlatform.optional_261934100800.apk has no usable artifacts
06-20 10:38:06.218 13674 13674 W libbinder.BackendUnifiedServiceManager: Thread Pool max thread count is 0. Cannot cache binder as linkToDeath cannot be implemented. serviceName: color_display
06-20 10:38:06.225 13674 13674 W libbinder.BackendUnifiedServiceManager: Thread Pool max thread count is 0. Cannot cache binder as linkToDeath cannot be implemented. serviceName: companiondevice
06-20 10:38:06.235 13674 13674 W libbinder.BackendUnifiedServiceManager: Thread Pool max thread count is 0. Cannot cache binder as linkToDeath cannot be implemented. serviceName: connectivity
06-20 10:38:06.241  8971  8977 I artd    : GetBestInfo: /data/user_de/0/com.google.android.gms/app_chimera/m/00000002/DynamiteLoader.apk has no usable artifacts
06-20 10:38:06.249 13674 13674 W libbinder.BackendUnifiedServiceManager: Thread Pool max thread count is 0. Cannot cache binder as linkToDeath cannot be implemented. serviceName: connectivity_native
06-20 10:38:06.253 13688 13688 E libbinder.IPCThreadState: Binder transaction failure. id: 2093996, cmd: BR_FAILED_REPLY (29201), error: -1 (Operation not permitted)
06-20 10:38:06.260  8971  8977 I artd    : GetBestInfo: /data/user_de/0/com.google.android.gms/app_chimera/m/00000005/GoogleCertificates.apk has no usable artifacts
06-20 10:38:06.264 13688 13688 W libbinder.BackendUnifiedServiceManager: Thread Pool max thread count is 0. Cannot cache binder as linkToDeath cannot be implemented. serviceName: android.hardware.radio.ims.IRadioIms/slot1
06-20 10:38:06.264 13674 13674 W libbinder.BackendUnifiedServiceManager: Thread Pool max thread count is 0. Cannot cache binder as linkToDeath cannot be implemented. serviceName: connmetrics
06-20 10:38:06.268  8971  8977 I artd    : GetBestInfo: /data/user_de/0/com.google.android.gms/app_chimera/m/0000000a/dl-TfliteDynamiteDynamite.integ_260580502100800.apk has no usable artifacts
06-20 10:38:06.275 13674 13674 W libbinder.BackendUnifiedServiceManager: Thread Pool max thread count is 0. Cannot cache binder as linkToDeath cannot be implemented. serviceName: content
06-20 10:38:06.277  8971  8977 I artd    : GetBestInfo: /data/user_de/0/com.google.android.gms/app_chimera/m/00000008/dl-MlkitBarcodeUi.optional_253434100800.apk has no usable artifacts
06-20 10:38:06.281 13674 13674 W libbinder.BackendUnifiedServiceManager: Thread Pool max thread count is 0. Cannot cache binder as linkToDeath cannot be implemented. serviceName: content_capture
06-20 10:38:06.289  8971  8977 I artd    : GetBestInfo: /data/user_de/0/com.google.android.gms/app_chimera/m/0000000c/dl-Appsearch.optional_253434100800.apk has no usable artifacts
06-20 10:38:06.294 13674 13674 W libbinder.BackendUnifiedServiceManager: Thread Pool max thread count is 0. Cannot cache binder as linkToDeath cannot be implemented. serviceName: content_suggestions
06-20 10:38:06.302 13674 13674 W libbinder.BackendUnifiedServiceManager: Thread Pool max thread count is 0. Cannot cache binder as linkToDeath cannot be implemented. serviceName: contexthub
06-20 10:38:06.305  8971  8977 I artd    : GetBestInfo: /data/user_de/0/com.google.android.gms/app_chimera/m/00000012/dl-MlkitOcrCommon.optional_261934100800.apk has no usable artifacts
06-20 10:38:06.307 13688 13688 E libbinder.IPCThreadState: Binder transaction failure. id: 2094050, cmd: BR_FAILED_REPLY (29201), error: -1 (Operation not permitted)
06-20 10:38:06.328  8971  8988 I artd    : GetBestInfo: vdex next to the dex file (/data/user/0/com.google.android.gms/app_dg_cache/9BCBC14EE674B00B958D4B0C5B4BD883630AA39E/oat/x86_64/the.vdex) is kOatUpToDate with filter 'verify' executable 'false'
06-20 10:38:06.328 13674 13674 W libbinder.BackendUnifiedServiceManager: Thread Pool max thread count is 0. Cannot cache binder as linkToDeath cannot be implemented. serviceName: country_detector
06-20 10:38:06.331  8971  8988 I artd    : GetBestInfo: /data/user_de/0/com.google.android.gms/app_chimera/m/00000013/dl-PlayCloudSearch.optional_261934100000.apk has no usable artifacts
06-20 10:38:06.333 13688 13688 W libbinder.BackendUnifiedServiceManager: Thread Pool max thread count is 0. Cannot cache binder as linkToDeath cannot be implemented. serviceName: android.hardware.radio.ims.media.IImsMedia/default
06-20 10:38:06.337 13674 13674 W libbinder.BackendUnifiedServiceManager: Thread Pool max thread count is 0. Cannot cache binder as linkToDeath cannot be implemented. serviceName: cpuinfo
06-20 10:38:06.342 13674 13674 E libbinder.Parcel: Reading a NULL string not supported here.
06-20 10:38:06.342  8971  8988 I artd    : GetBestInfo: /data/user/0/com.google.android.gms/app_dg_cache/92659AEB0EFADECE4CBB22D1DF07B00702EAAC36/the.apk has no usable artifacts
06-20 10:38:06.353  8971  8988 I artd    : GetBestInfo: /data/user_de/0/com.google.android.gms/app_chimera/m/0000000f/dl-MlkitBarcodeUi.optional_261934100800.apk has no usable artifacts
06-20 10:38:06.360 13674 13674 W libbinder.BackendUnifiedServiceManager: Thread Pool max thread count is 0. Cannot cache binder as linkToDeath cannot be implemented. serviceName: credential
06-20 10:38:06.360  8971  8977 I artd    : GetBestInfo: /data/user_de/0/com.google.android.gms/app_chimera/m/0000000d/dl-Appsearch.optional_261934100800.apk has no usable artifacts
06-20 10:38:06.364  8971  8977 I artd    : GetBestInfo: /data/user_de/0/com.google.android.gms/app_chimera/m/00000007/MeasurementDynamite.apk has no usable artifacts
06-20 10:38:06.373 13674 13674 W libbinder.BackendUnifiedServiceManager: Thread Pool max thread count is 0. Cannot cache binder as linkToDeath cannot be implemented. serviceName: crossprofileapps
06-20 10:38:06.376 13688 13688 E libbinder.IPCThreadState: Binder transaction failure. id: 2094098, cmd: BR_FAILED_REPLY (29201), error: -1 (Operation not permitted)
06-20 10:38:06.388 13688 13688 W libbinder.BackendUnifiedServiceManager: Thread Pool max thread count is 0. Cannot cache binder as linkToDeath cannot be implemented. serviceName: android.hardware.radio.messaging.IRadioMessaging/slot1
06-20 10:38:06.393 13674 13674 W libbinder.BackendUnifiedServiceManager: Thread Pool max thread count is 0. Cannot cache binder as linkToDeath cannot be implemented. serviceName: dataloader_manager
06-20 10:38:06.411 13674 13674 W libbinder.BackendUnifiedServiceManager: Thread Pool max thread count is 0. Cannot cache binder as linkToDeath cannot be implemented. serviceName: dbinfo
06-20 10:38:06.420 13674 13674 E libbinder.Parcel: Reading a NULL string not supported here.
06-20 10:38:06.425 13688 13688 E libbinder.IPCThreadState: Binder transaction failure. id: 2094138, cmd: BR_FAILED_REPLY (29201), error: -1 (Operation not permitted)
06-20 10:38:06.426 13674 13674 W libbinder.BackendUnifiedServiceManager: Thread Pool max thread count is 0. Cannot cache binder as linkToDeath cannot be implemented. serviceName: device_config
06-20 10:38:06.429 13643 13670 V ShellTaskOrganizer: Task appeared taskId=1 listener=null
06-20 10:38:06.429 13643 13670 V ShellTaskOrganizer: Adding overlay to home task
06-20 10:38:06.430 13674 13674 E libbinder.Parcel: Reading a NULL string not supported here.
06-20 10:38:06.431 13688 13688 W libbinder.BackendUnifiedServiceManager: Thread Pool max thread count is 0. Cannot cache binder as linkToDeath cannot be implemented. serviceName: android.hardware.radio.modem.IRadioModem/slot1
06-20 10:38:06.432 13643 13643 I UserTrackerImpl: Starting user: 0
06-20 10:38:06.471 13674 13674 W libbinder.BackendUnifiedServiceManager: Thread Pool max thread count is 0. Cannot cache binder as linkToDeath cannot be implemented. serviceName: device_identifiers
06-20 10:38:06.481   803  2112 W libbinder.Binder: Binder transaction to android.content.pm.IPackageManager code 1598311760 took 2385ms. Data bytes: 80 Reply bytes: 4 Flags: 16
