06-20 10:34:15.244 12568 12568 W libbinder.BackendUnifiedServiceManager: Thread Pool max thread count is 0. Cannot cache binder as linkToDeath cannot be implemented. serviceName: device_state
06-20 10:34:15.244 12578 12578 W libbinder.BackendUnifiedServiceManager: Thread Pool max thread count is 0. Cannot cache binder as linkToDeath cannot be implemented. serviceName: accessibility
06-20 10:34:15.247 12568 12568 W libbinder.BackendUnifiedServiceManager: Thread Pool max thread count is 0. Cannot cache binder as linkToDeath cannot be implemented. serviceName: deviceidle
06-20 10:34:15.248 12578 12578 W libbinder.BackendUnifiedServiceManager: Thread Pool max thread count is 0. Cannot cache binder as linkToDeath cannot be implemented. serviceName: account
06-20 10:34:15.252 12578 12578 W libbinder.BackendUnifiedServiceManager: Thread Pool max thread count is 0. Cannot cache binder as linkToDeath cannot be implemented. serviceName: activity
06-20 10:34:15.258 12568 12568 W libbinder.BackendUnifiedServiceManager: Thread Pool max thread count is 0. Cannot cache binder as linkToDeath cannot be implemented. serviceName: devicestoragemonitor
06-20 10:34:15.260 12576 12576 W libbinder.BackendUnifiedServiceManager: Thread Pool max thread count is 0. Cannot cache binder as linkToDeath cannot be implemented. serviceName: android.frameworks.devicestate.IDeviceStateService/default
06-20 10:34:15.261 12578 12578 W libbinder.BackendUnifiedServiceManager: Thread Pool max thread count is 0. Cannot cache binder as linkToDeath cannot be implemented. serviceName: activity_task
06-20 10:34:15.264 12568 12568 E libbinder.Parcel: Reading a NULL string not supported here.
06-20 10:34:15.266 12578 12578 W libbinder.BackendUnifiedServiceManager: Thread Pool max thread count is 0. Cannot cache binder as linkToDeath cannot be implemented. serviceName: adb
06-20 10:34:15.271 12568 12568 W libbinder.BackendUnifiedServiceManager: Thread Pool max thread count is 0. Cannot cache binder as linkToDeath cannot be implemented. serviceName: diskstats
06-20 10:34:15.272 12576 12576 W libbinder.BackendUnifiedServiceManager: Thread Pool max thread count is 0. Cannot cache binder as linkToDeath cannot be implemented. serviceName: android.frameworks.location.altitude.IAltitudeService/default
06-20 10:34:15.276 12568 12568 E libbinder.Parcel: Reading a NULL string not supported here.
06-20 10:34:15.280 12568 12568 W libbinder.BackendUnifiedServiceManager: Thread Pool max thread count is 0. Cannot cache binder as linkToDeath cannot be implemented. serviceName: display
06-20 10:34:15.281 12578 12578 W libbinder.BackendUnifiedServiceManager: Thread Pool max thread count is 0. Cannot cache binder as linkToDeath cannot be implemented. serviceName: adservices_manager
06-20 10:34:15.285 12576 12576 W libbinder.BackendUnifiedServiceManager: Thread Pool max thread count is 0. Cannot cache binder as linkToDeath cannot be implemented. serviceName: android.frameworks.sensorservice.ISensorManager/default
06-20 10:34:15.290 12578 12578 W libbinder.BackendUnifiedServiceManager: Thread Pool max thread count is 0. Cannot cache binder as linkToDeath cannot be implemented. serviceName: advanced_protection
06-20 10:34:15.291 12576 12576 W libbinder.BackendUnifiedServiceManager: Thread Pool max thread count is 0. Cannot cache binder as linkToDeath cannot be implemented. serviceName: android.frameworks.stats.IStats/default
06-20 10:34:15.298 12576 12576 W libbinder.BackendUnifiedServiceManager: Thread Pool max thread count is 0. Cannot cache binder as linkToDeath cannot be implemented. serviceName: android.frameworks.vibrator.IVibratorControlService/default
06-20 10:34:15.317 12578 12578 W libbinder.BackendUnifiedServiceManager: Thread Pool max thread count is 0. Cannot cache binder as linkToDeath cannot be implemented. serviceName: alarm
06-20 10:34:15.321 12576 12576 W libbinder.BackendUnifiedServiceManager: Thread Pool max thread count is 0. Cannot cache binder as linkToDeath cannot be implemented. serviceName: android.hardware.authsecret.IAuthSecret/default
06-20 10:34:15.323 12568 12568 W libbinder.BackendUnifiedServiceManager: Thread Pool max thread count is 0. Cannot cache binder as linkToDeath cannot be implemented. serviceName: domain_verification
06-20 10:34:15.324 12576 12576 E libbinder.IPCThreadState: Binder transaction failure. id: 1933189, cmd: BR_FAILED_REPLY (29201), error: -1 (Operation not permitted)
06-20 10:34:15.328 12576 12576 E libbinder.IPCThreadState: Binder transaction failure. id: 1933194, cmd: BR_FAILED_REPLY (29201), error: -1 (Operation not permitted)
06-20 10:34:15.338 12576 12576 W libbinder.BackendUnifiedServiceManager: Thread Pool max thread count is 0. Cannot cache binder as linkToDeath cannot be implemented. serviceName: android.hardware.bluetooth.IBluetoothHci/default
06-20 10:34:15.338 12576 12576 E libbinder.IPCThreadState: Binder transaction failure. id: 1933198, cmd: BR_FAILED_REPLY (29201), error: -1 (Operation not permitted)
06-20 10:34:15.343 12576 12576 W libbinder.BackendUnifiedServiceManager: Thread Pool max thread count is 0. Cannot cache binder as linkToDeath cannot be implemented. serviceName: android.hardware.bluetooth.audio.IBluetoothAudioProviderFactory/default
06-20 10:34:15.344 12576 12576 E libbinder.IPCThreadState: Binder transaction failure. id: 1933203, cmd: BR_FAILED_REPLY (29201), error: -1 (Operation not permitted)
06-20 10:34:15.349 12576 12576 W libbinder.BackendUnifiedServiceManager: Thread Pool max thread count is 0. Cannot cache binder as linkToDeath cannot be implemented. serviceName: android.hardware.bluetooth.offload.leaudio.IHciProxy/default
06-20 10:34:15.318 12576 12576 W service : type=1400 audit(0.0:49906): avc:  denied  { call } for  scontext=u:r:shell:s0 tcontext=u:r:hal_authsecret_default:s0 tclass=binder permissive=0
06-20 10:34:15.368  8971  8977 I artd    : GetBestInfo: odex next to the dex file (/data/app/~~6yiVjx0lPBkp_8Lil-1a1w==/com.google.android.gms-VQfBJghSRM-7GIzedrFyrw==/oat/x86_64/base.odex) is kOatUpToDate with filter 'speed-profile' executable 'false'
06-20 10:34:15.373 12578 12578 W libbinder.BackendUnifiedServiceManager: Thread Pool max thread count is 0. Cannot cache binder as linkToDeath cannot be implemented. serviceName: ambient_context
06-20 10:34:15.387  8971  8977 I artd    : GetBestInfo: odex next to the dex file (/data/app/~~6yiVjx0lPBkp_8Lil-1a1w==/com.google.android.gms-VQfBJghSRM-7GIzedrFyrw==/oat/x86_64/split_AdsDynamite_installtime.odex) is kOatUpToDate with filter 'speed' executable 'false'
06-20 10:34:15.326 12576 12576 W service : type=1400 audit(0.0:49907): avc:  denied  { call } for  scontext=u:r:shell:s0 tcontext=u:r:hal_fingerprint_default:s0 tclass=binder permissive=0
06-20 10:34:15.391 12576 12576 E libbinder.IPCThreadState: Binder transaction failure. id: 1933207, cmd: BR_FAILED_REPLY (29201), error: -1 (Operation not permitted)
06-20 10:34:15.394   803   815 I system_server: Background young concurrent mark compact GC freed 23MB AllocSpace bytes, 28(560KB) LOS objects, 41% free, 32MB/56MB, paused 24.355ms,4.664ms total 146.542ms
06-20 10:34:15.400 12576 12576 W libbinder.BackendUnifiedServiceManager: Thread Pool max thread count is 0. Cannot cache binder as linkToDeath cannot be implemented. serviceName: android.hardware.camera.provider.ICameraProvider/internal/0
06-20 10:34:15.401 12576 12576 E libbinder.IPCThreadState: Binder transaction failure. id: 1933229, cmd: BR_FAILED_REPLY (29201), error: -1 (Operation not permitted)
06-20 10:34:15.404 12578 12578 W libbinder.BackendUnifiedServiceManager: Thread Pool max thread count is 0. Cannot cache binder as linkToDeath cannot be implemented. serviceName: android.frameworks.cameraservice.service.ICameraService/default
06-20 10:34:15.412 12576 12576 W libbinder.BackendUnifiedServiceManager: Thread Pool max thread count is 0. Cannot cache binder as linkToDeath cannot be implemented. serviceName: android.hardware.camera.provider.ICameraProvider/internal/1
06-20 10:34:15.412 12576 12576 E libbinder.IPCThreadState: Binder transaction failure. id: 1933240, cmd: BR_FAILED_REPLY (29201), error: -1 (Operation not permitted)
06-20 10:34:15.414 12578 12578 W libbinder.BackendUnifiedServiceManager: Thread Pool max thread count is 0. Cannot cache binder as linkToDeath cannot be implemented. serviceName: android.frameworks.devicestate.IDeviceStateService/default
06-20 10:34:15.416 12576 12576 W libbinder.BackendUnifiedServiceManager: Thread Pool max thread count is 0. Cannot cache binder as linkToDeath cannot be implemented. serviceName: android.hardware.cas.IMediaCasService/default
06-20 10:34:15.419 12568 12568 W libbinder.BackendUnifiedServiceManager: Thread Pool max thread count is 0. Cannot cache binder as linkToDeath cannot be implemented. serviceName: dreams
06-20 10:34:15.334 12576 12576 W service : type=1400 audit(0.0:49908): avc:  denied  { call } for  scontext=u:r:shell:s0 tcontext=u:r:hal_bluetooth_default:s0 tclass=binder permissive=0
06-20 10:34:15.342 12576 12576 W service : type=1400 audit(0.0:49909): avc:  denied  { call } for  scontext=u:r:shell:s0 tcontext=u:r:hal_audio_default:s0 tclass=binder permissive=0
06-20 10:34:15.424 12578 12578 W libbinder.BackendUnifiedServiceManager: Thread Pool max thread count is 0. Cannot cache binder as linkToDeath cannot be implemented. serviceName: android.frameworks.location.altitude.IAltitudeService/default
06-20 10:34:15.428 12576 12576 W libbinder.BackendUnifiedServiceManager: Thread Pool max thread count is 0. Cannot cache binder as linkToDeath cannot be implemented. serviceName: android.hardware.contexthub.IContextHub/default
06-20 10:34:15.428  8971  8977 I artd    : GetBestInfo: odex next to the dex file (/data/app/~~6yiVjx0lPBkp_8Lil-1a1w==/com.google.android.gms-VQfBJghSRM-7GIzedrFyrw==/oat/x86_64/split_CronetDynamite_installtime.odex) is kOatUpToDate with filter 'speed-profile' executable 'false'
06-20 10:34:15.428 12576 12576 E libbinder.IPCThreadState: Binder transaction failure. id: 1933261, cmd: BR_FAILED_REPLY (29201), error: -1 (Operation not permitted)
06-20 10:34:15.432 12576 12576 W libbinder.BackendUnifiedServiceManager: Thread Pool max thread count is 0. Cannot cache binder as linkToDeath cannot be implemented. serviceName: android.hardware.drm.IDrmFactory/widevine
06-20 10:34:15.432 12578 12578 W libbinder.BackendUnifiedServiceManager: Thread Pool max thread count is 0. Cannot cache binder as linkToDeath cannot be implemented. serviceName: android.frameworks.sensorservice.ISensorManager/default
06-20 10:34:15.433  8971  8977 I artd    : GetBestInfo: odex next to the dex file (/data/app/~~6yiVjx0lPBkp_8Lil-1a1w==/com.google.android.gms-VQfBJghSRM-7GIzedrFyrw==/oat/x86_64/split_DynamiteLoader_installtime.odex) is kOatUpToDate with filter 'speed' executable 'false'
06-20 10:34:15.437 12576 12576 W libbinder.BackendUnifiedServiceManager: Thread Pool max thread count is 0. Cannot cache binder as linkToDeath cannot be implemented. serviceName: android.hardware.gatekeeper.IGatekeeper/default
06-20 10:34:15.438 12576 12576 E libbinder.IPCThreadState: Binder transaction failure. id: 1933279, cmd: BR_FAILED_REPLY (29201), error: -1 (Operation not permitted)
06-20 10:34:15.440  8971  8977 I artd    : GetBestInfo: odex next to the dex file (/data/app/~~6yiVjx0lPBkp_8Lil-1a1w==/com.google.android.gms-VQfBJghSRM-7GIzedrFyrw==/oat/x86_64/split_DynamiteModulesA_installtime.odex) is kOatUpToDate with filter 'speed' executable 'false'
06-20 10:34:15.441 12576 12576 E libbinder.IPCThreadState: Binder transaction failure. id: 1933285, cmd: BR_FAILED_REPLY (29201), error: -1 (Operation not permitted)
06-20 10:34:15.679 12576 12576 W libbinder.BackendUnifiedServiceManager: Thread Pool max thread count is 0. Cannot cache binder as linkToDeath cannot be implemented. serviceName: android.hardware.graphics.allocator.IAllocator/default
06-20 10:34:15.681 12568 12568 W libbinder.BackendUnifiedServiceManager: Thread Pool max thread count is 0. Cannot cache binder as linkToDeath cannot be implemented. serviceName: drm.drmManager
06-20 10:34:15.683 12578 12578 W libbinder.BackendUnifiedServiceManager: Thread Pool max thread count is 0. Cannot cache binder as linkToDeath cannot be implemented. serviceName: android.frameworks.stats.IStats/default
06-20 10:34:15.686  8971  8977 I artd    : GetBestInfo: odex next to the dex file (/data/app/~~6yiVjx0lPBkp_8Lil-1a1w==/com.google.android.gms-VQfBJghSRM-7GIzedrFyrw==/oat/x86_64/split_DynamiteModulesC_installtime.odex) is kOatUpToDate with filter 'speed' executable 'false'
06-20 10:34:15.687 12568 12568 W libbinder.BackendUnifiedServiceManager: Thread Pool max thread count is 0. Cannot cache binder as linkToDeath cannot be implemented. serviceName: dropbox
06-20 10:34:15.689 12576 12576 W libbinder.BackendUnifiedServiceManager: Thread Pool max thread count is 0. Cannot cache binder as linkToDeath cannot be implemented. serviceName: android.hardware.graphics.composer3.IComposer/default
06-20 10:34:15.690 12576 12576 E libbinder.IPCThreadState: Binder transaction failure. id: 1933316, cmd: BR_FAILED_REPLY (29201), error: -1 (Operation not permitted)
06-20 10:34:15.691 12578 12578 W libbinder.BackendUnifiedServiceManager: Thread Pool max thread count is 0. Cannot cache binder as linkToDeath cannot be implemented. serviceName: android.frameworks.vibrator.IVibratorControlService/default
06-20 10:34:15.693 12568 12568 W libbinder.BackendUnifiedServiceManager: Thread Pool max thread count is 0. Cannot cache binder as linkToDeath cannot be implemented. serviceName: dynamic_instrumentation
06-20 10:34:15.695 12576 12576 W libbinder.BackendUnifiedServiceManager: Thread Pool max thread count is 0. Cannot cache binder as linkToDeath cannot be implemented. serviceName: android.hardware.health.IHealth/default
06-20 10:34:15.697 12576 12576 E libbinder.IPCThreadState: Binder transaction failure. id: 1933326, cmd: BR_FAILED_REPLY (29201), error: -1 (Operation not permitted)
06-20 10:34:15.705 12568 12568 W libbinder.BackendUnifiedServiceManager: Thread Pool max thread count is 0. Cannot cache binder as linkToDeath cannot be implemented. serviceName: dynamic_system
06-20 10:34:15.705  8971  8977 I artd    : GetBestInfo: odex next to the dex file (/data/app/~~6yiVjx0lPBkp_8Lil-1a1w==/com.google.android.gms-VQfBJghSRM-7GIzedrFyrw==/oat/x86_64/split_GoogleCertificates_installtime.odex) is kOatUpToDate with filter 'speed' executable 'false'
06-20 10:34:15.707 12576 12576 W libbinder.BackendUnifiedServiceManager: Thread Pool max thread count is 0. Cannot cache binder as linkToDeath cannot be implemented. serviceName: android.hardware.identity.IIdentityCredentialStore/default
06-20 10:34:15.709 12576 12576 E libbinder.IPCThreadState: Binder transaction failure. id: 1933338, cmd: BR_FAILED_REPLY (29201), error: -1 (Operation not permitted)
06-20 10:34:15.712  8971  8977 I artd    : GetBestInfo: odex next to the dex file (/data/app/~~6yiVjx0lPBkp_8Lil-1a1w==/com.google.android.gms-VQfBJghSRM-7GIzedrFyrw==/oat/x86_64/split_MapsDynamite_installtime.odex) is kOatUpToDate with filter 'speed' executable 'false'
06-20 10:34:15.716 12576 12576 W libbinder.BackendUnifiedServiceManager: Thread Pool max thread count is 0. Cannot cache binder as linkToDeath cannot be implemented. serviceName: android.hardware.light.ILights/default
06-20 10:34:15.716 12568 12568 W libbinder.BackendUnifiedServiceManager: Thread Pool max thread count is 0. Cannot cache binder as linkToDeath cannot be implemented. serviceName: ecm_enhanced_confirmation
06-20 10:34:15.716 12576 12576 E libbinder.IPCThreadState: Binder transaction failure. id: 1933351, cmd: BR_FAILED_REPLY (29201), error: -1 (Operation not permitted)
06-20 10:34:15.686 12576 12576 W service : type=1400 audit(0.0:49916): avc:  denied  { call } for  scontext=u:r:shell:s0 tcontext=u:r:hal_graphics_composer_default:s0 tclass=binder permissive=0
06-20 10:34:15.728 12576 12576 W libbinder.BackendUnifiedServiceManager: Thread Pool max thread count is 0. Cannot cache binder as linkToDeath cannot be implemented. serviceName: android.hardware.media.c2.IComponentStore/software
06-20 10:34:15.728 12578 12578 W libbinder.BackendUnifiedServiceManager: Thread Pool max thread count is 0. Cannot cache binder as linkToDeath cannot be implemented. serviceName: android.hardware.authsecret.IAuthSecret/default
06-20 10:34:15.730 12578 12578 E libbinder.IPCThreadState: Binder transaction failure. id: 1933360, cmd: BR_FAILED_REPLY (29201), error: -1 (Operation not permitted)
06-20 10:34:15.733  8971  8977 I artd    : GetBestInfo: odex next to the dex file (/data/app/~~6yiVjx0lPBkp_8Lil-1a1w==/com.google.android.gms-VQfBJghSRM-7GIzedrFyrw==/oat/x86_64/split_MeasurementDynamite_installtime.odex) is kOatUpToDate with filter 'speed' executable 'false'
06-20 10:34:15.734 12568 12568 W libbinder.BackendUnifiedServiceManager: Thread Pool max thread count is 0. Cannot cache binder as linkToDeath cannot be implemented. serviceName: emergency_affordance
06-20 10:34:15.740  8971  8977 I artd    : GetBestInfo: /data/user_de/0/com.google.android.gms/app_chimera/m/00000011/dl-VisionOcr.optional_261934100000.apk has no usable artifacts
06-20 10:34:15.741 12568 12568 E libbinder.Parcel: Reading a NULL string not supported here.
06-20 10:34:15.741 12576 12576 W libbinder.BackendUnifiedServiceManager: Thread Pool max thread count is 0. Cannot cache binder as linkToDeath cannot be implemented. serviceName: android.hardware.neuralnetworks.IDevice/nnapi-sample_all
06-20 10:34:15.743 12578 12578 E libbinder.IPCThreadState: Binder transaction failure. id: 1933379, cmd: BR_FAILED_REPLY (29201), error: -1 (Operation not permitted)
06-20 10:34:15.745 12568 12568 W libbinder.BackendUnifiedServiceManager: Thread Pool max thread count is 0. Cannot cache binder as linkToDeath cannot be implemented. serviceName: external_vibrator_service
06-20 10:34:15.749  8971  8977 I artd    : GetBestInfo: /data/user_de/0/com.google.android.gms/app_chimera/m/00000001/CronetDynamite.apk has no usable artifacts
06-20 10:34:15.694 12576 12576 W service : type=1400 audit(0.0:49917): avc:  denied  { call } for  scontext=u:r:shell:s0 tcontext=u:r:hal_health_default:s0 tclass=binder permissive=0
06-20 10:34:15.785 12578 12578 W libbinder.BackendUnifiedServiceManager: Thread Pool max thread count is 0. Cannot cache binder as linkToDeath cannot be implemented. serviceName: android.hardware.bluetooth.IBluetoothHci/default
06-20 10:34:15.785 12578 12578 E libbinder.IPCThreadState: Binder transaction failure. id: 1933396, cmd: BR_FAILED_REPLY (29201), error: -1 (Operation not permitted)
06-20 10:34:15.787 12576 12576 W libbinder.BackendUnifiedServiceManager: Thread Pool max thread count is 0. Cannot cache binder as linkToDeath cannot be implemented. serviceName: android.hardware.neuralnetworks.IDevice/nnapi-sample_quant
06-20 10:34:15.788 12568 12568 W libbinder.BackendUnifiedServiceManager: Thread Pool max thread count is 0. Cannot cache binder as linkToDeath cannot be implemented. serviceName: feature_flags
06-20 10:34:15.791 12578 12578 W libbinder.BackendUnifiedServiceManager: Thread Pool max thread count is 0. Cannot cache binder as linkToDeath cannot be implemented. serviceName: android.hardware.bluetooth.audio.IBluetoothAudioProviderFactory/default
06-20 10:34:15.792 12578 12578 E libbinder.IPCThreadState: Binder transaction failure. id: 1933406, cmd: BR_FAILED_REPLY (29201), error: -1 (Operation not permitted)
06-20 10:34:15.795 12568 12568 W libbinder.BackendUnifiedServiceManager: Thread Pool max thread count is 0. Cannot cache binder as linkToDeath cannot be implemented. serviceName: file_integrity
06-20 10:34:15.799 12578 12578 W libbinder.BackendUnifiedServiceManager: Thread Pool max thread count is 0. Cannot cache binder as linkToDeath cannot be implemented. serviceName: android.hardware.bluetooth.offload.leaudio.IHciProxy/default
06-20 10:34:15.801 12578 12578 E libbinder.IPCThreadState: Binder transaction failure. id: 1933416, cmd: BR_FAILED_REPLY (29201), error: -1 (Operation not permitted)
06-20 10:34:15.807 12568 12568 W libbinder.BackendUnifiedServiceManager: Thread Pool max thread count is 0. Cannot cache binder as linkToDeath cannot be implemented. serviceName: fingerprint
06-20 10:34:15.808  8971  8977 I artd    : GetBestInfo: /data/user_de/0/com.google.android.gms/app_chimera/m/00000014/dl-IdentityCredentialsPlatform.optional_261934100800.apk has no usable artifacts
06-20 10:34:15.808 12578 12578 W libbinder.BackendUnifiedServiceManager: Thread Pool max thread count is 0. Cannot cache binder as linkToDeath cannot be implemented. serviceName: android.hardware.camera.provider.ICameraProvider/internal/0
06-20 10:34:15.809 12578 12578 E libbinder.IPCThreadState: Binder transaction failure. id: 1933427, cmd: BR_FAILED_REPLY (29201), error: -1 (Operation not permitted)
06-20 10:34:15.706 12576 12576 W service : type=1400 audit(0.0:49918): avc:  denied  { call } for  scontext=u:r:shell:s0 tcontext=u:r:hal_identity_default:s0 tclass=binder permissive=0
06-20 10:34:15.812 12578 12578 W libbinder.BackendUnifiedServiceManager: Thread Pool max thread count is 0. Cannot cache binder as linkToDeath cannot be implemented. serviceName: android.hardware.camera.provider.ICameraProvider/internal/1
06-20 10:34:15.814 12578 12578 E libbinder.IPCThreadState: Binder transaction failure. id: 1933435, cmd: BR_FAILED_REPLY (29201), error: -1 (Operation not permitted)
06-20 10:34:15.818 12576 12576 W libbinder.BackendUnifiedServiceManager: Thread Pool max thread count is 0. Cannot cache binder as linkToDeath cannot be implemented. serviceName: android.hardware.neuralnetworks.IDevice/nnapi-sample_sl_shim
06-20 10:34:15.821 12578 12578 W libbinder.BackendUnifiedServiceManager: Thread Pool max thread count is 0. Cannot cache binder as linkToDeath cannot be implemented. serviceName: android.hardware.cas.IMediaCasService/default
06-20 10:34:15.825 12568 12568 W libbinder.BackendUnifiedServiceManager: Thread Pool max thread count is 0. Cannot cache binder as linkToDeath cannot be implemented. serviceName: font
06-20 10:34:15.829 12576 12576 W libbinder.BackendUnifiedServiceManager: Thread Pool max thread count is 0. Cannot cache binder as linkToDeath cannot be implemented. serviceName: android.hardware.power.IPower/default
06-20 10:34:15.831 12568 12568 W libbinder.BackendUnifiedServiceManager: Thread Pool max thread count is 0. Cannot cache binder as linkToDeath cannot be implemented. serviceName: game
06-20 10:34:15.832 12576 12576 E libbinder.IPCThreadState: Binder transaction failure. id: 1933457, cmd: BR_FAILED_REPLY (29201), error: -1 (Operation not permitted)
06-20 10:34:15.836 12576 12576 W libbinder.BackendUnifiedServiceManager: Thread Pool max thread count is 0. Cannot cache binder as linkToDeath cannot be implemented. serviceName: android.hardware.power.stats.IPowerStats/default
06-20 10:34:15.838 12568 12568 W libbinder.BackendUnifiedServiceManager: Thread Pool max thread count is 0. Cannot cache binder as linkToDeath cannot be implemented. serviceName: gfxinfo
06-20 10:34:15.838 12576 12576 E libbinder.IPCThreadState: Binder transaction failure. id: 1933466, cmd: BR_FAILED_REPLY (29201), error: -1 (Operation not permitted)
06-20 10:34:15.841 12568 12568 E libbinder.Parcel: Reading a NULL string not supported here.
06-20 10:34:15.841 12576 12576 W libbinder.BackendUnifiedServiceManager: Thread Pool max thread count is 0. Cannot cache binder as linkToDeath cannot be implemented. serviceName: android.hardware.radio.config.IRadioConfig/default
06-20 10:34:15.841 12576 12576 E libbinder.IPCThreadState: Binder transaction failure. id: 1933474, cmd: BR_FAILED_REPLY (29201), error: -1 (Operation not permitted)
06-20 10:34:15.845 12568 12568 W libbinder.BackendUnifiedServiceManager: Thread Pool max thread count is 0. Cannot cache binder as linkToDeath cannot be implemented. serviceName: gpu
06-20 10:34:15.847 12576 12576 W libbinder.BackendUnifiedServiceManager: Thread Pool max thread count is 0. Cannot cache binder as linkToDeath cannot be implemented. serviceName: android.hardware.radio.data.IRadioData/slot1
06-20 10:34:15.847 12576 12576 E libbinder.IPCThreadState: Binder transaction failure. id: 1933482, cmd: BR_FAILED_REPLY (29201), error: -1 (Operation not permitted)
06-20 10:34:15.855  8971  8977 I artd    : GetBestInfo: /data/user_de/0/com.google.android.gms/app_chimera/m/00000002/DynamiteLoader.apk has no usable artifacts
06-20 10:34:15.858  8971  8977 I artd    : GetBestInfo: /data/user_de/0/com.google.android.gms/app_chimera/m/00000005/GoogleCertificates.apk has no usable artifacts
06-20 10:34:15.714 12576 12576 W service : type=1400 audit(0.0:49919): avc:  denied  { call } for  scontext=u:r:shell:s0 tcontext=u:r:hal_light_default:s0 tclass=binder permissive=0
06-20 10:34:15.859 12576 12576 W libbinder.BackendUnifiedServiceManager: Thread Pool max thread count is 0. Cannot cache binder as linkToDeath cannot be implemented. serviceName: android.hardware.radio.ims.IRadioIms/slot1
06-20 10:34:15.860 12578 12578 W libbinder.BackendUnifiedServiceManager: Thread Pool max thread count is 0. Cannot cache binder as linkToDeath cannot be implemented. serviceName: android.hardware.contexthub.IContextHub/default
06-20 10:34:15.860 12568 12568 W libbinder.BackendUnifiedServiceManager: Thread Pool max thread count is 0. Cannot cache binder as linkToDeath cannot be implemented. serviceName: grammatical_inflection
06-20 10:34:15.860 12576 12576 E libbinder.IPCThreadState: Binder transaction failure. id: 1933502, cmd: BR_FAILED_REPLY (29201), error: -1 (Operation not permitted)
06-20 10:34:15.861 12578 12578 E libbinder.IPCThreadState: Binder transaction failure. id: 1933504, cmd: BR_FAILED_REPLY (29201), error: -1 (Operation not permitted)
06-20 10:34:15.867 12576 12576 W libbinder.BackendUnifiedServiceManager: Thread Pool max thread count is 0. Cannot cache binder as linkToDeath cannot be implemented. serviceName: android.hardware.radio.ims.media.IImsMedia/default
06-20 10:34:15.868 12578 12578 W libbinder.BackendUnifiedServiceManager: Thread Pool max thread count is 0. Cannot cache binder as linkToDeath cannot be implemented. serviceName: android.hardware.drm.IDrmFactory/widevine
06-20 10:34:15.868 12576 12576 E libbinder.IPCThreadState: Binder transaction failure. id: 1933515, cmd: BR_FAILED_REPLY (29201), error: -1 (Operation not permitted)
06-20 10:34:15.871 12568 12568 W libbinder.BackendUnifiedServiceManager: Thread Pool max thread count is 0. Cannot cache binder as linkToDeath cannot be implemented. serviceName: graphicsstats
06-20 10:34:15.875 12576 12576 W libbinder.BackendUnifiedServiceManager: Thread Pool max thread count is 0. Cannot cache binder as linkToDeath cannot be implemented. serviceName: android.hardware.radio.messaging.IRadioMessaging/slot1
06-20 10:34:15.875 12576 12576 E libbinder.IPCThreadState: Binder transaction failure. id: 1933533, cmd: BR_FAILED_REPLY (29201), error: -1 (Operation not permitted)
06-20 10:34:15.876 12578 12578 W libbinder.BackendUnifiedServiceManager: Thread Pool max thread count is 0. Cannot cache binder as linkToDeath cannot be implemented. serviceName: android.hardware.gatekeeper.IGatekeeper/default
06-20 10:34:15.877 12578 12578 E libbinder.IPCThreadState: Binder transaction failure. id: 1933541, cmd: BR_FAILED_REPLY (29201), error: -1 (Operation not permitted)
06-20 10:34:15.881   803   955 I HalDevMgr: bestIfaceCreationProposal is null, requestIface=STA, existingIface=[name=wlan0 type=STA]
06-20 10:34:15.881 12578 12578 E libbinder.IPCThreadState: Binder transaction failure. id: 1933550, cmd: BR_FAILED_REPLY (29201), error: -1 (Operation not permitted)
06-20 10:34:15.882 12576 12576 W libbinder.BackendUnifiedServiceManager: Thread Pool max thread count is 0. Cannot cache binder as linkToDeath cannot be implemented. serviceName: android.hardware.radio.modem.IRadioModem/slot1
06-20 10:34:15.883 12576 12576 E libbinder.IPCThreadState: Binder transaction failure. id: 1933552, cmd: BR_FAILED_REPLY (29201), error: -1 (Operation not permitted)
06-20 10:34:15.885 12578 12578 W libbinder.BackendUnifiedServiceManager: Thread Pool max thread count is 0. Cannot cache binder as linkToDeath cannot be implemented. serviceName: android.hardware.graphics.allocator.IAllocator/default
06-20 10:34:15.887 12576 12576 W libbinder.BackendUnifiedServiceManager: Thread Pool max thread count is 0. Cannot cache binder as linkToDeath cannot be implemented. serviceName: android.hardware.radio.network.IRadioNetwork/slot1
06-20 10:34:15.888 12576 12576 E libbinder.IPCThreadState: Binder transaction failure. id: 1933561, cmd: BR_FAILED_REPLY (29201), error: -1 (Operation not permitted)
06-20 10:34:15.967  8971  8977 I artd    : GetBestInfo: /data/user_de/0/com.google.android.gms/app_chimera/m/0000000a/dl-TfliteDynamiteDynamite.integ_260580502100800.apk has no usable artifacts
06-20 10:34:15.726 12578 12578 W service : type=1400 audit(0.0:49920): avc:  denied  { call } for  scontext=u:r:shell:s0 tcontext=u:r:hal_authsecret_default:s0 tclass=binder permissive=0
06-20 10:34:15.969 12578 12578 W libbinder.BackendUnifiedServiceManager: Thread Pool max thread count is 0. Cannot cache binder as linkToDeath cannot be implemented. serviceName: android.hardware.graphics.composer3.IComposer/default
06-20 10:34:15.969 12576 12576 W libbinder.BackendUnifiedServiceManager: Thread Pool max thread count is 0. Cannot cache binder as linkToDeath cannot be implemented. serviceName: android.hardware.radio.sap.ISap/slot1
06-20 10:34:15.969 12576 12576 E libbinder.IPCThreadState: Binder transaction failure. id: 1933571, cmd: BR_FAILED_REPLY (29201), error: -1 (Operation not permitted)
06-20 10:34:15.969 12578 12578 E libbinder.IPCThreadState: Binder transaction failure. id: 1933572, cmd: BR_FAILED_REPLY (29201), error: -1 (Operation not permitted)
06-20 10:34:15.974  8971  8977 I artd    : GetBestInfo: /data/user_de/0/com.google.android.gms/app_chimera/m/00000008/dl-MlkitBarcodeUi.optional_253434100800.apk has no usable artifacts
06-20 10:34:15.975 12576 12576 W libbinder.BackendUnifiedServiceManager: Thread Pool max thread count is 0. Cannot cache binder as linkToDeath cannot be implemented. serviceName: android.hardware.radio.sim.IRadioSim/slot1
06-20 10:34:15.975 12578 12578 W libbinder.BackendUnifiedServiceManager: Thread Pool max thread count is 0. Cannot cache binder as linkToDeath cannot be implemented. serviceName: android.hardware.health.IHealth/default
06-20 10:34:15.975 12576 12576 E libbinder.IPCThreadState: Binder transaction failure. id: 1933584, cmd: BR_FAILED_REPLY (29201), error: -1 (Operation not permitted)
06-20 10:34:15.975 12578 12578 E libbinder.IPCThreadState: Binder transaction failure. id: 1933585, cmd: BR_FAILED_REPLY (29201), error: -1 (Operation not permitted)
06-20 10:34:15.975 12568 12568 W libbinder.BackendUnifiedServiceManager: Thread Pool max thread count is 0. Cannot cache binder as linkToDeath cannot be implemented. serviceName: hardware_properties
06-20 10:34:15.976 12578 12578 W libbinder.BackendUnifiedServiceManager: Thread Pool max thread count is 0. Cannot cache binder as linkToDeath cannot be implemented. serviceName: android.hardware.identity.IIdentityCredentialStore/default
06-20 10:34:15.976 12578 12578 E libbinder.IPCThreadState: Binder transaction failure. id: 1933591, cmd: BR_FAILED_REPLY (29201), error: -1 (Operation not permitted)
06-20 10:34:15.979  8971  8977 I artd    : GetBestInfo: /data/user_de/0/com.google.android.gms/app_chimera/m/0000000c/dl-Appsearch.optional_253434100800.apk has no usable artifacts
06-20 10:34:15.980 12578 12578 W libbinder.BackendUnifiedServiceManager: Thread Pool max thread count is 0. Cannot cache binder as linkToDeath cannot be implemented. serviceName: android.hardware.light.ILights/default
06-20 10:34:15.981 12578 12578 E libbinder.IPCThreadState: Binder transaction failure. id: 1933604, cmd: BR_FAILED_REPLY (29201), error: -1 (Operation not permitted)
06-20 10:34:15.981 12576 12576 W libbinder.BackendUnifiedServiceManager: Thread Pool max thread count is 0. Cannot cache binder as linkToDeath cannot be implemented. serviceName: android.hardware.radio.voice.IRadioVoice/slot1
06-20 10:34:15.981 12568 12568 W libbinder.BackendUnifiedServiceManager: Thread Pool max thread count is 0. Cannot cache binder as linkToDeath cannot be implemented. serviceName: healthconnect
06-20 10:34:15.981 12576 12576 E libbinder.IPCThreadState: Binder transaction failure. id: 1933606, cmd: BR_FAILED_REPLY (29201), error: -1 (Operation not permitted)
06-20 10:34:15.982 12578 12578 W libbinder.BackendUnifiedServiceManager: Thread Pool max thread count is 0. Cannot cache binder as linkToDeath cannot be implemented. serviceName: android.hardware.media.c2.IComponentStore/software
06-20 10:34:15.983  8971  8977 I artd    : GetBestInfo: /data/user_de/0/com.google.android.gms/app_chimera/m/00000012/dl-MlkitOcrCommon.optional_261934100800.apk has no usable artifacts
06-20 10:34:16.005 12578 12578 W libbinder.BackendUnifiedServiceManager: Thread Pool max thread count is 0. Cannot cache binder as linkToDeath cannot be implemented. serviceName: android.hardware.neuralnetworks.IDevice/nnapi-sample_all
06-20 10:34:16.005  8971  8977 I artd    : GetBestInfo: vdex next to the dex file (/data/user/0/com.google.android.gms/app_dg_cache/9BCBC14EE674B00B958D4B0C5B4BD883630AA39E/oat/x86_64/the.vdex) is kOatUpToDate with filter 'verify' executable 'false'
06-20 10:34:16.007 12576 12576 W libbinder.BackendUnifiedServiceManager: Thread Pool max thread count is 0. Cannot cache binder as linkToDeath cannot be implemented. serviceName: android.hardware.rebootescrow.IRebootEscrow/default
06-20 10:34:16.007 12576 12576 E libbinder.IPCThreadState: Binder transaction failure. id: 1933625, cmd: BR_FAILED_REPLY (29201), error: -1 (Operation not permitted)
06-20 10:34:16.008 12568 12568 W libbinder.BackendUnifiedServiceManager: Thread Pool max thread count is 0. Cannot cache binder as linkToDeath cannot be implemented. serviceName: imms
06-20 10:34:16.011  8971  8977 I artd    : GetBestInfo: /data/user_de/0/com.google.android.gms/app_chimera/m/00000013/dl-PlayCloudSearch.optional_261934100000.apk has no usable artifacts
06-20 10:34:16.014  8971  8977 I artd    : GetBestInfo: /data/user/0/com.google.android.gms/app_dg_cache/92659AEB0EFADECE4CBB22D1DF07B00702EAAC36/the.apk has no usable artifacts
06-20 10:34:16.020  8971  8977 I artd    : GetBestInfo: /data/user_de/0/com.google.android.gms/app_chimera/m/0000000f/dl-MlkitBarcodeUi.optional_261934100800.apk has no usable artifacts
06-20 10:34:16.025  8971  8977 I artd    : GetBestInfo: /data/user_de/0/com.google.android.gms/app_chimera/m/0000000d/dl-Appsearch.optional_261934100800.apk has no usable artifacts
06-20 10:34:16.029  8971  8977 I artd    : GetBestInfo: /data/user_de/0/com.google.android.gms/app_chimera/m/00000007/MeasurementDynamite.apk has no usable artifacts
06-20 10:34:16.040 12578 12578 W libbinder.BackendUnifiedServiceManager: Thread Pool max thread count is 0. Cannot cache binder as linkToDeath cannot be implemented. serviceName: android.hardware.neuralnetworks.IDevice/nnapi-sample_quant
06-20 10:34:16.065 12578 12578 W libbinder.BackendUnifiedServiceManager: Thread Pool max thread count is 0. Cannot cache binder as linkToDeath cannot be implemented. serviceName: android.hardware.neuralnetworks.IDevice/nnapi-sample_sl_shim
06-20 10:34:16.068 12568 12568 W libbinder.BackendUnifiedServiceManager: Thread Pool max thread count is 0. Cannot cache binder as linkToDeath cannot be implemented. serviceName: incidentcompanion
06-20 10:34:16.070 12576 12576 W libbinder.BackendUnifiedServiceManager: Thread Pool max thread count is 0. Cannot cache binder as linkToDeath cannot be implemented. serviceName: android.hardware.security.keymint.IRemotelyProvisionedComponent/default
06-20 10:34:16.071 12578 12578 W libbinder.BackendUnifiedServiceManager: Thread Pool max thread count is 0. Cannot cache binder as linkToDeath cannot be implemented. serviceName: android.hardware.power.IPower/default
06-20 10:34:16.072 12578 12578 E libbinder.IPCThreadState: Binder transaction failure. id: 1933685, cmd: BR_FAILED_REPLY (29201), error: -1 (Operation not permitted)
06-20 10:34:16.078 12578 12578 W libbinder.BackendUnifiedServiceManager: Thread Pool max thread count is 0. Cannot cache binder as linkToDeath cannot be implemented. serviceName: android.hardware.power.stats.IPowerStats/default
06-20 10:34:16.079 12578 12578 E libbinder.IPCThreadState: Binder transaction failure. id: 1933695, cmd: BR_FAILED_REPLY (29201), error: -1 (Operation not permitted)
06-20 10:34:16.100   803  1994 W libbinder.Binder: Binder transaction to android.content.pm.IPackageManager code 1598311760 took 2013ms. Data bytes: 80 Reply bytes: 4 Flags: 16
06-20 10:34:16.113 12568 12568 W libbinder.BackendUnifiedServiceManager: Thread Pool max thread count is 0. Cannot cache binder as linkToDeath cannot be implemented. serviceName: incremental
06-20 10:34:16.114 12578 12578 W libbinder.BackendUnifiedServiceManager: Thread Pool max thread count is 0. Cannot cache binder as linkToDeath cannot be implemented. serviceName: android.hardware.radio.config.IRadioConfig/default
06-20 10:34:16.118 12578 12578 E libbinder.IPCThreadState: Binder transaction failure. id: 1933720, cmd: BR_FAILED_REPLY (29201), error: -1 (Operation not permitted)
06-20 10:34:16.139 12578 12578 W libbinder.BackendUnifiedServiceManager: Thread Pool max thread count is 0. Cannot cache binder as linkToDeath cannot be implemented. serviceName: android.hardware.radio.data.IRadioData/slot1
06-20 10:34:16.139 12568 12568 W libbinder.BackendUnifiedServiceManager: Thread Pool max thread count is 0. Cannot cache binder as linkToDeath cannot be implemented. serviceName: input
06-20 10:34:16.140 12578 12578 E libbinder.IPCThreadState: Binder transaction failure. id: 1933732, cmd: BR_FAILED_REPLY (29201), error: -1 (Operation not permitted)
06-20 10:34:16.141 12576 12576 W libbinder.BackendUnifiedServiceManager: Thread Pool max thread count is 0. Cannot cache binder as linkToDeath cannot be implemented. serviceName: android.hardware.security.sharedsecret.ISharedSecret/gatekeeper
06-20 10:34:16.141 12576 12576 E libbinder.IPCThreadState: Binder transaction failure. id: 1933739, cmd: BR_FAILED_REPLY (29201), error: -1 (Operation not permitted)
06-20 10:34:16.143 12578 12578 W libbinder.BackendUnifiedServiceManager: Thread Pool max thread count is 0. Cannot cache binder as linkToDeath cannot be implemented. serviceName: android.hardware.radio.ims.IRadioIms/slot1
06-20 10:34:16.144 12578 12578 E libbinder.IPCThreadState: Binder transaction failure. id: 1933743, cmd: BR_FAILED_REPLY (29201), error: -1 (Operation not permitted)
06-20 10:34:16.145 12576 12576 W libbinder.BackendUnifiedServiceManager: Thread Pool max thread count is 0. Cannot cache binder as linkToDeath cannot be implemented. serviceName: android.hardware.sensors.ISensors/default
06-20 10:34:16.146 12576 12576 E libbinder.IPCThreadState: Binder transaction failure. id: 1933749, cmd: BR_FAILED_REPLY (29201), error: -1 (Operation not permitted)
06-20 10:34:16.147 12578 12578 W libbinder.BackendUnifiedServiceManager: Thread Pool max thread count is 0. Cannot cache binder as linkToDeath cannot be implemented. serviceName: android.hardware.radio.ims.media.IImsMedia/default
06-20 10:34:16.147 12568 12568 W libbinder.BackendUnifiedServiceManager: Thread Pool max thread count is 0. Cannot cache binder as linkToDeath cannot be implemented. serviceName: input_method
06-20 10:34:16.147 12578 12578 E libbinder.IPCThreadState: Binder transaction failure. id: 1933753, cmd: BR_FAILED_REPLY (29201), error: -1 (Operation not permitted)
06-20 10:34:16.150 12578 12578 W libbinder.BackendUnifiedServiceManager: Thread Pool max thread count is 0. Cannot cache binder as linkToDeath cannot be implemented. serviceName: android.hardware.radio.messaging.IRadioMessaging/slot1
06-20 10:34:16.150 12578 12578 E libbinder.IPCThreadState: Binder transaction failure. id: 1933761, cmd: BR_FAILED_REPLY (29201), error: -1 (Operation not permitted)
06-20 10:34:16.151 12576 12576 W libbinder.BackendUnifiedServiceManager: Thread Pool max thread count is 0. Cannot cache binder as linkToDeath cannot be implemented. serviceName: android.hardware.thermal.IThermal/default
06-20 10:34:16.152 12576 12576 E libbinder.IPCThreadState: Binder transaction failure. id: 1933765, cmd: BR_FAILED_REPLY (29201), error: -1 (Operation not permitted)
06-20 10:34:16.152 12578 12578 W libbinder.BackendUnifiedServiceManager: Thread Pool max thread count is 0. Cannot cache binder as linkToDeath cannot be implemented. serviceName: android.hardware.radio.modem.IRadioModem/slot1
06-20 10:34:16.152 12578 12578 E libbinder.IPCThreadState: Binder transaction failure. id: 1933769, cmd: BR_FAILED_REPLY (29201), error: -1 (Operation not permitted)
06-20 10:34:16.153 12568 12568 W libbinder.BackendUnifiedServiceManager: Thread Pool max thread count is 0. Cannot cache binder as linkToDeath cannot be implemented. serviceName: inputflinger
06-20 10:34:16.155 12576 12576 W libbinder.BackendUnifiedServiceManager: Thread Pool max thread count is 0. Cannot cache binder as linkToDeath cannot be implemented. serviceName: android.hardware.threadnetwork.IThreadChip/chip0
06-20 10:34:16.155 12576 12576 E libbinder.IPCThreadState: Binder transaction failure. id: 1933775, cmd: BR_FAILED_REPLY (29201), error: -1 (Operation not permitted)
06-20 10:34:16.156 12578 12578 W libbinder.BackendUnifiedServiceManager: Thread Pool max thread count is 0. Cannot cache binder as linkToDeath cannot be implemented. serviceName: android.hardware.radio.network.IRadioNetwork/slot1
06-20 10:34:16.157 12578 12578 E libbinder.IPCThreadState: Binder transaction failure. id: 1933780, cmd: BR_FAILED_REPLY (29201), error: -1 (Operation not permitted)
06-20 10:34:16.161 12576 12576 W libbinder.BackendUnifiedServiceManager: Thread Pool max thread count is 0. Cannot cache binder as linkToDeath cannot be implemented. serviceName: android.hardware.usb.IUsb/default
06-20 10:34:16.161 12576 12576 E libbinder.IPCThreadState: Binder transaction failure. id: 1933788, cmd: BR_FAILED_REPLY (29201), error: -1 (Operation not permitted)
06-20 10:34:16.164 12578 12578 W libbinder.BackendUnifiedServiceManager: Thread Pool max thread count is 0. Cannot cache binder as linkToDeath cannot be implemented. serviceName: android.hardware.radio.sap.ISap/slot1
06-20 10:34:16.164 12578 12578 E libbinder.IPCThreadState: Binder transaction failure. id: 1933790, cmd: BR_FAILED_REPLY (29201), error: -1 (Operation not permitted)
06-20 10:34:16.180 12576 12576 W libbinder.BackendUnifiedServiceManager: Thread Pool max thread count is 0. Cannot cache binder as linkToDeath cannot be implemented. serviceName: android.hardware.uwb.IUwb/default
06-20 10:34:16.180 12576 12576 E libbinder.IPCThreadState: Binder transaction failure. id: 1933799, cmd: BR_FAILED_REPLY (29201), error: -1 (Operation not permitted)
06-20 10:34:16.183 12568 12568 W libbinder.BackendUnifiedServiceManager: Thread Pool max thread count is 0. Cannot cache binder as linkToDeath cannot be implemented. serviceName: intrusion_detection
06-20 10:34:16.183 12578 12578 W libbinder.BackendUnifiedServiceManager: Thread Pool max thread count is 0. Cannot cache binder as linkToDeath cannot be implemented. serviceName: android.hardware.radio.sim.IRadioSim/slot1
06-20 10:34:16.184 12578 12578 E libbinder.IPCThreadState: Binder transaction failure. id: 1933806, cmd: BR_FAILED_REPLY (29201), error: -1 (Operation not permitted)
06-20 10:34:16.184 12576 12576 W libbinder.BackendUnifiedServiceManager: Thread Pool max thread count is 0. Cannot cache binder as linkToDeath cannot be implemented. serviceName: android.hardware.vibrator.IVibrator/default
06-20 10:34:16.184 12576 12576 E libbinder.IPCThreadState: Binder transaction failure. id: 1933808, cmd: BR_FAILED_REPLY (29201), error: -1 (Operation not permitted)
06-20 10:34:16.189 12578 12578 W libbinder.BackendUnifiedServiceManager: Thread Pool max thread count is 0. Cannot cache binder as linkToDeath cannot be implemented. serviceName: android.hardware.radio.voice.IRadioVoice/slot1
06-20 10:34:16.189 12578 12578 E libbinder.IPCThreadState: Binder transaction failure. id: 1933814, cmd: BR_FAILED_REPLY (29201), error: -1 (Operation not permitted)
06-20 10:34:16.191 12576 12576 W libbinder.BackendUnifiedServiceManager: Thread Pool max thread count is 0. Cannot cache binder as linkToDeath cannot be implemented. serviceName: android.hardware.vibrator.IVibratorManager/default
06-20 10:34:16.192 12576 12576 E libbinder.IPCThreadState: Binder transaction failure. id: 1933818, cmd: BR_FAILED_REPLY (29201), error: -1 (Operation not permitted)
06-20 10:34:16.192 12578 12578 W libbinder.BackendUnifiedServiceManager: Thread Pool max thread count is 0. Cannot cache binder as linkToDeath cannot be implemented. serviceName: android.hardware.rebootescrow.IRebootEscrow/default
06-20 10:34:16.193 12578 12578 E libbinder.IPCThreadState: Binder transaction failure. id: 1933822, cmd: BR_FAILED_REPLY (29201), error: -1 (Operation not permitted)
06-20 10:34:16.194 12576 12576 W libbinder.BackendUnifiedServiceManager: Thread Pool max thread count is 0. Cannot cache binder as linkToDeath cannot be implemented. serviceName: android.hardware.wifi.IWifi/default
06-20 10:34:16.196 12576 12576 E libbinder.IPCThreadState: Binder transaction failure. id: 1933826, cmd: BR_FAILED_REPLY (29201), error: -1 (Operation not permitted)
06-20 10:34:16.216 12576 12576 W libbinder.BackendUnifiedServiceManager: Thread Pool max thread count is 0. Cannot cache binder as linkToDeath cannot be implemented. serviceName: android.hardware.wifi.supplicant.ISupplicant/default
06-20 10:34:16.217 12576 12576 E libbinder.IPCThreadState: Binder transaction failure. id: 1933835, cmd: BR_FAILED_REPLY (29201), error: -1 (Operation not permitted)
06-20 10:34:16.218 12578 12578 W libbinder.BackendUnifiedServiceManager: Thread Pool max thread count is 0. Cannot cache binder as linkToDeath cannot be implemented. serviceName: android.hardware.security.keymint.IRemotelyProvisionedComponent/default
06-20 10:34:16.220 12576 12576 W libbinder.BackendUnifiedServiceManager: Thread Pool max thread count is 0. Cannot cache binder as linkToDeath cannot be implemented. serviceName: android.security.apc
06-20 10:34:16.250 12576 12576 W libbinder.BackendUnifiedServiceManager: Thread Pool max thread count is 0. Cannot cache binder as linkToDeath cannot be implemented. serviceName: android.security.authorization
06-20 10:34:16.278 12580 12580 W libbinder.BackendUnifiedServiceManager: Thread Pool max thread count is 0. Cannot cache binder as linkToDeath cannot be implemented. serviceName: activity
06-20 10:34:16.279 12576 12576 W libbinder.BackendUnifiedServiceManager: Thread Pool max thread count is 0. Cannot cache binder as linkToDeath cannot be implemented. serviceName: android.security.compat
06-20 10:34:16.281 12578 12578 W libbinder.BackendUnifiedServiceManager: Thread Pool max thread count is 0. Cannot cache binder as linkToDeath cannot be implemented. serviceName: android.hardware.security.sharedsecret.ISharedSecret/gatekeeper
06-20 10:34:16.281 12578 12578 E libbinder.IPCThreadState: Binder transaction failure. id: 1933870, cmd: BR_FAILED_REPLY (29201), error: -1 (Operation not permitted)
06-20 10:34:16.284 12578 12578 W libbinder.BackendUnifiedServiceManager: Thread Pool max thread count is 0. Cannot cache binder as linkToDeath cannot be implemented. serviceName: android.hardware.sensors.ISensors/default
06-20 10:34:16.284 12578 12578 E libbinder.IPCThreadState: Binder transaction failure. id: 1933875, cmd: BR_FAILED_REPLY (29201), error: -1 (Operation not permitted)
06-20 10:34:16.289 12578 12578 W libbinder.BackendUnifiedServiceManager: Thread Pool max thread count is 0. Cannot cache binder as linkToDeath cannot be implemented. serviceName: android.hardware.thermal.IThermal/default
06-20 10:34:16.289 12576 12576 W libbinder.BackendUnifiedServiceManager: Thread Pool max thread count is 0. Cannot cache binder as linkToDeath cannot be implemented. serviceName: android.security.identity
06-20 10:34:16.291 12578 12578 E libbinder.IPCThreadState: Binder transaction failure. id: 1933884, cmd: BR_FAILED_REPLY (29201), error: -1 (Operation not permitted)
06-20 10:34:16.295 12578 12578 W libbinder.BackendUnifiedServiceManager: Thread Pool max thread count is 0. Cannot cache binder as linkToDeath cannot be implemented. serviceName: android.hardware.threadnetwork.IThreadChip/chip0
06-20 10:34:16.295 12578 12578 E libbinder.IPCThreadState: Binder transaction failure. id: 1933889, cmd: BR_FAILED_REPLY (29201), error: -1 (Operation not permitted)
06-20 10:34:16.299 12578 12578 W libbinder.BackendUnifiedServiceManager: Thread Pool max thread count is 0. Cannot cache binder as linkToDeath cannot be implemented. serviceName: android.hardware.usb.IUsb/default
06-20 10:34:16.299 12578 12578 E libbinder.IPCThreadState: Binder transaction failure. id: 1933894, cmd: BR_FAILED_REPLY (29201), error: -1 (Operation not permitted)
06-20 10:34:16.300 12576 12576 W libbinder.BackendUnifiedServiceManager: Thread Pool max thread count is 0. Cannot cache binder as linkToDeath cannot be implemented. serviceName: android.security.legacykeystore
06-20 10:34:16.302 12578 12578 W libbinder.BackendUnifiedServiceManager: Thread Pool max thread count is 0. Cannot cache binder as linkToDeath cannot be implemented. serviceName: android.hardware.uwb.IUwb/default
06-20 10:34:16.302 12578 12578 E libbinder.IPCThreadState: Binder transaction failure. id: 1933902, cmd: BR_FAILED_REPLY (29201), error: -1 (Operation not permitted)
