06-20 10:38:06.482 13688 13688 E libbinder.IPCThreadState: Binder transaction failure. id: 2094173, cmd: BR_FAILED_REPLY (29201), error: -1 (Operation not permitted)
06-20 10:38:06.482 13643 13643 D PerDisplayInstanceRepo: <SysUiStatePerDisplayRepo> creating instance for displayId=0, as it wasn't available.
06-20 10:38:06.488 13688 13688 W libbinder.BackendUnifiedServiceManager: Thread Pool max thread count is 0. Cannot cache binder as linkToDeath cannot be implemented. serviceName: android.hardware.radio.network.IRadioNetwork/slot1
06-20 10:38:06.488 13643 13670 V WindowManagerShell: 	ShellTaskOrganizer init took 345ms
06-20 10:38:06.489 13643 13670 V WindowManagerShell: 	HomeTransitionObserver init took 0ms
06-20 10:38:06.488 13688 13688 E libbinder.IPCThreadState: Binder transaction failure. id: 2094209, cmd: BR_FAILED_REPLY (29201), error: -1 (Operation not permitted)
06-20 10:38:06.489 13643 13670 V WindowManagerShell: Adding dump callback for FocusTransitionObserver
06-20 10:38:06.489 13643 13670 V WindowManagerShell: 	FocusTransitionObserver init took 1ms
06-20 10:38:06.508 13674 13674 W libbinder.BackendUnifiedServiceManager: Thread Pool max thread count is 0. Cannot cache binder as linkToDeath cannot be implemented. serviceName: device_lock
06-20 10:38:06.509 13688 13688 W libbinder.BackendUnifiedServiceManager: Thread Pool max thread count is 0. Cannot cache binder as linkToDeath cannot be implemented. serviceName: android.hardware.radio.sap.ISap/slot1
06-20 10:38:06.509 13688 13688 E libbinder.IPCThreadState: Binder transaction failure. id: 2094228, cmd: BR_FAILED_REPLY (29201), error: -1 (Operation not permitted)
06-20 10:38:06.521 13674 13674 W libbinder.BackendUnifiedServiceManager: Thread Pool max thread count is 0. Cannot cache binder as linkToDeath cannot be implemented. serviceName: device_policy
06-20 10:38:06.525 13688 13688 W libbinder.BackendUnifiedServiceManager: Thread Pool max thread count is 0. Cannot cache binder as linkToDeath cannot be implemented. serviceName: android.hardware.radio.sim.IRadioSim/slot1
06-20 10:38:06.526 13688 13688 E libbinder.IPCThreadState: Binder transaction failure. id: 2094243, cmd: BR_FAILED_REPLY (29201), error: -1 (Operation not permitted)
06-20 10:38:06.526 13674 13674 W libbinder.BackendUnifiedServiceManager: Thread Pool max thread count is 0. Cannot cache binder as linkToDeath cannot be implemented. serviceName: device_state
06-20 10:38:06.528 13688 13688 W libbinder.BackendUnifiedServiceManager: Thread Pool max thread count is 0. Cannot cache binder as linkToDeath cannot be implemented. serviceName: android.hardware.radio.voice.IRadioVoice/slot1
06-20 10:38:06.529 13688 13688 E libbinder.IPCThreadState: Binder transaction failure. id: 2094248, cmd: BR_FAILED_REPLY (29201), error: -1 (Operation not permitted)
06-20 10:38:06.536 13643 13670 V WindowManagerShell: 	DefaultTransitionHandler init took 47ms
06-20 10:38:06.536 13688 13688 W libbinder.BackendUnifiedServiceManager: Thread Pool max thread count is 0. Cannot cache binder as linkToDeath cannot be implemented. serviceName: android.hardware.rebootescrow.IRebootEscrow/default
06-20 10:38:06.537 13688 13688 E libbinder.IPCThreadState: Binder transaction failure. id: 2094264, cmd: BR_FAILED_REPLY (29201), error: -1 (Operation not permitted)
06-20 10:38:06.537 13674 13674 W libbinder.BackendUnifiedServiceManager: Thread Pool max thread count is 0. Cannot cache binder as linkToDeath cannot be implemented. serviceName: deviceidle
06-20 10:38:06.540 13643 13670 V WindowManagerShell: Adding external interface from Transitions with key com.android.wm.shell.shared.IShellTransitions
06-20 10:38:06.548   803  2101 V WindowManager: Registering transition player android.os.BinderProxy@811be0b 
06-20 10:38:06.556 13643 13670 V WindowManagerShell: Adding command class transitions for Transitions
06-20 10:38:06.557 13643 13670 V WindowManagerShell: Adding dump callback for Transitions
06-20 10:38:06.557 13643 13670 V WindowManagerShell: 	Transitions init took 20ms
06-20 10:38:06.557 13643 13670 V WindowManagerShell: Adding dump callback for OneHandedController
06-20 10:38:06.604 13674 13674 W libbinder.BackendUnifiedServiceManager: Thread Pool max thread count is 0. Cannot cache binder as linkToDeath cannot be implemented. serviceName: devicestoragemonitor
06-20 10:38:06.613 13674 13674 E libbinder.Parcel: Reading a NULL string not supported here.
06-20 10:38:06.619 13688 13688 W libbinder.BackendUnifiedServiceManager: Thread Pool max thread count is 0. Cannot cache binder as linkToDeath cannot be implemented. serviceName: android.hardware.security.keymint.IRemotelyProvisionedComponent/default
06-20 10:38:06.623 13674 13674 W libbinder.BackendUnifiedServiceManager: Thread Pool max thread count is 0. Cannot cache binder as linkToDeath cannot be implemented. serviceName: diskstats
06-20 10:38:06.627 13709 13709 W libbinder.BackendUnifiedServiceManager: Thread Pool max thread count is 0. Cannot cache binder as linkToDeath cannot be implemented. serviceName: DockObserver
06-20 10:38:06.630 13709 13709 E libbinder.Parcel: Reading a NULL string not supported here.
06-20 10:38:06.633 13674 13674 E libbinder.Parcel: Reading a NULL string not supported here.
06-20 10:38:06.676 13709 13709 W libbinder.BackendUnifiedServiceManager: Thread Pool max thread count is 0. Cannot cache binder as linkToDeath cannot be implemented. serviceName: SurfaceFlinger
06-20 10:38:06.681 13674 13674 W libbinder.BackendUnifiedServiceManager: Thread Pool max thread count is 0. Cannot cache binder as linkToDeath cannot be implemented. serviceName: display
06-20 10:38:06.716 13709 13709 W libbinder.BackendUnifiedServiceManager: Thread Pool max thread count is 0. Cannot cache binder as linkToDeath cannot be implemented. serviceName: SurfaceFlingerAIDL
06-20 10:38:06.749 13688 13688 W libbinder.BackendUnifiedServiceManager: Thread Pool max thread count is 0. Cannot cache binder as linkToDeath cannot be implemented. serviceName: android.hardware.security.sharedsecret.ISharedSecret/gatekeeper
06-20 10:38:06.749 13688 13688 E libbinder.IPCThreadState: Binder transaction failure. id: 2094412, cmd: BR_FAILED_REPLY (29201), error: -1 (Operation not permitted)
06-20 10:38:06.752 13709 13709 W libbinder.BackendUnifiedServiceManager: Thread Pool max thread count is 0. Cannot cache binder as linkToDeath cannot be implemented. serviceName: accessibility
06-20 10:38:06.755 13674 13674 W libbinder.BackendUnifiedServiceManager: Thread Pool max thread count is 0. Cannot cache binder as linkToDeath cannot be implemented. serviceName: domain_verification
06-20 10:38:06.759 13688 13688 W libbinder.BackendUnifiedServiceManager: Thread Pool max thread count is 0. Cannot cache binder as linkToDeath cannot be implemented. serviceName: android.hardware.sensors.ISensors/default
06-20 10:38:06.760 13688 13688 E libbinder.IPCThreadState: Binder transaction failure. id: 2094430, cmd: BR_FAILED_REPLY (29201), error: -1 (Operation not permitted)
06-20 10:38:06.761 13674 13674 W libbinder.BackendUnifiedServiceManager: Thread Pool max thread count is 0. Cannot cache binder as linkToDeath cannot be implemented. serviceName: dreams
06-20 10:38:06.780 13688 13688 W libbinder.BackendUnifiedServiceManager: Thread Pool max thread count is 0. Cannot cache binder as linkToDeath cannot be implemented. serviceName: android.hardware.thermal.IThermal/default
06-20 10:38:06.746 13688 13688 W service : type=1400 audit(0.0:57486): avc:  denied  { call } for  scontext=u:r:shell:s0 tcontext=u:r:hal_gatekeeper_default:s0 tclass=binder permissive=0
06-20 10:38:06.781 13688 13688 E libbinder.IPCThreadState: Binder transaction failure. id: 2094439, cmd: BR_FAILED_REPLY (29201), error: -1 (Operation not permitted)
06-20 10:38:06.784 13709 13709 W libbinder.BackendUnifiedServiceManager: Thread Pool max thread count is 0. Cannot cache binder as linkToDeath cannot be implemented. serviceName: account
06-20 10:38:06.790 13709 13709 W libbinder.BackendUnifiedServiceManager: Thread Pool max thread count is 0. Cannot cache binder as linkToDeath cannot be implemented. serviceName: activity
06-20 10:38:06.792 13688 13688 W libbinder.BackendUnifiedServiceManager: Thread Pool max thread count is 0. Cannot cache binder as linkToDeath cannot be implemented. serviceName: android.hardware.threadnetwork.IThreadChip/chip0
06-20 10:38:06.792 13688 13688 E libbinder.IPCThreadState: Binder transaction failure. id: 2094455, cmd: BR_FAILED_REPLY (29201), error: -1 (Operation not permitted)
06-20 10:38:06.799 13674 13674 W libbinder.BackendUnifiedServiceManager: Thread Pool max thread count is 0. Cannot cache binder as linkToDeath cannot be implemented. serviceName: drm.drmManager
06-20 10:38:06.805 13688 13688 W libbinder.BackendUnifiedServiceManager: Thread Pool max thread count is 0. Cannot cache binder as linkToDeath cannot be implemented. serviceName: android.hardware.usb.IUsb/default
06-20 10:38:06.805 13688 13688 E libbinder.IPCThreadState: Binder transaction failure. id: 2094477, cmd: BR_FAILED_REPLY (29201), error: -1 (Operation not permitted)
06-20 10:38:06.805 13709 13709 W libbinder.BackendUnifiedServiceManager: Thread Pool max thread count is 0. Cannot cache binder as linkToDeath cannot be implemented. serviceName: activity_task
06-20 10:38:06.808 13674 13674 W libbinder.BackendUnifiedServiceManager: Thread Pool max thread count is 0. Cannot cache binder as linkToDeath cannot be implemented. serviceName: dropbox
06-20 10:38:06.758 13688 13688 W service : type=1400 audit(0.0:57487): avc:  denied  { call } for  scontext=u:r:shell:s0 tcontext=u:r:hal_sensors_default:s0 tclass=binder permissive=0
06-20 10:38:06.817 13688 13688 W libbinder.BackendUnifiedServiceManager: Thread Pool max thread count is 0. Cannot cache binder as linkToDeath cannot be implemented. serviceName: android.hardware.uwb.IUwb/default
06-20 10:38:06.817 13688 13688 E libbinder.IPCThreadState: Binder transaction failure. id: 2094488, cmd: BR_FAILED_REPLY (29201), error: -1 (Operation not permitted)
06-20 10:38:06.825 13688 13688 W libbinder.BackendUnifiedServiceManager: Thread Pool max thread count is 0. Cannot cache binder as linkToDeath cannot be implemented. serviceName: android.hardware.vibrator.IVibrator/default
06-20 10:38:06.825 13688 13688 E libbinder.IPCThreadState: Binder transaction failure. id: 2094495, cmd: BR_FAILED_REPLY (29201), error: -1 (Operation not permitted)
06-20 10:38:06.829 13688 13688 W libbinder.BackendUnifiedServiceManager: Thread Pool max thread count is 0. Cannot cache binder as linkToDeath cannot be implemented. serviceName: android.hardware.vibrator.IVibratorManager/default
06-20 10:38:06.829 13688 13688 E libbinder.IPCThreadState: Binder transaction failure. id: 2094502, cmd: BR_FAILED_REPLY (29201), error: -1 (Operation not permitted)
06-20 10:38:06.831 13709 13709 W libbinder.BackendUnifiedServiceManager: Thread Pool max thread count is 0. Cannot cache binder as linkToDeath cannot be implemented. serviceName: adb
06-20 10:38:06.835 13688 13688 W libbinder.BackendUnifiedServiceManager: Thread Pool max thread count is 0. Cannot cache binder as linkToDeath cannot be implemented. serviceName: android.hardware.wifi.IWifi/default
06-20 10:38:06.837 13688 13688 E libbinder.IPCThreadState: Binder transaction failure. id: 2094510, cmd: BR_FAILED_REPLY (29201), error: -1 (Operation not permitted)
06-20 10:38:06.778 13688 13688 W service : type=1400 audit(0.0:57488): avc:  denied  { call } for  scontext=u:r:shell:s0 tcontext=u:r:hal_thermal_default:s0 tclass=binder permissive=0
06-20 10:38:06.844 13688 13688 W libbinder.BackendUnifiedServiceManager: Thread Pool max thread count is 0. Cannot cache binder as linkToDeath cannot be implemented. serviceName: android.hardware.wifi.supplicant.ISupplicant/default
06-20 10:38:06.845 13688 13688 E libbinder.IPCThreadState: Binder transaction failure. id: 2094523, cmd: BR_FAILED_REPLY (29201), error: -1 (Operation not permitted)
06-20 10:38:06.848 13688 13688 W libbinder.BackendUnifiedServiceManager: Thread Pool max thread count is 0. Cannot cache binder as linkToDeath cannot be implemented. serviceName: android.security.apc
06-20 10:38:06.849 13709 13709 W libbinder.BackendUnifiedServiceManager: Thread Pool max thread count is 0. Cannot cache binder as linkToDeath cannot be implemented. serviceName: adservices_manager
06-20 10:38:06.858 13688 13688 W libbinder.BackendUnifiedServiceManager: Thread Pool max thread count is 0. Cannot cache binder as linkToDeath cannot be implemented. serviceName: android.security.authorization
06-20 10:38:06.873 13709 13709 W libbinder.BackendUnifiedServiceManager: Thread Pool max thread count is 0. Cannot cache binder as linkToDeath cannot be implemented. serviceName: advanced_protection
06-20 10:38:06.790 13688 13688 W service : type=1400 audit(0.0:57489): avc:  denied  { call } for  scontext=u:r:shell:s0 tcontext=u:r:hal_threadnetwork_default:s0 tclass=binder permissive=0
06-20 10:38:06.883 13688 13688 W libbinder.BackendUnifiedServiceManager: Thread Pool max thread count is 0. Cannot cache binder as linkToDeath cannot be implemented. serviceName: android.security.compat
06-20 10:38:06.886 13709 13709 W libbinder.BackendUnifiedServiceManager: Thread Pool max thread count is 0. Cannot cache binder as linkToDeath cannot be implemented. serviceName: alarm
06-20 10:38:06.891 13688 13688 W libbinder.BackendUnifiedServiceManager: Thread Pool max thread count is 0. Cannot cache binder as linkToDeath cannot be implemented. serviceName: android.security.identity
06-20 10:38:06.893 13709 13709 W libbinder.BackendUnifiedServiceManager: Thread Pool max thread count is 0. Cannot cache binder as linkToDeath cannot be implemented. serviceName: ambient_context
06-20 10:38:06.899 13688 13688 W libbinder.BackendUnifiedServiceManager: Thread Pool max thread count is 0. Cannot cache binder as linkToDeath cannot be implemented. serviceName: android.security.legacykeystore
06-20 10:38:06.909 13709 13709 W libbinder.BackendUnifiedServiceManager: Thread Pool max thread count is 0. Cannot cache binder as linkToDeath cannot be implemented. serviceName: android.frameworks.cameraservice.service.ICameraService/default
06-20 10:38:06.802 13688 13688 W service : type=1400 audit(0.0:57490): avc:  denied  { call } for  scontext=u:r:shell:s0 tcontext=u:r:hal_usb_default:s0 tclass=binder permissive=0
06-20 10:38:06.911 13688 13688 W libbinder.BackendUnifiedServiceManager: Thread Pool max thread count is 0. Cannot cache binder as linkToDeath cannot be implemented. serviceName: android.security.maintenance
06-20 10:38:06.916 13713 13713 W libbinder.BackendUnifiedServiceManager: Thread Pool max thread count is 0. Cannot cache binder as linkToDeath cannot be implemented. serviceName: activity
06-20 10:38:06.920 13688 13688 W libbinder.BackendUnifiedServiceManager: Thread Pool max thread count is 0. Cannot cache binder as linkToDeath cannot be implemented. serviceName: android.security.metrics
06-20 10:38:06.946 13643 13670 V WindowManagerShell: Adding external interface from OneHandedController with key com.android.wm.shell.onehanded.IOneHanded
06-20 10:38:06.948 13643 13670 V WindowManagerShell: 	OneHandedController init took 390ms
06-20 10:38:06.948 13643 13670 V WindowManagerShell: Adding external interface from DragAndDropController with key com.android.wm.shell.draganddrop.IDragAndDrop
06-20 10:38:06.948 13643 13670 V WindowManagerShell: Adding dump callback for DragAndDropController
06-20 10:38:06.948 13643 13670 V ShellDragAndDrop: Registering unhandled drag listener
06-20 10:38:06.961 13643 13670 V WindowManagerShell: 	DragAndDropController init took 13ms
06-20 10:38:06.969 13709 13709 W libbinder.BackendUnifiedServiceManager: Thread Pool max thread count is 0. Cannot cache binder as linkToDeath cannot be implemented. serviceName: android.frameworks.devicestate.IDeviceStateService/default
06-20 10:38:06.975 13643 13670 V WindowManagerShell: Adding external interface from BubbleController with key com.android.wm.shell.bubbles.IBubbles
06-20 10:38:06.975 13643 13670 V WindowManagerShell: Adding dump callback for BubbleController
06-20 10:38:06.977 13643 13670 V WindowManagerShell: 	BubbleController init took 15ms
06-20 10:38:06.977 13688 13688 W libbinder.BackendUnifiedServiceManager: Thread Pool max thread count is 0. Cannot cache binder as linkToDeath cannot be implemented. serviceName: android.system.keystore2.IKeystoreService/default
06-20 10:38:06.977 13643 13670 V WindowManagerShell: Adding dump callback for RootTaskDesksOrganizer
06-20 10:38:06.979 13643 13670 V WindowManagerShell: 	RootTaskDesksOrganizer init took 2ms
06-20 10:38:06.979 13643 13670 V WindowManagerShell: Adding dump callback for DesktopImmersiveController
06-20 10:38:06.983 13709 13709 W libbinder.BackendUnifiedServiceManager: Thread Pool max thread count is 0. Cannot cache binder as linkToDeath cannot be implemented. serviceName: android.frameworks.location.altitude.IAltitudeService/default
06-20 10:38:06.983 13643 13670 V WindowManagerShell: 	DesktopImmersiveController init took 4ms
06-20 10:38:06.989 13688 13688 W libbinder.BackendUnifiedServiceManager: Thread Pool max thread count is 0. Cannot cache binder as linkToDeath cannot be implemented. serviceName: android.system.net.netd.INetd/default
06-20 10:38:07.005 13709 13709 W libbinder.BackendUnifiedServiceManager: Thread Pool max thread count is 0. Cannot cache binder as linkToDeath cannot be implemented. serviceName: android.frameworks.sensorservice.ISensorManager/default
06-20 10:38:07.012 13688 13688 E libbinder.IPCThreadState: Binder transaction failure. id: 2094685, cmd: BR_FAILED_REPLY (29201), error: -1 (Operation not permitted)
06-20 10:38:07.020 13709 13709 W libbinder.BackendUnifiedServiceManager: Thread Pool max thread count is 0. Cannot cache binder as linkToDeath cannot be implemented. serviceName: android.frameworks.stats.IStats/default
06-20 10:38:07.023 13688 13688 W libbinder.BackendUnifiedServiceManager: Thread Pool max thread count is 0. Cannot cache binder as linkToDeath cannot be implemented. serviceName: android.system.suspend.ISystemSuspend/default
06-20 10:38:07.023 13688 13688 E libbinder.IPCThreadState: Binder transaction failure. id: 2094702, cmd: BR_FAILED_REPLY (29201), error: -1 (Operation not permitted)
06-20 10:38:07.029 13709 13709 W libbinder.BackendUnifiedServiceManager: Thread Pool max thread count is 0. Cannot cache binder as linkToDeath cannot be implemented. serviceName: android.frameworks.vibrator.IVibratorControlService/default
06-20 10:38:07.031 13688 13688 W libbinder.BackendUnifiedServiceManager: Thread Pool max thread count is 0. Cannot cache binder as linkToDeath cannot be implemented. serviceName: android.system.vmtethering.IVmTethering
06-20 10:38:07.037 13709 13709 W libbinder.BackendUnifiedServiceManager: Thread Pool max thread count is 0. Cannot cache binder as linkToDeath cannot be implemented. serviceName: android.hardware.authsecret.IAuthSecret/default
06-20 10:38:07.038 13688 13688 W libbinder.BackendUnifiedServiceManager: Thread Pool max thread count is 0. Cannot cache binder as linkToDeath cannot be implemented. serviceName: android.system.vold.IVold/default
06-20 10:38:07.060 13709 13709 E libbinder.IPCThreadState: Binder transaction failure. id: 2094732, cmd: BR_FAILED_REPLY (29201), error: -1 (Operation not permitted)
06-20 10:38:07.061 13688 13688 E libbinder.IPCThreadState: Binder transaction failure. id: 2094735, cmd: BR_FAILED_REPLY (29201), error: -1 (Operation not permitted)
06-20 10:38:07.064 13709 13709 E libbinder.IPCThreadState: Binder transaction failure. id: 2094744, cmd: BR_FAILED_REPLY (29201), error: -1 (Operation not permitted)
06-20 10:38:07.065 13643 13670 V WindowManagerShell: 	DefaultHomePackageSupplier init took 81ms
06-20 10:38:07.065 13643 13670 V WindowManagerShell: addHandler: SystemModalsTransitionHandler
06-20 10:38:07.066 13643 13670 V WindowManagerShell: 	SystemModalsTransitionHandler init took 0ms
06-20 10:38:07.066 13643 13670 V WindowManagerShell: addHandler: DesktopMixedTransitionHandler
06-20 10:38:07.067 13643 13670 V WindowManagerShell: 	DesktopMixedTransitionHandler init took 1ms
06-20 10:38:07.068 13688 13688 W libbinder.BackendUnifiedServiceManager: Thread Pool max thread count is 0. Cannot cache binder as linkToDeath cannot be implemented. serviceName: app_binding
06-20 10:38:07.070 13688 13688 E libbinder.Parcel: Reading a NULL string not supported here.
06-20 10:38:07.074 13709 13709 W libbinder.BackendUnifiedServiceManager: Thread Pool max thread count is 0. Cannot cache binder as linkToDeath cannot be implemented. serviceName: android.hardware.bluetooth.IBluetoothHci/default
06-20 10:38:07.079 13709 13709 E libbinder.IPCThreadState: Binder transaction failure. id: 2094759, cmd: BR_FAILED_REPLY (29201), error: -1 (Operation not permitted)
06-20 10:38:07.082 13688 13688 W libbinder.BackendUnifiedServiceManager: Thread Pool max thread count is 0. Cannot cache binder as linkToDeath cannot be implemented. serviceName: app_function
06-20 10:38:07.085 13709 13709 W libbinder.BackendUnifiedServiceManager: Thread Pool max thread count is 0. Cannot cache binder as linkToDeath cannot be implemented. serviceName: android.hardware.bluetooth.audio.IBluetoothAudioProviderFactory/default
06-20 10:38:07.086 13709 13709 E libbinder.IPCThreadState: Binder transaction failure. id: 2094771, cmd: BR_FAILED_REPLY (29201), error: -1 (Operation not permitted)
06-20 10:38:07.091 13709 13709 W libbinder.BackendUnifiedServiceManager: Thread Pool max thread count is 0. Cannot cache binder as linkToDeath cannot be implemented. serviceName: android.hardware.bluetooth.offload.leaudio.IHciProxy/default
06-20 10:38:07.092 13709 13709 E libbinder.IPCThreadState: Binder transaction failure. id: 2094777, cmd: BR_FAILED_REPLY (29201), error: -1 (Operation not permitted)
06-20 10:38:07.097 13709 13709 W libbinder.BackendUnifiedServiceManager: Thread Pool max thread count is 0. Cannot cache binder as linkToDeath cannot be implemented. serviceName: android.hardware.camera.provider.ICameraProvider/internal/0
06-20 10:38:07.098 13709 13709 E libbinder.IPCThreadState: Binder transaction failure. id: 2094786, cmd: BR_FAILED_REPLY (29201), error: -1 (Operation not permitted)
06-20 10:38:07.107 13709 13709 W libbinder.BackendUnifiedServiceManager: Thread Pool max thread count is 0. Cannot cache binder as linkToDeath cannot be implemented. serviceName: android.hardware.camera.provider.ICameraProvider/internal/1
06-20 10:38:07.107 13709 13709 E libbinder.IPCThreadState: Binder transaction failure. id: 2094797, cmd: BR_FAILED_REPLY (29201), error: -1 (Operation not permitted)
06-20 10:38:07.112 13709 13709 W libbinder.BackendUnifiedServiceManager: Thread Pool max thread count is 0. Cannot cache binder as linkToDeath cannot be implemented. serviceName: android.hardware.cas.IMediaCasService/default
06-20 10:38:07.112 13643 13643 W BatteryControllerGoogle: Couldn't register to observe provider
06-20 10:38:07.112 13643 13643 W BatteryControllerGoogle: java.lang.SecurityException: Failed to find provider com.google.android.flipendo.api for user 0; expected to find a valid ContentProvider for this authority
06-20 10:38:07.112 13643 13643 W BatteryControllerGoogle: 	at android.os.Parcel.createExceptionOrNull(Parcel.java:3373)
06-20 10:38:07.112 13643 13643 W BatteryControllerGoogle: 	at android.os.Parcel.createException(Parcel.java:3357)
06-20 10:38:07.112 13643 13643 W BatteryControllerGoogle: 	at android.os.Parcel.readException(Parcel.java:3340)
06-20 10:38:07.112 13643 13643 W BatteryControllerGoogle: 	at android.os.Parcel.readException(Parcel.java:3282)
06-20 10:38:07.112 13643 13643 W BatteryControllerGoogle: 	at android.content.IContentService$Stub$Proxy.registerContentObserver(IContentService.java:1044)
06-20 10:38:07.112 13643 13643 W BatteryControllerGoogle: 	at android.content.ContentResolver.registerContentObserver(ContentResolver.java:2730)
06-20 10:38:07.112 13643 13643 W BatteryControllerGoogle: 	at com.google.android.systemui.statusbar.policy.BatteryControllerImplGoogle.init(go/retraceme d7434036f30927423ce8aca1e3c453e1261a0e8c346035197b57fdd4a4917e53:39)
06-20 10:38:07.112 13643 13643 W BatteryControllerGoogle: 	at com.google.android.systemui.statusbar.policy.GooglePolicyModule_ProvideBatteryControllerFactory.provideBatteryController(go/retraceme d7434036f30927423ce8aca1e3c453e1261a0e8c346035197b57fdd4a4917e53:44)
06-20 10:38:07.112 13643 13643 W BatteryControllerGoogle: 	at com.google.android.systemui.dagger.DaggerSysUIGoogleGlobalRootComponent$SysUIGoogleSysUIComponentImpl$SwitchingProvider.get0$1(go/retraceme d7434036f30927423ce8aca1e3c453e1261a0e8c346035197b57fdd4a4917e53:44)
06-20 10:38:07.112 13643 13643 W BatteryControllerGoogle: 	at com.google.android.systemui.dagger.DaggerSysUIGoogleGlobalRootComponent$SysUIGoogleSysUIComponentImpl$SwitchingProvider.get(go/retraceme d7434036f30927423ce8aca1e3c453e1261a0e8c346035197b57fdd4a4917e53:2296)
06-20 10:38:07.112 13643 13643 W BatteryControllerGoogle: 	at dagger.internal.DoubleCheck.get(go/retraceme d7434036f30927423ce8aca1e3c453e1261a0e8c346035197b57fdd4a4917e53:14)
06-20 10:38:07.112 13643 13643 W BatteryControllerGoogle: 	at com.google.android.systemui.dagger.DaggerSysUIGoogleGlobalRootComponent$SysUIGoogleSysUIComponentImpl$SwitchingProvider.get0$1(go/retraceme d7434036f30927423ce8aca1e3c453e1261a0e8c346035197b57fdd4a4917e53:45)
06-20 10:38:07.112 13643 13643 W BatteryControllerGoogle: 	at com.google.android.systemui.dagger.DaggerSysUIGoogleGlobalRootComponent$SysUIGoogleSysUIComponentImpl$SwitchingProvider.get(go/retraceme d7434036f30927423ce8aca1e3c453e1261a0e8c346035197b57fdd4a4917e53:2296)
06-20 10:38:07.112 13643 13643 W BatteryControllerGoogle: 	at dagger.internal.DoubleCheck.get(go/retraceme d7434036f30927423ce8aca1e3c453e1261a0e8c346035197b57fdd4a4917e53:14)
06-20 10:38:07.112 13643 13643 W BatteryControllerGoogle: 	at dagger.internal.DelegateFactory.get(go/retraceme d7434036f30927423ce8aca1e3c453e1261a0e8c346035197b57fdd4a4917e53:5)
06-20 10:38:07.112 13643 13643 W BatteryControllerGoogle: 	at com.google.android.systemui.dagger.DaggerSysUIGoogleGlobalRootComponent$SysUIGoogleSysUIComponentImpl$SwitchingProvider.get0$1(go/retraceme d7434036f30927423ce8aca1e3c453e1261a0e8c346035197b57fdd4a4917e53:46)
06-20 10:38:07.112 13643 13643 W BatteryControllerGoogle: 	at com.google.android.systemui.dagger.DaggerSysUIGoogleGlobalRootComponent$SysUIGoogleSysUIComponentImpl$SwitchingProvider.get(go/retraceme d7434036f30927423ce8aca1e3c453e1261a0e8c346035197b57fdd4a4917e53:2296)
06-20 10:38:07.112 13643 13643 W BatteryControllerGoogle: 	at dagger.internal.DoubleCheck.get(go/retraceme d7434036f30927423ce8aca1e3c453e1261a0e8c346035197b57fdd4a4917e53:14)
06-20 10:38:07.112 13643 13643 W BatteryControllerGoogle: 	at dagger.internal.DelegateFactory.get(go/retraceme d7434036f30927423ce8aca1e3c453e1261a0e8c346035197b57fdd4a4917e53:5)
06-20 10:38:07.112 13643 13643 W BatteryControllerGoogle: 	at com.google.android.systemui.dagger.DaggerSysUIGoogleGlobalRootComponent$SysUIGoogleSysUIComponentImpl$SwitchingProvider.get2(go/retraceme d7434036f30927423ce8aca1e3c453e1261a0e8c346035197b57fdd4a4917e53:2842)
06-20 10:38:07.112 13643 13643 W BatteryControllerGoogle: 	at com.google.android.systemui.dagger.DaggerSysUIGoogleGlobalRootComponent$SysUIGoogleSysUIComponentImpl$SwitchingProvider.get(go/retraceme d7434036f30927423ce8aca1e3c453e1261a0e8c346035197b57fdd4a4917e53:2286)
06-20 10:38:07.112 13643 13643 W BatteryControllerGoogle: 	at dagger.internal.DoubleCheck.get(go/retraceme d7434036f30927423ce8aca1e3c453e1261a0e8c346035197b57fdd4a4917e53:14)
06-20 10:38:07.112 13643 13643 W BatteryControllerGoogle: 	at com.google.android.systemui.dagger.DaggerSysUIGoogleGlobalRootComponent$SysUIGoogleSysUIComponentImpl$SwitchingProvider.get0$1(go/retraceme d7434036f30927423ce8aca1e3c453e1261a0e8c346035197b57fdd4a4917e53:60)
06-20 10:38:07.112 13643 13643 W BatteryControllerGoogle: 	at com.google.android.systemui.dagger.DaggerSysUIGoogleGlobalRootComponent$SysUIGoogleSysUIComponentImpl$SwitchingProvider.get(go/retraceme d7434036f30927423ce8aca1e3c453e1261a0e8c346035197b57fdd4a4917e53:2296)
06-20 10:38:07.112 13643 13643 W BatteryControllerGoogle: 	at dagger.internal.DoubleCheck.get(go/retraceme d7434036f30927423ce8aca1e3c453e1261a0e8c346035197b57fdd4a4917e53:14)
06-20 10:38:07.112 13643 13643 W BatteryControllerGoogle: 	at dagger.internal.DelegateFactory.get(go/retraceme d7434036f30927423ce8aca1e3c453e1261a0e8c346035197b57fdd4a4917e53:5)
06-20 10:38:07.112 13643 13643 W BatteryControllerGoogle: 	at com.google.android.systemui.dagger.DaggerSysUIGoogleGlobalRootComponent$SysUIGoogleSysUIComponentImpl.-$$Nest$mviewMediatorCallback(go/retraceme d7434036f30927423ce8aca1e3c453e1261a0e8c346035197b57fdd4a4917e53:3)
06-20 10:38:07.112 13643 13643 W BatteryControllerGoogle: 	at com.google.android.systemui.dagger.DaggerSysUIGoogleGlobalRootComponent$SysUIGoogleSysUIComponentImpl$SwitchingProvider.get0$1(go/retraceme d7434036f30927423ce8aca1e3c453e1261a0e8c346035197b57fdd4a4917e53:14)
06-20 10:38:07.112 13643 13643 W BatteryControllerGoogle: 	at com.google.android.systemui.dagger.DaggerSysUIGoogleGlobalRootComponent$SysUIGoogleSysUIComponentImpl$SwitchingProvider.get(go/retraceme d7434036f30927423ce8aca1e3c453e1261a0e8c346035197b57fdd4a4917e53:2296)
06-20 10:38:07.112 13643 13643 W BatteryControllerGoogle: 	at dagger.internal.DoubleCheck.get(go/retraceme d7434036f30927423ce8aca1e3c453e1261a0e8c346035197b57fdd4a4917e53:14)
06-20 10:38:07.112 13643 13643 W BatteryControllerGoogle: 	at dagger.internal.DelegateFactory.get(go/retraceme d7434036f30927423ce8aca1e3c453e1261a0e8c346035197b57fdd4a4917e53:5)
06-20 10:38:07.112 13643 13643 W BatteryControllerGoogle: 	at com.google.android.systemui.dagger.DaggerSysUIGoogleGlobalRootComponent$SysUIGoogleSysUIComponentImpl$SwitchingProvider.get0$1(go/retraceme d7434036f30927423ce8aca1e3c453e1261a0e8c346035197b57fdd4a4917e53:15)
06-20 10:38:07.112 13643 13643 W BatteryControllerGoogle: 	at com.google.android.systemui.dagger.DaggerSysUIGoogleGlobalRootComponent$SysUIGoogleSysUIComponentImpl$SwitchingProvider.get(go/retraceme d7434036f30927423ce8aca1e3c453e1261a0e8c346035197b57fdd4a4917e53:2296)
06-20 10:38:07.112 13643 13643 W BatteryControllerGoogle: 	at dagger.internal.DoubleCheck.get(go/retraceme d7434036f30927423ce8aca1e3c453e1261a0e8c346035197b57fdd4a4917e53:14)
06-20 10:38:07.112 13643 13643 W BatteryControllerGoogle: 	at dagger.internal.DelegateFactory.get(go/retraceme d7434036f30927423ce8aca1e3c453e1261a0e8c346035197b57fdd4a4917e53:5)
06-20 10:38:07.112 13643 13643 W BatteryControllerGoogle: 	at com.google.android.systemui.dagger.DaggerSysUIGoogleGlobalRootComponent$SysUIGoogleSysUIComponentImpl.systemUIDialogFactory(go/retraceme d7434036f30927423ce8aca1e3c453e1261a0e8c346035197b57fdd4a4917e53:11)
06-20 10:38:07.112 13643 13643 W BatteryControllerGoogle: 	at com.google.android.systemui.dagger.DaggerSysUIGoogleGlobalRootComponent$SystemUIGoogleDisplaySubcomponentImpl$SwitchingProvider.get(go/retraceme d7434036f30927423ce8aca1e3c453e1261a0e8c346035197b57fdd4a4917e53:1198)
06-20 10:38:07.112 13643 13643 W BatteryControllerGoogle: 	at dagger.internal.DoubleCheck.get(go/retraceme d7434036f30927423ce8aca1e3c453e1261a0e8c346035197b57fdd4a4917e53:14)
06-20 10:38:07.112 13643 13643 W BatteryControllerGoogle: 	at com.google.android.systemui.dagger.DaggerSysUIGoogleGlobalRootComponent$WMComponentBuilder$$ExternalSyntheticOutline0.m(go/retraceme d7434036f30927423ce8aca1e3c453e1261a0e8c346035197b57fdd4a4917e53:11)
06-20 10:38:07.112 13643 13643 W BatteryControllerGoogle: 	at com.google.android.systemui.dagger.DaggerSysUIGoogleGlobalRootComponent$SystemUIGoogleDisplaySubcomponentImpl$SwitchingProvider.get(go/retraceme d7434036f30927423ce8aca1e3c453e1261a0e8c346035197b57fdd4a4917e53:1242)
06-20 10:38:07.112 13643 13643 W BatteryControllerGoogle: 	at dagger.internal.DoubleCheck.get(go/retraceme d7434036f30927423ce8aca1e3c453e1261a0e8c346035197b57fdd4a4917e53:14)
06-20 10:38:07.112 13643 13643 W BatteryControllerGoogle: 	at com.google.android.systemui.dagger.DaggerSysUIGoogleGlobalRootComponent$SystemUIGoogleDisplaySubcomponentImpl.getLifecycleListeners(go/retraceme d7434036f30927423ce8aca1e3c453e1261a0e8c346035197b57fdd4a4917e53:30)
06-20 10:38:07.112 13643 13643 W BatteryControllerGoogle: 	at com.android.systemui.display.data.repository.DisplayComponentInstanceProvider.setupInstance(go/retraceme d7434036f30927423ce8aca1e3c453e1261a0e8c346035197b57fdd4a4917e53:3)
06-20 10:38:07.112 13643 13643 W BatteryControllerGoogle: 	at com.android.app.displaylib.PerDisplayInstanceRepositoryImpl.get(go/retraceme d7434036f30927423ce8aca1e3c453e1261a0e8c346035197b57fdd4a4917e53:154)
06-20 10:38:07.112 13643 13643 W BatteryControllerGoogle: 	at com.android.systemui.display.DisplayModule_Companion_DisplayStateInteractorFactory.displayStateInteractor(go/retraceme d7434036f30927423ce8aca1e3c453e1261a0e8c346035197b57fdd4a4917e53:2)
06-20 10:38:07.112 13643 13643 W BatteryControllerGoogle: 	at com.google.android.systemui.dagger.DaggerSysUIGoogleGlobalRootComponent$SysUIGoogleSysUIComponentImpl$SwitchingProvider.get2(go/retraceme d7434036f30927423ce8aca1e3c453e1261a0e8c346035197b57fdd4a4917e53:3038)
06-20 10:38:07.112 13643 13643 W BatteryControllerGoogle: 	at com.google.android.systemui.dagger.DaggerSysUIGoogleGlobalRootComponent$SysUIGoogleSysUIComponentImpl$SwitchingProvider.get(go/retraceme d7434036f30927423ce8aca1e3c453e1261a0e8c346035197b57fdd4a4917e53:2286)
06-20 10:38:07.112 13643 13643 W BatteryControllerGoogle: 	at com.google.android.systemui.dagger.DaggerSysUIGoogleGlobalRootComponent$SysUIGoogleSysUIComponentImpl$SwitchingProvider.get2(go/retraceme d7434036f30927423ce8aca1e3c453e1261a0e8c346035197b57fdd4a4917e53:2399)
06-20 10:38:07.112 13643 13643 W BatteryControllerGoogle: 	at com.google.android.systemui.dagger.DaggerSysUIGoogleGlobalRootComponent$SysUIGoogleSysUIComponentImpl$SwitchingProvider.get(go/retraceme d7434036f30927423ce8aca1e3c453e1261a0e8c346035197b57fdd4a4917e53:2286)
06-20 10:38:07.112 13643 13643 W BatteryControllerGoogle: 	at dagger.internal.DoubleCheck.get(go/retraceme d7434036f30927423ce8aca1e3c453e1261a0e8c346035197b57fdd4a4917e53:14)
06-20 10:38:07.112 13643 13643 W BatteryControllerGoogle: 	at com.google.android.systemui.dagger.DaggerSysUIGoogleGlobalRootComponent$SysUIGoogleSysUIComponentImpl.inject(go/retraceme d7434036f30927423ce8aca1e3c453e1261a0e8c346035197b57fdd4a4917e53:33)
06-20 10:38:07.112 13643 13643 W BatteryControllerGoogle: 	at java.lang.reflect.Method.invoke(Native Method)
06-20 10:38:07.112 13643 13643 W BatteryControllerGoogle: 	at com.android.systemui.SystemUIAppComponentFactoryBase$instantiateProviderCompat$1.onContextAvailable(go/retraceme d7434036f30927423ce8aca1e3c453e1261a0e8c346035197b57fdd4a4917e53:41)
06-20 10:38:07.112 13643 13643 W BatteryControllerGoogle: 	at com.android.systemui.keyguard.CustomizationProvider.attachInfo(go/retraceme d7434036f30927423ce8aca1e3c453e1261a0e8c346035197b57fdd4a4917e53:8)
06-20 10:38:07.112 13643 13643 W BatteryControllerGoogle: 	at android.app.ActivityThread.installProvider(ActivityThread.java:8970)
06-20 10:38:07.112 13643 13643 W BatteryControllerGoogle: 	at android.app.ActivityThread.installContentProviders(ActivityThread.java:8463)
06-20 10:38:07.112 13643 13643 W BatteryControllerGoogle: 	at android.app.ActivityThread.handleBindApplication(ActivityThread.java:8124)
06-20 10:38:07.112 13643 13643 W BatteryControllerGoogle: 	at android.app.ActivityThread.-$$Nest$mhandleBindApplication(Unknown Source:0)
06-20 10:38:07.112 13643 13643 W BatteryControllerGoogle: 	at android.app.ActivityThread$H.handleMessage(ActivityThread.java:2690)
06-20 10:38:07.112 13643 13643 W BatteryControllerGoogle: 	at android.os.Handler.dispatchMessage(Handler.java:132)
06-20 10:38:07.112 13643 13643 W BatteryControllerGoogle: 	at android.os.Looper.dispatchMessage(Looper.java:333)
06-20 10:38:07.112 13643 13643 W BatteryControllerGoogle: 	at android.os.Looper.loopOnce(Looper.java:263)
06-20 10:38:07.112 13643 13643 W BatteryControllerGoogle: 	at android.os.Looper.loop(Looper.java:367)
06-20 10:38:07.112 13643 13643 W BatteryControllerGoogle: 	at android.app.ActivityThread.main(ActivityThread.java:9287)
06-20 10:38:07.112 13643 13643 W BatteryControllerGoogle: 	at java.lang.reflect.Method.invoke(Native Method)
06-20 10:38:07.112 13643 13643 W BatteryControllerGoogle: 	at com.android.internal.os.RuntimeInit$MethodAndArgsCaller.run(RuntimeInit.java:566)
06-20 10:38:07.112 13643 13643 W BatteryControllerGoogle: 	at com.android.internal.os.ZygoteInit.main(ZygoteInit.java:929)
06-20 10:38:07.112 13643 13643 W BatteryControllerGoogle: Caused by: android.os.RemoteException: Remote stack trace:
06-20 10:38:07.112 13643 13643 W BatteryControllerGoogle: 	at com.android.server.content.ContentService.registerContentObserver(ContentService.java:382)
06-20 10:38:07.112 13643 13643 W BatteryControllerGoogle: 	at android.content.IContentService$Stub.onTransact(IContentService.java:498)
06-20 10:38:07.112 13643 13643 W BatteryControllerGoogle: 	at android.os.Binder.execTransactInternal(Binder.java:1473)
06-20 10:38:07.112 13643 13643 W BatteryControllerGoogle: 	at android.os.Binder.execTransact(Binder.java:1418)
06-20 10:38:07.112 13643 13643 W BatteryControllerGoogle: 
06-20 10:38:07.120 13688 13688 W libbinder.BackendUnifiedServiceManager: Thread Pool max thread count is 0. Cannot cache binder as linkToDeath cannot be implemented. serviceName: app_hibernation
06-20 10:38:07.123 13643 13670 V WindowManagerShell: 	DesktopModeLoggerTransitionObserver init took 56ms
06-20 10:38:07.125 13643 13670 V WindowManagerShell: addHandler: RecentsTransitionHandler
06-20 10:38:07.125 13643 13670 V WindowManagerShell: 	RecentsTransitionHandler init took 1ms
06-20 10:38:07.125 13643 13670 V WindowManagerShell: Adding command class multi-instance for MultiInstanceHelper
06-20 10:38:07.126 13643 13670 V WindowManagerShell: 	MultiInstanceHelper init took 0ms
06-20 10:38:07.126 13643 13670 V WindowManagerShell: 	OverviewToDesktopTransitionObserver init took 1ms
06-20 10:38:07.127 13643 13670 V WindowManagerShell: 	UserProfileContexts init took 1ms
06-20 10:38:07.129 13709 13709 W libbinder.BackendUnifiedServiceManager: Thread Pool max thread count is 0. Cannot cache binder as linkToDeath cannot be implemented. serviceName: android.hardware.contexthub.IContextHub/default
06-20 10:38:07.129 13709 13709 E libbinder.IPCThreadState: Binder transaction failure. id: 2094813, cmd: BR_FAILED_REPLY (29201), error: -1 (Operation not permitted)
06-20 10:38:07.131 13643 13643 I DLObserver: wireless charger is not present, check dock component.
06-20 10:38:07.136 13643 13670 V WindowManagerShell: 	VisualIndicatorUpdateScheduler init took 7ms
06-20 10:38:07.136 13688 13688 W libbinder.BackendUnifiedServiceManager: Thread Pool max thread count is 0. Cannot cache binder as linkToDeath cannot be implemented. serviceName: app_integrity
06-20 10:38:07.136 13643 13670 V WindowManagerShell: 	DesktopFirstListenerManager init took 0ms
06-20 10:38:07.137 13709 13709 W libbinder.BackendUnifiedServiceManager: Thread Pool max thread count is 0. Cannot cache binder as linkToDeath cannot be implemented. serviceName: android.hardware.drm.IDrmFactory/widevine
06-20 10:38:07.138 13643 13670 D ShellDesktopMode: DesktopTasksController: onInit
06-20 10:38:07.140 13643 13670 V WindowManagerShell: Adding dump callback for DesktopTasksController
06-20 10:38:07.140 13643 13670 V WindowManagerShell: Adding command class desktopmode for DesktopTasksController
06-20 10:38:07.140 13643 13670 V WindowManagerShell: Adding external interface from DesktopTasksController with key com.android.wm.shell.desktopmode.IDesktopMode
06-20 10:38:07.142 13688 13688 W libbinder.BackendUnifiedServiceManager: Thread Pool max thread count is 0. Cannot cache binder as linkToDeath cannot be implemented. serviceName: app_prediction
06-20 10:38:07.143 13643 13670 V ShellDesktopMode: DesktopTasksController: onUserChanged previousUserId=0, newUserId=0
06-20 10:38:07.144 13643 13670 V WindowManagerShell: addHandler: DesktopTasksController
06-20 10:38:07.144 13643 13670 V WindowManagerShell: 	DesktopTasksController init took 7ms
06-20 10:38:07.145 13709 13709 W libbinder.BackendUnifiedServiceManager: Thread Pool max thread count is 0. Cannot cache binder as linkToDeath cannot be implemented. serviceName: android.hardware.gatekeeper.IGatekeeper/default
06-20 10:38:07.145 13709 13709 E libbinder.IPCThreadState: Binder transaction failure. id: 2094838, cmd: BR_FAILED_REPLY (29201), error: -1 (Operation not permitted)
06-20 10:38:07.148 13643 13643 D DreamComponentMigrator: start
06-20 10:38:07.148 13643 13670 V WindowManagerShell: 	AppToWebRepositoryImpl init took 1ms
06-20 10:38:07.149 13643 13670 V WindowManagerShell: 	DesktopActivityOrientationChangeHandler init took 0ms
06-20 10:38:07.150 13709 13709 E libbinder.IPCThreadState: Binder transaction failure. id: 2094844, cmd: BR_FAILED_REPLY (29201), error: -1 (Operation not permitted)
06-20 10:38:07.153 13643 13670 V WindowManagerShell: Adding dump callback for WindowDecorTaskResourceLoaderImpl
06-20 10:38:07.153 13688 13688 W libbinder.BackendUnifiedServiceManager: Thread Pool max thread count is 0. Cannot cache binder as linkToDeath cannot be implemented. serviceName: app_search
06-20 10:38:07.156 13643 13670 V WindowManagerShell: 	WindowDecorTaskResourceLoaderImpl init took 4ms
06-20 10:38:07.157 13643 13670 V WindowManagerShell: 	DesktopTilingDecorViewModel init took 1ms
06-20 10:38:07.160 13709 13709 W libbinder.BackendUnifiedServiceManager: Thread Pool max thread count is 0. Cannot cache binder as linkToDeath cannot be implemented. serviceName: android.hardware.graphics.allocator.IAllocator/default
06-20 10:38:07.163 13643 13670 V WindowManagerShell: 	LockTaskChangeListener init took 0ms
06-20 10:38:07.170 13643 13670 V WindowManagerShell: 	WindowDecorationGestureExclusionTracker init took 7ms
06-20 10:38:07.172 13643 13670 V WindowManagerShell: Adding dump callback for DesktopModeWindowDecorViewModel
06-20 10:38:07.173 13643 13670 V WindowManagerShell: 	DesktopModeWindowDecorViewModel init took 0ms
06-20 10:38:07.180 13643 13643 I FalsingManager: xdpi, ydpi: 420.0, 420.0
06-20 10:38:07.181 13643 13643 I FalsingManager: width, height: 1080, 2400
06-20 10:38:07.181 13688 13688 W libbinder.BackendUnifiedServiceManager: Thread Pool max thread count is 0. Cannot cache binder as linkToDeath cannot be implemented. serviceName: appops
06-20 10:38:07.181 13709 13709 W libbinder.BackendUnifiedServiceManager: Thread Pool max thread count is 0. Cannot cache binder as linkToDeath cannot be implemented. serviceName: android.hardware.graphics.composer3.IComposer/default
06-20 10:38:07.181 13709 13709 E libbinder.IPCThreadState: Binder transaction failure. id: 2094893, cmd: BR_FAILED_REPLY (29201), error: -1 (Operation not permitted)
06-20 10:38:07.184 13643 13670 V WindowManagerShell: 	RootDisplayAreaOrganizer init took 9ms
06-20 10:38:07.184 13709 13709 W libbinder.BackendUnifiedServiceManager: Thread Pool max thread count is 0. Cannot cache binder as linkToDeath cannot be implemented. serviceName: android.hardware.health.IHealth/default
06-20 10:38:07.184 13709 13709 E libbinder.IPCThreadState: Binder transaction failure. id: 2094898, cmd: BR_FAILED_REPLY (29201), error: -1 (Operation not permitted)
06-20 10:38:07.185 13643 13670 V WindowManagerShell: Adding dump callback for SplitScreenController
06-20 10:38:07.188 13688 13688 W libbinder.BackendUnifiedServiceManager: Thread Pool max thread count is 0. Cannot cache binder as linkToDeath cannot be implemented. serviceName: appwidget
06-20 10:38:07.188 13643 13670 V WindowManagerShell: Adding command class splitscreen for SplitScreenController
06-20 10:38:07.189 13709 13709 W libbinder.BackendUnifiedServiceManager: Thread Pool max thread count is 0. Cannot cache binder as linkToDeath cannot be implemented. serviceName: android.hardware.identity.IIdentityCredentialStore/default
06-20 10:38:07.189 13709 13709 E libbinder.IPCThreadState: Binder transaction failure. id: 2094912, cmd: BR_FAILED_REPLY (29201), error: -1 (Operation not permitted)
06-20 10:38:07.193 13643 13670 V WindowManagerShell: Adding external interface from SplitScreenController with key com.android.wm.shell.splitscreen.ISplitScreen
06-20 10:38:07.193 13709 13709 W libbinder.BackendUnifiedServiceManager: Thread Pool max thread count is 0. Cannot cache binder as linkToDeath cannot be implemented. serviceName: android.hardware.light.ILights/default
06-20 10:38:07.193 13709 13709 E libbinder.IPCThreadState: Binder transaction failure. id: 2094918, cmd: BR_FAILED_REPLY (29201), error: -1 (Operation not permitted)
06-20 10:38:07.198 13709 13709 W libbinder.BackendUnifiedServiceManager: Thread Pool max thread count is 0. Cannot cache binder as linkToDeath cannot be implemented. serviceName: android.hardware.media.c2.IComponentStore/software
06-20 10:38:07.198 13688 13688 E libbinder.IPCThreadState: Binder transaction failure. id: 2094928, cmd: BR_FAILED_REPLY (29201), error: -1 (Operation not permitted)
06-20 10:38:07.201 13643 13705 W DL2025Feature: isFeatureEnabled getting info failed
06-20 10:38:07.201 13643 13705 W DL2025Feature: java.lang.IllegalArgumentException: Unknown component: ComponentInfo{com.google.android.apps.dreamliner/com.google.android.apps.dreamliner.settings.kitt.ChargingExperienceReceiver}
06-20 10:38:07.201 13643 13705 W DL2025Feature: 	at android.os.Parcel.createExceptionOrNull(Parcel.java:3377)
06-20 10:38:07.201 13643 13705 W DL2025Feature: 	at android.os.Parcel.createException(Parcel.java:3357)
06-20 10:38:07.201 13643 13705 W DL2025Feature: 	at android.os.Parcel.readException(Parcel.java:3340)
06-20 10:38:07.201 13643 13705 W DL2025Feature: 	at android.os.Parcel.readException(Parcel.java:3282)
06-20 10:38:07.201 13643 13705 W DL2025Feature: 	at android.content.pm.IPackageManager$Stub$Proxy.getComponentEnabledSetting(IPackageManager.java:6440)
06-20 10:38:07.201 13643 13705 W DL2025Feature: 	at android.app.ApplicationPackageManager.getComponentEnabledSetting(ApplicationPackageManager.java:3301)
06-20 10:38:07.201 13643 13705 W DL2025Feature: 	at com.google.android.systemui.dreamliner.kitt.KittFeatureStateRepository.access$doUpdateState(go/retraceme d7434036f30927423ce8aca1e3c453e1261a0e8c346035197b57fdd4a4917e53:105)
06-20 10:38:07.201 13643 13705 W DL2025Feature: 	at com.google.android.systemui.dreamliner.kitt.KittFeatureStateRepository$doUpdateState$1.invokeSuspend(go/retraceme d7434036f30927423ce8aca1e3c453e1261a0e8c346035197b57fdd4a4917e53:12)
06-20 10:38:07.201 13643 13705 W DL2025Feature: 	at kotlin.coroutines.jvm.internal.BaseContinuationImpl.resumeWith(go/retraceme d7434036f30927423ce8aca1e3c453e1261a0e8c346035197b57fdd4a4917e53:8)
06-20 10:38:07.201 13643 13705 W DL2025Feature: 	at kotlinx.coroutines.DispatchedTask.run(go/retraceme d7434036f30927423ce8aca1e3c453e1261a0e8c346035197b57fdd4a4917e53:110)
06-20 10:38:07.201 13643 13705 W DL2025Feature: 	at java.util.concurrent.Executors$RunnableAdapter.call(Executors.java:520)
06-20 10:38:07.201 13643 13705 W DL2025Feature: 	at java.util.concurrent.FutureTask.run(FutureTask.java:317)
06-20 10:38:07.201 13643 13705 W DL2025Feature: 	at java.util.concurrent.ScheduledThreadPoolExecutor$ScheduledFutureTask.run(ScheduledThreadPoolExecutor.java:348)
06-20 10:38:07.201 13643 13705 W DL2025Feature: 	at java.util.concurrent.ThreadPoolExecutor.runWorker(ThreadPoolExecutor.java:1154)
06-20 10:38:07.201 13643 13705 W DL2025Feature: 	at java.util.concurrent.ThreadPoolExecutor$Worker.run(ThreadPoolExecutor.java:652)
06-20 10:38:07.201 13643 13705 W DL2025Feature: 	at java.lang.Thread.run(Thread.java:1563)
06-20 10:38:07.203 13688 13688 W libbinder.BackendUnifiedServiceManager: Thread Pool max thread count is 0. Cannot cache binder as linkToDeath cannot be implemented. serviceName: attestation_verification
06-20 10:38:07.206 13643 13670 V ShellTaskOrganizer: createRootTask() displayId=0 winMode=1 listener=com.android.wm.shell.splitscreen.StageCoordinator@74f8ce5
06-20 10:38:07.207 13709 13709 W libbinder.BackendUnifiedServiceManager: Thread Pool max thread count is 0. Cannot cache binder as linkToDeath cannot be implemented. serviceName: android.hardware.neuralnetworks.IDevice/nnapi-sample_all
06-20 10:38:07.210 13643 13670 V ShellTaskOrganizer: setPendingLaunchCookieListener(): cookie=android.os.Binder@7eaf3ba listener=com.android.wm.shell.splitscreen.StageCoordinator@74f8ce5
06-20 10:38:07.211 13688 13688 W libbinder.BackendUnifiedServiceManager: Thread Pool max thread count is 0. Cannot cache binder as linkToDeath cannot be implemented. serviceName: audio
06-20 10:38:07.215 13717 13717 W libbinder.BackendUnifiedServiceManager: Thread Pool max thread count is 0. Cannot cache binder as linkToDeath cannot be implemented. serviceName: DockObserver
06-20 10:38:07.216 13688 13688 W libbinder.BackendUnifiedServiceManager: Thread Pool max thread count is 0. Cannot cache binder as linkToDeath cannot be implemented. serviceName: auth
06-20 10:38:07.216 13643 13711 I PluginActionManager[com.android.systemui.action.FALSING_PLUGIN]: Found 0 plugins
06-20 10:38:07.217 13717 13717 E libbinder.Parcel: Reading a NULL string not supported here.
06-20 10:38:07.220 13643 13705 D DL2025Feature: updated feature state to false
06-20 10:38:07.224 13717 13717 W libbinder.BackendUnifiedServiceManager: Thread Pool max thread count is 0. Cannot cache binder as linkToDeath cannot be implemented. serviceName: SurfaceFlinger
06-20 10:38:07.228 13688 13688 W libbinder.BackendUnifiedServiceManager: Thread Pool max thread count is 0. Cannot cache binder as linkToDeath cannot be implemented. serviceName: authentication_policy
