06-20 10:44:02.165 14905 15275 W BugleRcs: 	at dqlo.run(PG:61)
06-20 10:44:02.166 14905 15275 W BugleRcs: No rcs provisioning id found for a given sub id. [CONTEXT x_message_id=-155969971918349433 work_id="7fccd4a3-9fb4-47c2-b389-281f952fa3d6" pipeline_type="SmsReceivePipeline" ]
06-20 10:44:02.166 14905 15275 W BugleRcs: ekru: FULL
06-20 10:44:02.166 14905 15275 W BugleRcs: 	at dgia.q(PG:93)
06-20 10:44:02.166 14905 15275 W BugleRcs: 	at ckif.k(PG:3)
06-20 10:44:02.166 14905 15275 W BugleRcs: 	at ajjf.j(PG:67)
06-20 10:44:02.166 14905 15275 W BugleRcs: 	at ajhg.call(PG:236)
06-20 10:44:02.166 14905 15275 W BugleRcs: 	at eihv.call(PG:13)
06-20 10:44:02.166 14905 15275 W BugleRcs: 	at eoqd.a(PG:3)
06-20 10:44:02.166 14905 15275 W BugleRcs: 	at eory.run(PG:19)
06-20 10:44:02.166 14905 15275 W BugleRcs: 	at dqkn.run(PG:7)
06-20 10:44:02.166 14905 15275 W BugleRcs: 	at java.util.concurrent.ThreadPoolExecutor.runWorker(ThreadPoolExecutor.java:1154)
06-20 10:44:02.166 14905 15275 W BugleRcs: 	at java.util.concurrent.ThreadPoolExecutor$Worker.run(ThreadPoolExecutor.java:652)
06-20 10:44:02.166 14905 15275 W BugleRcs: 	at dqju.run(PG:6)
06-20 10:44:02.166 14905 15275 W BugleRcs: 	at java.lang.Thread.run(Thread.java:1563)
06-20 10:44:02.166 14905 15275 W BugleRcs: 	at dqlo.run(PG:61)
06-20 10:44:01.558 16228 16228 W service : type=1400 audit(0.0:72801): avc:  denied  { call } for  scontext=u:r:shell:s0 tcontext=u:r:hal_fingerprint_default:s0 tclass=binder permissive=0
06-20 10:44:02.180 14905 15275 I BugleConnectivity: isOnSatellite(1): false [CONTEXT x_message_id=-155969971918349433 work_id="7fccd4a3-9fb4-47c2-b389-281f952fa3d6" pipeline_type="SmsReceivePipeline" ]
06-20 10:44:02.181 14905 15275 I BugleConnectivity: 1 is not on satellite and no other subscriptions are on satellite [CONTEXT x_message_id=-155969971918349433 work_id="7fccd4a3-9fb4-47c2-b389-281f952fa3d6" pipeline_type="SmsReceivePipeline" ]
06-20 10:44:02.188 16226 16226 W libbinder.BackendUnifiedServiceManager: Thread Pool max thread count is 0. Cannot cache binder as linkToDeath cannot be implemented. serviceName: android.system.net.netd.INetd/default
06-20 10:44:02.188  1219  1530 W libbinder.Binder: Binder transaction to android.content.IContentProvider code 3 took 8360ms. Data bytes: 828 Reply bytes: 28 Flags: 18
06-20 10:44:02.196 16240 16240 W libbinder.BackendUnifiedServiceManager: Thread Pool max thread count is 0. Cannot cache binder as linkToDeath cannot be implemented. serviceName: android.frameworks.devicestate.IDeviceStateService/default
06-20 10:44:02.207 16240 16240 W libbinder.BackendUnifiedServiceManager: Thread Pool max thread count is 0. Cannot cache binder as linkToDeath cannot be implemented. serviceName: android.frameworks.location.altitude.IAltitudeService/default
06-20 10:44:02.228  8971  8982 I artd    : GetBestInfo: /data/user_de/0/com.google.android.gms/app_chimera/m/0000000f/dl-MlkitBarcodeUi.optional_261934100800.apk has no usable artifacts
06-20 10:44:02.231   713   713 D MediaPlayerService: onAudioDeviceUpdate deviceIds: 2
06-20 10:44:02.249 16240 16240 W libbinder.BackendUnifiedServiceManager: Thread Pool max thread count is 0. Cannot cache binder as linkToDeath cannot be implemented. serviceName: android.frameworks.sensorservice.ISensorManager/default
06-20 10:44:02.256 16228 16228 E libbinder.IPCThreadState: Binder transaction failure. id: 2320532, cmd: BR_FAILED_REPLY (29201), error: -1 (Operation not permitted)
06-20 10:44:02.260 13643 13720 W MessageQueue: Handler (android.media.MediaPlayer$EventHandler) {5a8f1be} sending message to a Handler on a dead thread
06-20 10:44:02.260 13643 13720 W MessageQueue: java.lang.IllegalStateException: Handler (android.media.MediaPlayer$EventHandler) {5a8f1be} sending message to a Handler on a dead thread
06-20 10:44:02.260 13643 13720 W MessageQueue: 	at android.os.MessageQueue.logDeadThread(MessageQueue.java:1452)
06-20 10:44:02.260 13643 13720 W MessageQueue: 	at android.os.MessageQueue.enqueueMessageLegacy(MessageQueue.java:1465)
06-20 10:44:02.260 13643 13720 W MessageQueue: 	at android.os.MessageQueue.enqueueMessage(MessageQueue.java:1539)
06-20 10:44:02.260 13643 13720 W MessageQueue: 	at android.os.Handler.enqueueMessage(Handler.java:829)
06-20 10:44:02.260 13643 13720 W MessageQueue: 	at android.os.Handler.sendMessageAtTime(Handler.java:771)
06-20 10:44:02.260 13643 13720 W MessageQueue: 	at android.os.Handler.sendMessageDelayed(Handler.java:741)
06-20 10:44:02.260 13643 13720 W MessageQueue: 	at android.os.Handler.sendMessage(Handler.java:679)
06-20 10:44:02.260 13643 13720 W MessageQueue: 	at android.media.MediaPlayer.postEventFromNative(MediaPlayer.java:3900)
06-20 10:44:02.261 13643 13720 W MessageQueue: Handler (android.media.MediaPlayer$EventHandler) {5a8f1be} sending message to a Handler on a dead thread
06-20 10:44:02.261 13643 13720 W MessageQueue: java.lang.IllegalStateException: Handler (android.media.MediaPlayer$EventHandler) {5a8f1be} sending message to a Handler on a dead thread
06-20 10:44:02.261 13643 13720 W MessageQueue: 	at android.os.MessageQueue.logDeadThread(MessageQueue.java:1452)
06-20 10:44:02.261 13643 13720 W MessageQueue: 	at android.os.MessageQueue.enqueueMessageLegacy(MessageQueue.java:1465)
06-20 10:44:02.261 13643 13720 W MessageQueue: 	at android.os.MessageQueue.enqueueMessage(MessageQueue.java:1539)
06-20 10:44:02.261 13643 13720 W MessageQueue: 	at android.os.Handler.enqueueMessage(Handler.java:829)
06-20 10:44:02.261 13643 13720 W MessageQueue: 	at android.os.Handler.sendMessageAtTime(Handler.java:771)
06-20 10:44:02.261 13643 13720 W MessageQueue: 	at android.os.Handler.sendMessageDelayed(Handler.java:741)
06-20 10:44:02.261 13643 13720 W MessageQueue: 	at android.os.Handler.sendMessage(Handler.java:679)
06-20 10:44:02.261 13643 13720 W MessageQueue: 	at android.media.MediaPlayer.postEventFromNative(MediaPlayer.java:3900)
06-20 10:44:02.261 16228 16228 W libbinder.BackendUnifiedServiceManager: Thread Pool max thread count is 0. Cannot cache binder as linkToDeath cannot be implemented. serviceName: android.hardware.media.c2.IComponentStore/software
06-20 10:44:02.276 16228 16228 W libbinder.BackendUnifiedServiceManager: Thread Pool max thread count is 0. Cannot cache binder as linkToDeath cannot be implemented. serviceName: android.hardware.neuralnetworks.IDevice/nnapi-sample_all
06-20 10:44:02.280 16226 16226 E libbinder.IPCThreadState: Binder transaction failure. id: 2320635, cmd: BR_FAILED_REPLY (29201), error: -1 (Operation not permitted)
06-20 10:44:02.287 16226 16226 W libbinder.BackendUnifiedServiceManager: Thread Pool max thread count is 0. Cannot cache binder as linkToDeath cannot be implemented. serviceName: android.system.suspend.ISystemSuspend/default
06-20 10:44:02.299 16228 16228 W libbinder.BackendUnifiedServiceManager: Thread Pool max thread count is 0. Cannot cache binder as linkToDeath cannot be implemented. serviceName: android.hardware.neuralnetworks.IDevice/nnapi-sample_quant
06-20 10:44:02.305 16240 16240 W libbinder.BackendUnifiedServiceManager: Thread Pool max thread count is 0. Cannot cache binder as linkToDeath cannot be implemented. serviceName: android.frameworks.stats.IStats/default
06-20 10:44:02.318 16240 16240 W libbinder.BackendUnifiedServiceManager: Thread Pool max thread count is 0. Cannot cache binder as linkToDeath cannot be implemented. serviceName: android.frameworks.vibrator.IVibratorControlService/default
06-20 10:44:02.318 10045 15940 I .apps.wellbeing: Explicit concurrent mark compact GC freed 680KB AllocSpace bytes, 0(0B) LOS objects, 24% free, 3294KB/4393KB, paused 138.277ms,17.710ms total 2.812s
06-20 10:44:02.321 16228 16228 W libbinder.BackendUnifiedServiceManager: Thread Pool max thread count is 0. Cannot cache binder as linkToDeath cannot be implemented. serviceName: android.hardware.neuralnetworks.IDevice/nnapi-sample_sl_shim
06-20 10:44:02.325  8971  8982 I artd    : GetBestInfo: /data/user_de/0/com.google.android.gms/app_chimera/m/0000000d/dl-Appsearch.optional_261934100800.apk has no usable artifacts
06-20 10:44:02.329 16228 16228 W libbinder.BackendUnifiedServiceManager: Thread Pool max thread count is 0. Cannot cache binder as linkToDeath cannot be implemented. serviceName: android.hardware.power.IPower/default
06-20 10:44:02.348 16226 16226 E libbinder.IPCThreadState: Binder transaction failure. id: 2320691, cmd: BR_FAILED_REPLY (29201), error: -1 (Operation not permitted)
06-20 10:44:02.352 16226 16226 W libbinder.BackendUnifiedServiceManager: Thread Pool max thread count is 0. Cannot cache binder as linkToDeath cannot be implemented. serviceName: android.system.vmtethering.IVmTethering
06-20 10:44:02.352 16240 16240 W libbinder.BackendUnifiedServiceManager: Thread Pool max thread count is 0. Cannot cache binder as linkToDeath cannot be implemented. serviceName: android.hardware.authsecret.IAuthSecret/default
06-20 10:44:02.368   713 16245 D GenericSource: FileSource remote
06-20 10:44:02.381  8971  8982 I artd    : GetBestInfo: /data/user_de/0/com.google.android.gms/app_chimera/m/00000007/MeasurementDynamite.apk has no usable artifacts
06-20 10:44:02.393   803   803 W Looper  : Slow delivery took 1647ms main app=system_server main=true group=FOREGROUND h=com.android.server.alarm.AlarmManagerService$AlarmHandler c=com.android.server.alarm.AlarmManagerService$2$$ExternalSyntheticLambda0@6613b77 m=0
06-20 10:44:02.409   713 16196 D AudioTrack: getTimestamp_l(16): device stall time corrected using current time 2370547456153
06-20 10:44:02.415 16228 16228 E libbinder.IPCThreadState: Binder transaction failure. id: 2320734, cmd: BR_FAILED_REPLY (29201), error: -1 (Operation not permitted)
06-20 10:44:02.423 16240 16240 E libbinder.IPCThreadState: Binder transaction failure. id: 2320745, cmd: BR_FAILED_REPLY (29201), error: -1 (Operation not permitted)
06-20 10:44:02.429 16228 16228 W libbinder.BackendUnifiedServiceManager: Thread Pool max thread count is 0. Cannot cache binder as linkToDeath cannot be implemented. serviceName: android.hardware.power.stats.IPowerStats/default
06-20 10:44:02.433 16240 16240 E libbinder.IPCThreadState: Binder transaction failure. id: 2320806, cmd: BR_FAILED_REPLY (29201), error: -1 (Operation not permitted)
06-20 10:44:02.434 16228 16228 E libbinder.IPCThreadState: Binder transaction failure. id: 2320804, cmd: BR_FAILED_REPLY (29201), error: -1 (Operation not permitted)
06-20 10:44:02.453 16240 16240 W libbinder.BackendUnifiedServiceManager: Thread Pool max thread count is 0. Cannot cache binder as linkToDeath cannot be implemented. serviceName: android.hardware.bluetooth.IBluetoothHci/default
06-20 10:44:02.453 16240 16240 E libbinder.IPCThreadState: Binder transaction failure. id: 2320835, cmd: BR_FAILED_REPLY (29201), error: -1 (Operation not permitted)
06-20 10:44:02.461 16228 16228 W libbinder.BackendUnifiedServiceManager: Thread Pool max thread count is 0. Cannot cache binder as linkToDeath cannot be implemented. serviceName: android.hardware.radio.config.IRadioConfig/default
06-20 10:44:02.463 16240 16240 W libbinder.BackendUnifiedServiceManager: Thread Pool max thread count is 0. Cannot cache binder as linkToDeath cannot be implemented. serviceName: android.hardware.bluetooth.audio.IBluetoothAudioProviderFactory/default
06-20 10:44:02.463 16240 16240 E libbinder.IPCThreadState: Binder transaction failure. id: 2320846, cmd: BR_FAILED_REPLY (29201), error: -1 (Operation not permitted)
06-20 10:44:02.464 16228 16228 E libbinder.IPCThreadState: Binder transaction failure. id: 2320844, cmd: BR_FAILED_REPLY (29201), error: -1 (Operation not permitted)
06-20 10:44:02.469 16240 16240 W libbinder.BackendUnifiedServiceManager: Thread Pool max thread count is 0. Cannot cache binder as linkToDeath cannot be implemented. serviceName: android.hardware.bluetooth.offload.leaudio.IHciProxy/default
06-20 10:44:02.471 16228 16228 W libbinder.BackendUnifiedServiceManager: Thread Pool max thread count is 0. Cannot cache binder as linkToDeath cannot be implemented. serviceName: android.hardware.radio.data.IRadioData/slot1
06-20 10:44:02.472   803   803 W Looper  : Slow dispatch took 713ms main app=system_server main=true group=FOREGROUND h=com.android.server.alarm.AlarmManagerService$AlarmHandler c=com.android.server.alarm.AlarmManagerService$2$$ExternalSyntheticLambda0@6613b77 m=0
06-20 10:44:02.472 16228 16228 E libbinder.IPCThreadState: Binder transaction failure. id: 2320855, cmd: BR_FAILED_REPLY (29201), error: -1 (Operation not permitted)
06-20 10:44:02.473   803 16161 W ProcessCpuTracker: Failed to stat(/proc/662/task/16227): android.system.ErrnoException: stat failed: ENOENT (No such file or directory)
06-20 10:44:02.473   803 16161 W ProcessCpuTracker: Skipping unknown process pid 16227
06-20 10:44:02.477 16240 16240 E libbinder.IPCThreadState: Binder transaction failure. id: 2320853, cmd: BR_FAILED_REPLY (29201), error: -1 (Operation not permitted)
06-20 10:44:02.480   803   820 W ActivityManager: Slow operation: 1380ms so far, now at finishAttachApplicationInner: after updateOomAdjLocked
06-20 10:44:02.484 16228 16228 W libbinder.BackendUnifiedServiceManager: Thread Pool max thread count is 0. Cannot cache binder as linkToDeath cannot be implemented. serviceName: android.hardware.radio.ims.IRadioIms/slot1
06-20 10:44:02.485   803   820 W libbinder.Binder: Binder transaction to android.app.IActivityManager code 31 took 1384ms. Data bytes: 92 Reply bytes: 4 Flags: 18
06-20 10:44:02.485 16240 16240 W libbinder.BackendUnifiedServiceManager: Thread Pool max thread count is 0. Cannot cache binder as linkToDeath cannot be implemented. serviceName: android.hardware.camera.provider.ICameraProvider/internal/0
06-20 10:44:02.486 16240 16240 E libbinder.IPCThreadState: Binder transaction failure. id: 2320867, cmd: BR_FAILED_REPLY (29201), error: -1 (Operation not permitted)
06-20 10:44:02.489 16228 16228 E libbinder.IPCThreadState: Binder transaction failure. id: 2320863, cmd: BR_FAILED_REPLY (29201), error: -1 (Operation not permitted)
06-20 10:44:02.535 16240 16240 W libbinder.BackendUnifiedServiceManager: Thread Pool max thread count is 0. Cannot cache binder as linkToDeath cannot be implemented. serviceName: android.hardware.camera.provider.ICameraProvider/internal/1
06-20 10:44:02.551 16240 16240 E libbinder.IPCThreadState: Binder transaction failure. id: 2320873, cmd: BR_FAILED_REPLY (29201), error: -1 (Operation not permitted)
06-20 10:44:02.551 10045 15940 W libbinder.Binder: Binder transaction to android.app.IApplicationThread code 32 took 3189ms. Data bytes: 1412 Reply bytes: 0 Flags: 17
06-20 10:44:02.588 16240 16240 W libbinder.BackendUnifiedServiceManager: Thread Pool max thread count is 0. Cannot cache binder as linkToDeath cannot be implemented. serviceName: android.hardware.cas.IMediaCasService/default
06-20 10:44:02.588 16228 16228 W libbinder.BackendUnifiedServiceManager: Thread Pool max thread count is 0. Cannot cache binder as linkToDeath cannot be implemented. serviceName: android.hardware.radio.ims.media.IImsMedia/default
06-20 10:44:02.591 16228 16228 E libbinder.IPCThreadState: Binder transaction failure. id: 2320896, cmd: BR_FAILED_REPLY (29201), error: -1 (Operation not permitted)
06-20 10:44:02.591 16246 16246 W libbinder.BackendUnifiedServiceManager: Thread Pool max thread count is 0. Cannot cache binder as linkToDeath cannot be implemented. serviceName: activity
06-20 10:44:02.602 16228 16228 W libbinder.BackendUnifiedServiceManager: Thread Pool max thread count is 0. Cannot cache binder as linkToDeath cannot be implemented. serviceName: android.hardware.radio.messaging.IRadioMessaging/slot1
06-20 10:44:02.603 16228 16228 E libbinder.IPCThreadState: Binder transaction failure. id: 2320912, cmd: BR_FAILED_REPLY (29201), error: -1 (Operation not permitted)
06-20 10:44:02.606 13643 13643 D DLObserver: remove listener: com.android.systemui.dock.DockManagerExtensionsKt$retrieveIsDocked$1$callback$1@31f7a9f
06-20 10:44:02.612 16240 16240 W libbinder.BackendUnifiedServiceManager: Thread Pool max thread count is 0. Cannot cache binder as linkToDeath cannot be implemented. serviceName: android.hardware.contexthub.IContextHub/default
06-20 10:44:02.612 16240 16240 E libbinder.IPCThreadState: Binder transaction failure. id: 2320929, cmd: BR_FAILED_REPLY (29201), error: -1 (Operation not permitted)
06-20 10:44:02.613 16228 16228 W libbinder.BackendUnifiedServiceManager: Thread Pool max thread count is 0. Cannot cache binder as linkToDeath cannot be implemented. serviceName: android.hardware.radio.modem.IRadioModem/slot1
06-20 10:44:02.614 16228 16228 E libbinder.IPCThreadState: Binder transaction failure. id: 2320931, cmd: BR_FAILED_REPLY (29201), error: -1 (Operation not permitted)
06-20 10:44:02.619 15957 16249 I DisplayManager: Choreographer implicitly registered for the refresh rate.
06-20 10:44:02.620 16240 16240 W libbinder.BackendUnifiedServiceManager: Thread Pool max thread count is 0. Cannot cache binder as linkToDeath cannot be implemented. serviceName: android.hardware.drm.IDrmFactory/widevine
06-20 10:44:02.621 16228 16228 W libbinder.BackendUnifiedServiceManager: Thread Pool max thread count is 0. Cannot cache binder as linkToDeath cannot be implemented. serviceName: android.hardware.radio.network.IRadioNetwork/slot1
06-20 10:44:02.622 16228 16228 E libbinder.IPCThreadState: Binder transaction failure. id: 2320948, cmd: BR_FAILED_REPLY (29201), error: -1 (Operation not permitted)
06-20 10:44:02.628 16228 16228 W libbinder.BackendUnifiedServiceManager: Thread Pool max thread count is 0. Cannot cache binder as linkToDeath cannot be implemented. serviceName: android.hardware.radio.sap.ISap/slot1
06-20 10:44:02.628 16228 16228 E libbinder.IPCThreadState: Binder transaction failure. id: 2320955, cmd: BR_FAILED_REPLY (29201), error: -1 (Operation not permitted)
06-20 10:44:02.632 16228 16228 W libbinder.BackendUnifiedServiceManager: Thread Pool max thread count is 0. Cannot cache binder as linkToDeath cannot be implemented. serviceName: android.hardware.radio.sim.IRadioSim/slot1
06-20 10:44:02.633 16240 16240 E libbinder.IPCThreadState: Binder transaction failure. id: 2320968, cmd: BR_FAILED_REPLY (29201), error: -1 (Operation not permitted)
06-20 10:44:02.636 14905 15275 W Bugle   : BuglePhoneNumberUtils: canonicalizeMccMnc: invalid mccmnc. mcc: null, mnc: null [CONTEXT x_message_id=-155969971918349433 work_id="7fccd4a3-9fb4-47c2-b389-281f952fa3d6" pipeline_type="SmsReceivePipeline" ]
06-20 10:44:02.637 16240 16240 W libbinder.BackendUnifiedServiceManager: Thread Pool max thread count is 0. Cannot cache binder as linkToDeath cannot be implemented. serviceName: android.hardware.gatekeeper.IGatekeeper/default
06-20 10:44:02.637 16240 16240 E libbinder.IPCThreadState: Binder transaction failure. id: 2320972, cmd: BR_FAILED_REPLY (29201), error: -1 (Operation not permitted)
06-20 10:44:02.640 16228 16228 E libbinder.IPCThreadState: Binder transaction failure. id: 2320967, cmd: BR_FAILED_REPLY (29201), error: -1 (Operation not permitted)
06-20 10:44:02.550 16240 16240 W service : type=1400 audit(0.0:72836): avc:  denied  { call } for  scontext=u:r:shell:s0 tcontext=u:r:hal_camera_default:s0 tclass=binder permissive=0
06-20 10:44:02.645 13643 13643 D DLObserver: remove listener: com.android.systemui.dock.DockManagerExtensionsKt$retrieveIsDocked$1$callback$1@1bdd7ec
06-20 10:44:02.664 16228 16228 W libbinder.BackendUnifiedServiceManager: Thread Pool max thread count is 0. Cannot cache binder as linkToDeath cannot be implemented. serviceName: android.hardware.radio.voice.IRadioVoice/slot1
06-20 10:44:02.665 16228 16228 E libbinder.IPCThreadState: Binder transaction failure. id: 2320993, cmd: BR_FAILED_REPLY (29201), error: -1 (Operation not permitted)
06-20 10:44:02.669 16240 16240 E libbinder.IPCThreadState: Binder transaction failure. id: 2320999, cmd: BR_FAILED_REPLY (29201), error: -1 (Operation not permitted)
06-20 10:44:02.672 16228 16228 W libbinder.BackendUnifiedServiceManager: Thread Pool max thread count is 0. Cannot cache binder as linkToDeath cannot be implemented. serviceName: android.hardware.rebootescrow.IRebootEscrow/default
06-20 10:44:02.674 16228 16228 E libbinder.IPCThreadState: Binder transaction failure. id: 2321005, cmd: BR_FAILED_REPLY (29201), error: -1 (Operation not permitted)
06-20 10:44:02.676 16240 16240 W libbinder.BackendUnifiedServiceManager: Thread Pool max thread count is 0. Cannot cache binder as linkToDeath cannot be implemented. serviceName: android.hardware.graphics.allocator.IAllocator/default
06-20 10:44:02.586 16228 16228 W service : type=1400 audit(0.0:72837): avc:  denied  { call } for  scontext=u:r:shell:s0 tcontext=u:r:hal_radio_default:s0 tclass=binder permissive=0
06-20 10:44:02.694   803  1970 W libbinder.Binder: Binder transaction to android.content.pm.IPackageManager code 1598311760 took 8449ms. Data bytes: 80 Reply bytes: 4 Flags: 16
06-20 10:44:02.706 14905 15275 I SimSubscriptionInfoRetr: Found provisioning id for sub id in simStateCache. subId SubscriptionId(idValue=1): provisioning id: redacted-pii:sim_id[chars:20,last3:897] [CONTEXT x_message_id=-155969971918349433 work_id="7fccd4a3-9fb4-47c2-b389-281f952fa3d6" pipeline_type="SmsReceivePipeline" ]
06-20 10:44:02.713 13643 13643 D DLObserver: onDockEvent mDockState = 0
06-20 10:44:02.717 13643 13643 D DLObserver: onDockEvent mDockState = 0
06-20 10:44:02.722 13643 16207 D RingtonePlayer: AudioFocus was previously requested
06-20 10:44:02.760 16240 16240 W libbinder.BackendUnifiedServiceManager: Thread Pool max thread count is 0. Cannot cache binder as linkToDeath cannot be implemented. serviceName: android.hardware.graphics.composer3.IComposer/default
06-20 10:44:02.763 16240 16240 E libbinder.IPCThreadState: Binder transaction failure. id: 2321049, cmd: BR_FAILED_REPLY (29201), error: -1 (Operation not permitted)
06-20 10:44:02.765 13643 16207 D RingtonePlayer: notification will be delayed by 500ms
06-20 10:44:02.765 13643 13643 D DLObserver: onDockEvent mDockState = 0
06-20 10:44:02.769 16228 16228 W libbinder.BackendUnifiedServiceManager: Thread Pool max thread count is 0. Cannot cache binder as linkToDeath cannot be implemented. serviceName: android.hardware.security.keymint.IRemotelyProvisionedComponent/default
06-20 10:44:02.773 16240 16240 W libbinder.BackendUnifiedServiceManager: Thread Pool max thread count is 0. Cannot cache binder as linkToDeath cannot be implemented. serviceName: android.hardware.health.IHealth/default
06-20 10:44:02.773 16240 16240 E libbinder.IPCThreadState: Binder transaction failure. id: 2321067, cmd: BR_FAILED_REPLY (29201), error: -1 (Operation not permitted)
06-20 10:44:02.779 16240 16240 W libbinder.BackendUnifiedServiceManager: Thread Pool max thread count is 0. Cannot cache binder as linkToDeath cannot be implemented. serviceName: android.hardware.identity.IIdentityCredentialStore/default
06-20 10:44:02.780 16240 16240 E libbinder.IPCThreadState: Binder transaction failure. id: 2321073, cmd: BR_FAILED_REPLY (29201), error: -1 (Operation not permitted)
06-20 10:44:02.602 16228 16228 W service : type=1400 audit(0.0:72838): avc:  denied  { call } for  scontext=u:r:shell:s0 tcontext=u:r:hal_radio_default:s0 tclass=binder permissive=0
06-20 10:44:02.891 16240 16240 W libbinder.BackendUnifiedServiceManager: Thread Pool max thread count is 0. Cannot cache binder as linkToDeath cannot be implemented. serviceName: android.hardware.light.ILights/default
06-20 10:44:02.892 16240 16240 E libbinder.IPCThreadState: Binder transaction failure. id: 2321098, cmd: BR_FAILED_REPLY (29201), error: -1 (Operation not permitted)
06-20 10:44:02.610 16240 16240 W service : type=1400 audit(0.0:72839): avc:  denied  { call } for  scontext=u:r:shell:s0 tcontext=u:r:hal_contexthub_default:s0 tclass=binder permissive=0
06-20 10:44:02.983 14905 15248 D WM-GreedyScheduler: Ignoring {WorkSpec: da861570-b480-4410-9c23-af1606e381a3}. Requires ContentUri triggers.
06-20 10:44:02.983 14905 16109 I BugleTrustedContacts: Devices not under supervision, conversation notification should always be posted. [CONTEXT x_message_id=-155969971918349433 work_id="7fccd4a3-9fb4-47c2-b389-281f952fa3d6" pipeline_type="SmsReceivePipeline" class_name="ConversationTrustedContactsApi" ]
06-20 10:44:02.988 14905 15275 I BugleNotifications: queueDefaultNotification for conversationId=2, isSilent=false, shouldPostNotificationBasedOnParentalApproval=POST_INCOMING_MESSAGE_NOTIFICATION [CONTEXT x_message_id=-155969971918349433 work_id="7fccd4a3-9fb4-47c2-b389-281f952fa3d6" pipeline_type="SmsReceivePipeline" class_name="QueueStrategyDefault" ]
06-20 10:44:02.988 14905 15248 D WM-GreedyScheduler: Ignoring {WorkSpec: 1b648662-6c38-4068-8885-374f7ea362cb}. Requires ContentUri triggers.
06-20 10:44:02.989 14905 15248 D WM-GreedyScheduler: Ignoring {WorkSpec: 0f7f9c59-1844-4cb0-87a5-628114296889}. Requires ContentUri triggers.
06-20 10:44:02.992 16240 16240 W libbinder.BackendUnifiedServiceManager: Thread Pool max thread count is 0. Cannot cache binder as linkToDeath cannot be implemented. serviceName: android.hardware.media.c2.IComponentStore/software
06-20 10:44:02.993 14905 15248 D WM-GreedyScheduler: Starting tracking for 3fd40008-8331-41f8-9271-c07098eeb9d2,361e1b3c-40a5-435e-b547-32cbb781efef,fdc7fa84-84ee-4eb6-a44e-4ccecc4bafd6
06-20 10:44:02.997 14905 15248 I WM-WorkerWrapper: Worker result SUCCESS for Work [ id=c588eb0e-53c1-4f4d-9ba6-b2530531c0e2, tags={ com.google.android.apps.messaging.shared.datamodel.workqueue.WorkQueueWorkerShim,request_link_preview- } ]
06-20 10:44:02.610 16228 16228 W service : type=1400 audit(0.0:72840): avc:  denied  { call } for  scontext=u:r:shell:s0 tcontext=u:r:hal_radio_default:s0 tclass=binder permissive=0
06-20 10:44:03.052 16228 16228 W libbinder.BackendUnifiedServiceManager: Thread Pool max thread count is 0. Cannot cache binder as linkToDeath cannot be implemented. serviceName: android.hardware.security.sharedsecret.ISharedSecret/gatekeeper
06-20 10:44:03.089 14905 15163 I BugleNotifications: Saved current notification state
06-20 10:44:03.169 16228 16228 E libbinder.IPCThreadState: Binder transaction failure. id: 2321120, cmd: BR_FAILED_REPLY (29201), error: -1 (Operation not permitted)
06-20 10:44:03.177 16228 16228 W libbinder.BackendUnifiedServiceManager: Thread Pool max thread count is 0. Cannot cache binder as linkToDeath cannot be implemented. serviceName: android.hardware.sensors.ISensors/default
06-20 10:44:03.178 16228 16228 E libbinder.IPCThreadState: Binder transaction failure. id: 2321133, cmd: BR_FAILED_REPLY (29201), error: -1 (Operation not permitted)
06-20 10:44:03.216 14905 14905 D WM-Processor: qcu c588eb0e-53c1-4f4d-9ba6-b2530531c0e2 executed; reschedule = false
06-20 10:44:03.216 14905 14905 D WM-SystemJobService: c588eb0e-53c1-4f4d-9ba6-b2530531c0e2 executed on JobScheduler
06-20 10:44:03.217 14905 14905 D WM-GreedyScheduler: Stopping tracking for WorkGenerationalId(workSpecId=c588eb0e-53c1-4f4d-9ba6-b2530531c0e2, generation=0)
06-20 10:44:03.220 16228 16228 W libbinder.BackendUnifiedServiceManager: Thread Pool max thread count is 0. Cannot cache binder as linkToDeath cannot be implemented. serviceName: android.hardware.thermal.IThermal/default
06-20 10:44:03.220 16228 16228 E libbinder.IPCThreadState: Binder transaction failure. id: 2321139, cmd: BR_FAILED_REPLY (29201), error: -1 (Operation not permitted)
06-20 10:44:03.233 16228 16228 W libbinder.BackendUnifiedServiceManager: Thread Pool max thread count is 0. Cannot cache binder as linkToDeath cannot be implemented. serviceName: android.hardware.threadnetwork.IThreadChip/chip0
06-20 10:44:03.233 16228 16228 E libbinder.IPCThreadState: Binder transaction failure. id: 2321144, cmd: BR_FAILED_REPLY (29201), error: -1 (Operation not permitted)
06-20 10:44:03.245 16228 16228 W libbinder.BackendUnifiedServiceManager: Thread Pool max thread count is 0. Cannot cache binder as linkToDeath cannot be implemented. serviceName: android.hardware.usb.IUsb/default
06-20 10:44:03.248 16228 16228 E libbinder.IPCThreadState: Binder transaction failure. id: 2321152, cmd: BR_FAILED_REPLY (29201), error: -1 (Operation not permitted)
06-20 10:44:03.250 16240 16240 W libbinder.BackendUnifiedServiceManager: Thread Pool max thread count is 0. Cannot cache binder as linkToDeath cannot be implemented. serviceName: android.hardware.neuralnetworks.IDevice/nnapi-sample_all
06-20 10:44:03.252 16228 16228 W libbinder.BackendUnifiedServiceManager: Thread Pool max thread count is 0. Cannot cache binder as linkToDeath cannot be implemented. serviceName: android.hardware.uwb.IUwb/default
06-20 10:44:03.253 16228 16228 E libbinder.IPCThreadState: Binder transaction failure. id: 2321160, cmd: BR_FAILED_REPLY (29201), error: -1 (Operation not permitted)
06-20 10:44:03.285 16240 16240 W libbinder.BackendUnifiedServiceManager: Thread Pool max thread count is 0. Cannot cache binder as linkToDeath cannot be implemented. serviceName: android.hardware.neuralnetworks.IDevice/nnapi-sample_quant
06-20 10:44:03.287 16228 16228 W libbinder.BackendUnifiedServiceManager: Thread Pool max thread count is 0. Cannot cache binder as linkToDeath cannot be implemented. serviceName: android.hardware.vibrator.IVibrator/default
06-20 10:44:03.288 16228 16228 E libbinder.IPCThreadState: Binder transaction failure. id: 2321169, cmd: BR_FAILED_REPLY (29201), error: -1 (Operation not permitted)
06-20 10:44:03.297 16228 16228 W libbinder.BackendUnifiedServiceManager: Thread Pool max thread count is 0. Cannot cache binder as linkToDeath cannot be implemented. serviceName: android.hardware.vibrator.IVibratorManager/default
06-20 10:44:03.297 16228 16228 E libbinder.IPCThreadState: Binder transaction failure. id: 2321183, cmd: BR_FAILED_REPLY (29201), error: -1 (Operation not permitted)
06-20 10:44:03.358   803   803 W Looper  : Slow dispatch took 401ms main app=system_server main=true group=FOREGROUND h=com.android.server.notification.NotificationManagerService$WorkerHandler c=com.android.server.notification.NotificationManagerService$NotificationAssistants$$ExternalSyntheticLambda3@672cad6 m=0
06-20 10:44:03.358 15957 16236 W m.xxmauro.sayup: Verification of okio.BufferedSink okio.Okio__OkioKt.buffer(okio.Sink) took 120.881ms (107.54 bytecodes/s) (0B arena alloc)
06-20 10:44:03.360 16240 16240 W libbinder.BackendUnifiedServiceManager: Thread Pool max thread count is 0. Cannot cache binder as linkToDeath cannot be implemented. serviceName: android.hardware.neuralnetworks.IDevice/nnapi-sample_sl_shim
06-20 10:44:03.361 16228 16228 W libbinder.BackendUnifiedServiceManager: Thread Pool max thread count is 0. Cannot cache binder as linkToDeath cannot be implemented. serviceName: android.hardware.wifi.IWifi/default
06-20 10:44:03.362 16228 16228 E libbinder.IPCThreadState: Binder transaction failure. id: 2321195, cmd: BR_FAILED_REPLY (29201), error: -1 (Operation not permitted)
06-20 10:44:03.367 16240 16240 W libbinder.BackendUnifiedServiceManager: Thread Pool max thread count is 0. Cannot cache binder as linkToDeath cannot be implemented. serviceName: android.hardware.power.IPower/default
06-20 10:44:03.368 16240 16240 E libbinder.IPCThreadState: Binder transaction failure. id: 2321204, cmd: BR_FAILED_REPLY (29201), error: -1 (Operation not permitted)
06-20 10:44:03.369 16228 16228 W libbinder.BackendUnifiedServiceManager: Thread Pool max thread count is 0. Cannot cache binder as linkToDeath cannot be implemented. serviceName: android.hardware.wifi.supplicant.ISupplicant/default
06-20 10:44:03.370 16228 16228 E libbinder.IPCThreadState: Binder transaction failure. id: 2321206, cmd: BR_FAILED_REPLY (29201), error: -1 (Operation not permitted)
06-20 10:44:03.372 16240 16240 W libbinder.BackendUnifiedServiceManager: Thread Pool max thread count is 0. Cannot cache binder as linkToDeath cannot be implemented. serviceName: android.hardware.power.stats.IPowerStats/default
06-20 10:44:03.373 16240 16240 E libbinder.IPCThreadState: Binder transaction failure. id: 2321211, cmd: BR_FAILED_REPLY (29201), error: -1 (Operation not permitted)
06-20 10:44:03.376 16228 16228 W libbinder.BackendUnifiedServiceManager: Thread Pool max thread count is 0. Cannot cache binder as linkToDeath cannot be implemented. serviceName: android.security.apc
06-20 10:44:03.377 16240 16240 W libbinder.BackendUnifiedServiceManager: Thread Pool max thread count is 0. Cannot cache binder as linkToDeath cannot be implemented. serviceName: android.hardware.radio.config.IRadioConfig/default
06-20 10:44:03.396 16240 16240 E libbinder.IPCThreadState: Binder transaction failure. id: 2321223, cmd: BR_FAILED_REPLY (29201), error: -1 (Operation not permitted)
06-20 10:44:03.408 16228 16228 W libbinder.BackendUnifiedServiceManager: Thread Pool max thread count is 0. Cannot cache binder as linkToDeath cannot be implemented. serviceName: android.security.authorization
06-20 10:44:03.418 16228 16228 W libbinder.BackendUnifiedServiceManager: Thread Pool max thread count is 0. Cannot cache binder as linkToDeath cannot be implemented. serviceName: android.security.compat
06-20 10:44:03.425 16240 16240 W libbinder.BackendUnifiedServiceManager: Thread Pool max thread count is 0. Cannot cache binder as linkToDeath cannot be implemented. serviceName: android.hardware.radio.data.IRadioData/slot1
06-20 10:44:03.426 16240 16240 E libbinder.IPCThreadState: Binder transaction failure. id: 2321251, cmd: BR_FAILED_REPLY (29201), error: -1 (Operation not permitted)
06-20 10:44:03.428 16228 16228 W libbinder.BackendUnifiedServiceManager: Thread Pool max thread count is 0. Cannot cache binder as linkToDeath cannot be implemented. serviceName: android.security.identity
06-20 10:44:03.436 16240 16240 W libbinder.BackendUnifiedServiceManager: Thread Pool max thread count is 0. Cannot cache binder as linkToDeath cannot be implemented. serviceName: android.hardware.radio.ims.IRadioIms/slot1
06-20 10:44:03.436 16240 16240 E libbinder.IPCThreadState: Binder transaction failure. id: 2321262, cmd: BR_FAILED_REPLY (29201), error: -1 (Operation not permitted)
06-20 10:44:03.443 16228 16228 W libbinder.BackendUnifiedServiceManager: Thread Pool max thread count is 0. Cannot cache binder as linkToDeath cannot be implemented. serviceName: android.security.legacykeystore
06-20 10:44:03.446 16240 16240 W libbinder.BackendUnifiedServiceManager: Thread Pool max thread count is 0. Cannot cache binder as linkToDeath cannot be implemented. serviceName: android.hardware.radio.ims.media.IImsMedia/default
06-20 10:44:03.448 16240 16240 E libbinder.IPCThreadState: Binder transaction failure. id: 2321275, cmd: BR_FAILED_REPLY (29201), error: -1 (Operation not permitted)
06-20 10:44:03.458 16240 16240 W libbinder.BackendUnifiedServiceManager: Thread Pool max thread count is 0. Cannot cache binder as linkToDeath cannot be implemented. serviceName: android.hardware.radio.messaging.IRadioMessaging/slot1
06-20 10:44:03.463 16240 16240 E libbinder.IPCThreadState: Binder transaction failure. id: 2321284, cmd: BR_FAILED_REPLY (29201), error: -1 (Operation not permitted)
06-20 10:44:03.468 16240 16240 W libbinder.BackendUnifiedServiceManager: Thread Pool max thread count is 0. Cannot cache binder as linkToDeath cannot be implemented. serviceName: android.hardware.radio.modem.IRadioModem/slot1
06-20 10:44:03.471 16240 16240 E libbinder.IPCThreadState: Binder transaction failure. id: 2321290, cmd: BR_FAILED_REPLY (29201), error: -1 (Operation not permitted)
06-20 10:44:03.473 16240 16240 W libbinder.BackendUnifiedServiceManager: Thread Pool max thread count is 0. Cannot cache binder as linkToDeath cannot be implemented. serviceName: android.hardware.radio.network.IRadioNetwork/slot1
06-20 10:44:03.474 16240 16240 E libbinder.IPCThreadState: Binder transaction failure. id: 2321299, cmd: BR_FAILED_REPLY (29201), error: -1 (Operation not permitted)
06-20 10:44:03.476 16240 16240 W libbinder.BackendUnifiedServiceManager: Thread Pool max thread count is 0. Cannot cache binder as linkToDeath cannot be implemented. serviceName: android.hardware.radio.sap.ISap/slot1
06-20 10:44:03.477 16240 16240 E libbinder.IPCThreadState: Binder transaction failure. id: 2321305, cmd: BR_FAILED_REPLY (29201), error: -1 (Operation not permitted)
06-20 10:44:03.485 16240 16240 W libbinder.BackendUnifiedServiceManager: Thread Pool max thread count is 0. Cannot cache binder as linkToDeath cannot be implemented. serviceName: android.hardware.radio.sim.IRadioSim/slot1
06-20 10:44:03.487 16240 16240 E libbinder.IPCThreadState: Binder transaction failure. id: 2321313, cmd: BR_FAILED_REPLY (29201), error: -1 (Operation not permitted)
06-20 10:44:03.519 16240 16240 W libbinder.BackendUnifiedServiceManager: Thread Pool max thread count is 0. Cannot cache binder as linkToDeath cannot be implemented. serviceName: android.hardware.radio.voice.IRadioVoice/slot1
06-20 10:44:03.519 16240 16240 E libbinder.IPCThreadState: Binder transaction failure. id: 2321325, cmd: BR_FAILED_REPLY (29201), error: -1 (Operation not permitted)
06-20 10:44:03.525 16240 16240 W libbinder.BackendUnifiedServiceManager: Thread Pool max thread count is 0. Cannot cache binder as linkToDeath cannot be implemented. serviceName: android.hardware.rebootescrow.IRebootEscrow/default
06-20 10:44:03.525 16240 16240 E libbinder.IPCThreadState: Binder transaction failure. id: 2321335, cmd: BR_FAILED_REPLY (29201), error: -1 (Operation not permitted)
06-20 10:44:03.586   713 16239 I GenericSource: start
06-20 10:44:03.601 13643 16207 D RingtonePlayer: player.start piid:95
06-20 10:44:03.601 13643 16207 D RingtonePlayer: mp.pause+release piid:87
06-20 10:44:03.644   713   713 D NuPlayerDriver: pause(0x78061f412d10)
06-20 10:44:03.648 16240 16240 W libbinder.BackendUnifiedServiceManager: Thread Pool max thread count is 0. Cannot cache binder as linkToDeath cannot be implemented. serviceName: android.hardware.security.keymint.IRemotelyProvisionedComponent/default
06-20 10:44:03.652 15957 15957 W m.xxmauro.sayup: Verification of void androidx.activity.ComponentActivity.<init>() took 169.940ms (1282.80 bytecodes/s) (0B arena alloc)
06-20 10:44:03.843 15957 15957 W m.xxmauro.sayup: Verification of void androidx.activity.ComponentActivity.initViewTreeOwners() took 189.793ms (295.06 bytecodes/s) (0B arena alloc)
06-20 10:44:03.893 16240 16240 W libbinder.BackendUnifiedServiceManager: Thread Pool max thread count is 0. Cannot cache binder as linkToDeath cannot be implemented. serviceName: android.hardware.security.sharedsecret.ISharedSecret/gatekeeper
06-20 10:44:03.894 16240 16240 E libbinder.IPCThreadState: Binder transaction failure. id: 2321436, cmd: BR_FAILED_REPLY (29201), error: -1 (Operation not permitted)
06-20 10:44:03.897 16240 16240 W libbinder.BackendUnifiedServiceManager: Thread Pool max thread count is 0. Cannot cache binder as linkToDeath cannot be implemented. serviceName: android.hardware.sensors.ISensors/default
06-20 10:44:03.897 16240 16240 E libbinder.IPCThreadState: Binder transaction failure. id: 2321444, cmd: BR_FAILED_REPLY (29201), error: -1 (Operation not permitted)
06-20 10:44:03.900 16253 16253 W libbinder.BackendUnifiedServiceManager: Thread Pool max thread count is 0. Cannot cache binder as linkToDeath cannot be implemented. serviceName: activity
06-20 10:44:03.929 16240 16240 W libbinder.BackendUnifiedServiceManager: Thread Pool max thread count is 0. Cannot cache binder as linkToDeath cannot be implemented. serviceName: android.hardware.thermal.IThermal/default
06-20 10:44:03.929 16240 16240 E libbinder.IPCThreadState: Binder transaction failure. id: 2321453, cmd: BR_FAILED_REPLY (29201), error: -1 (Operation not permitted)
06-20 10:44:03.936 16240 16240 W libbinder.BackendUnifiedServiceManager: Thread Pool max thread count is 0. Cannot cache binder as linkToDeath cannot be implemented. serviceName: android.hardware.threadnetwork.IThreadChip/chip0
06-20 10:44:03.937 16240 16240 E libbinder.IPCThreadState: Binder transaction failure. id: 2321457, cmd: BR_FAILED_REPLY (29201), error: -1 (Operation not permitted)
06-20 10:44:03.943 16240 16240 W libbinder.BackendUnifiedServiceManager: Thread Pool max thread count is 0. Cannot cache binder as linkToDeath cannot be implemented. serviceName: android.hardware.usb.IUsb/default
06-20 10:44:03.943 16240 16240 E libbinder.IPCThreadState: Binder transaction failure. id: 2321466, cmd: BR_FAILED_REPLY (29201), error: -1 (Operation not permitted)
06-20 10:44:03.965 16240 16240 W libbinder.BackendUnifiedServiceManager: Thread Pool max thread count is 0. Cannot cache binder as linkToDeath cannot be implemented. serviceName: android.hardware.uwb.IUwb/default
06-20 10:44:03.969 16240 16240 E libbinder.IPCThreadState: Binder transaction failure. id: 2321477, cmd: BR_FAILED_REPLY (29201), error: -1 (Operation not permitted)
06-20 10:44:03.981   713   762 D BufferPoolAccessor2.0: bufferpool2 0x78067f40d318 : 8(262144 size) total buffers - 4(131072 size) used buffers - 10/18 (recycle/alloc) - 11/32 (fetch/transfer)
06-20 10:44:03.984 13643 13905 W MessageQueue: Handler (android.media.MediaPlayer$EventHandler) {5a8f1be} sending message to a Handler on a dead thread
06-20 10:44:03.984 13643 13905 W MessageQueue: java.lang.IllegalStateException: Handler (android.media.MediaPlayer$EventHandler) {5a8f1be} sending message to a Handler on a dead thread
06-20 10:44:03.984 13643 13905 W MessageQueue: 	at android.os.MessageQueue.logDeadThread(MessageQueue.java:1452)
06-20 10:44:03.984 13643 13905 W MessageQueue: 	at android.os.MessageQueue.enqueueMessageLegacy(MessageQueue.java:1465)
06-20 10:44:03.984 13643 13905 W MessageQueue: 	at android.os.MessageQueue.enqueueMessage(MessageQueue.java:1539)
06-20 10:44:03.984 13643 13905 W MessageQueue: 	at android.os.Handler.enqueueMessage(Handler.java:829)
06-20 10:44:03.984 13643 13905 W MessageQueue: 	at android.os.Handler.sendMessageAtTime(Handler.java:771)
06-20 10:44:03.984 13643 13905 W MessageQueue: 	at android.os.Handler.sendMessageDelayed(Handler.java:741)
06-20 10:44:03.984 13643 13905 W MessageQueue: 	at android.os.Handler.sendMessage(Handler.java:679)
06-20 10:44:03.984 13643 13905 W MessageQueue: 	at android.media.MediaPlayer.postEventFromNative(MediaPlayer.java:3900)
06-20 10:44:03.985 14905 15275 I BugleNotifications: queued notification work item for conversation 2 [CONTEXT x_message_id=-155969971918349433 work_id="7fccd4a3-9fb4-47c2-b389-281f952fa3d6" pipeline_type="SmsReceivePipeline" ]
06-20 10:44:03.890 16240 16240 W service : type=1400 audit(0.0:72876): avc:  denied  { call } for  scontext=u:r:shell:s0 tcontext=u:r:hal_gatekeeper_default:s0 tclass=binder permissive=0
06-20 10:44:04.035 16240 16240 W libbinder.BackendUnifiedServiceManager: Thread Pool max thread count is 0. Cannot cache binder as linkToDeath cannot be implemented. serviceName: android.hardware.vibrator.IVibrator/default
06-20 10:44:04.036 16240 16240 E libbinder.IPCThreadState: Binder transaction failure. id: 2321496, cmd: BR_FAILED_REPLY (29201), error: -1 (Operation not permitted)
06-20 10:44:04.058 16240 16240 W libbinder.BackendUnifiedServiceManager: Thread Pool max thread count is 0. Cannot cache binder as linkToDeath cannot be implemented. serviceName: android.hardware.vibrator.IVibratorManager/default
06-20 10:44:04.081 16240 16240 E libbinder.IPCThreadState: Binder transaction failure. id: 2321507, cmd: BR_FAILED_REPLY (29201), error: -1 (Operation not permitted)
06-20 10:44:04.086 16240 16240 W libbinder.BackendUnifiedServiceManager: Thread Pool max thread count is 0. Cannot cache binder as linkToDeath cannot be implemented. serviceName: android.hardware.wifi.IWifi/default
06-20 10:44:04.087 16240 16240 E libbinder.IPCThreadState: Binder transaction failure. id: 2321519, cmd: BR_FAILED_REPLY (29201), error: -1 (Operation not permitted)
06-20 10:44:04.097 16240 16240 W libbinder.BackendUnifiedServiceManager: Thread Pool max thread count is 0. Cannot cache binder as linkToDeath cannot be implemented. serviceName: android.hardware.wifi.supplicant.ISupplicant/default
06-20 10:44:04.097 16240 16240 E libbinder.IPCThreadState: Binder transaction failure. id: 2321525, cmd: BR_FAILED_REPLY (29201), error: -1 (Operation not permitted)
06-20 10:44:04.103 13643 16207 V MediaPlayer: resetDrmState:  mDrmInfo=null mDrmProvisioningThread=null mPrepareDrmInProgress=false mActiveDrmScheme=false
06-20 10:44:04.103 13643 16207 V MediaPlayer: cleanDrmObj: mDrmObj=null mDrmSessionId=null
06-20 10:44:04.115   713   713 D NuPlayerDriver: reset(0x78061f412d10) at state 6
06-20 10:44:04.164 16240 16240 W libbinder.BackendUnifiedServiceManager: Thread Pool max thread count is 0. Cannot cache binder as linkToDeath cannot be implemented. serviceName: android.security.apc
06-20 10:44:04.169 16240 16240 W libbinder.BackendUnifiedServiceManager: Thread Pool max thread count is 0. Cannot cache binder as linkToDeath cannot be implemented. serviceName: android.security.authorization
06-20 10:44:04.175 16240 16240 W libbinder.BackendUnifiedServiceManager: Thread Pool max thread count is 0. Cannot cache binder as linkToDeath cannot be implemented. serviceName: android.security.compat
06-20 10:44:04.177 16240 16240 W libbinder.BackendUnifiedServiceManager: Thread Pool max thread count is 0. Cannot cache binder as linkToDeath cannot be implemented. serviceName: android.security.identity
06-20 10:44:04.184   803  2109 E AppOps  : attributionTag  not declared in manifest of com.android.systemui
06-20 10:44:04.185   713 16263 D CCodec  : allocate(c2.android.vorbis.decoder)
06-20 10:44:04.221   719 16206 D BufferPoolAccessor2.0: bufferpool2 0x75b4f6807f08 : 4(65536 size) total buffers - 2(32768 size) used buffers - 11/15 (recycle/alloc) - 4/13 (fetch/transfer)
06-20 10:44:04.224 16240 16240 W libbinder.BackendUnifiedServiceManager: Thread Pool max thread count is 0. Cannot cache binder as linkToDeath cannot be implemented. serviceName: android.security.legacykeystore
06-20 10:44:04.228   803   803 W Looper  : Slow dispatch took 227ms main app=system_server main=true group=FOREGROUND h=android.media.AudioManager$ServiceEventHandlerDelegate$1 c=null m=2
06-20 10:44:03.894 16240 16240 W service : type=1400 audit(0.0:72877): avc:  denied  { call } for  scontext=u:r:shell:s0 tcontext=u:r:hal_sensors_default:s0 tclass=binder permissive=0
06-20 10:44:04.254   803  2109 E AppOps  : attributionTag  not declared in manifest of com.android.systemui
06-20 10:44:04.264   803  1388 W FastPrintWriter: Write failure
06-20 10:44:04.264   803  1388 W FastPrintWriter: java.io.IOException: write failed: EPIPE (Broken pipe)
06-20 10:44:04.264   803  1388 W FastPrintWriter: 	at libcore.io.IoBridge.write(IoBridge.java:651)
06-20 10:44:04.264   803  1388 W FastPrintWriter: 	at java.io.FileOutputStream.write(FileOutputStream.java:436)
06-20 10:44:04.264   803  1388 W FastPrintWriter: 	at com.android.internal.util.FastPrintWriter.flushBytesLocked(FastPrintWriter.java:355)
06-20 10:44:04.264   803  1388 W FastPrintWriter: 	at com.android.internal.util.FastPrintWriter.flushLocked(FastPrintWriter.java:378)
06-20 10:44:04.264   803  1388 W FastPrintWriter: 	at com.android.internal.util.FastPrintWriter.appendLocked(FastPrintWriter.java:323)
06-20 10:44:04.264   803  1388 W FastPrintWriter: 	at com.android.internal.util.FastPrintWriter.print(FastPrintWriter.java:500)
06-20 10:44:04.264   803  1388 W FastPrintWriter: 	at java.io.PrintWriter.println(PrintWriter.java:822)
06-20 10:44:04.264   803  1388 W FastPrintWriter: 	at com.android.server.am.ServiceRecord.dump(ServiceRecord.java:994)
06-20 10:44:04.264   803  1388 W FastPrintWriter: 	at com.android.server.am.ActiveServices$ServiceDumper.dumpServiceLocalLocked(ActiveServices.java:8212)
06-20 10:44:04.264   803  1388 W FastPrintWriter: 	at com.android.server.am.ActiveServices$ServiceDumper.dumpLocked(ActiveServices.java:8136)
06-20 10:44:04.264   803  1388 W FastPrintWriter: 	at com.android.server.am.ActivityManagerService.doDump(ActivityManagerService.java:11017)
06-20 10:44:04.264   803  1388 W FastPrintWriter: 	at com.android.server.am.ActivityManagerService.-$$Nest$mdoDump(ActivityManagerService.java:0)
06-20 10:44:04.264   803  1388 W FastPrintWriter: 	at com.android.server.am.ActivityManagerService$1.dump(ActivityManagerService.java:804)
06-20 10:44:04.264   803  1388 W FastPrintWriter: 	at com.android.server.utils.PriorityDump.dump(PriorityDump.java:182)
06-20 10:44:04.264   803  1388 W FastPrintWriter: 	at com.android.server.am.ActivityManagerService.dump(ActivityManagerService.java:10472)
06-20 10:44:04.264   803  1388 W FastPrintWriter: 	at android.os.Binder.doDump(Binder.java:1104)
06-20 10:44:04.264   803  1388 W FastPrintWriter: 	at android.os.Binder.dump(Binder.java:1094)
06-20 10:44:04.264   803  1388 W FastPrintWriter: 	at android.os.Binder.onTransact(Binder.java:940)
06-20 10:44:04.264   803  1388 W FastPrintWriter: 	at android.app.IActivityManager$Stub.onTransact(IActivityManager.java:5853)
06-20 10:44:04.264   803  1388 W FastPrintWriter: 	at com.android.server.am.ActivityManagerService.onTransact(ActivityManagerService.java:2768)
06-20 10:44:04.264   803  1388 W FastPrintWriter: 	at android.os.Binder.execTransactInternal(Binder.java:1478)
06-20 10:44:04.264   803  1388 W FastPrintWriter: 	at android.os.Binder.execTransact(Binder.java:1418)
06-20 10:44:04.264   803  1388 W FastPrintWriter: Caused by: android.system.ErrnoException: write failed: EPIPE (Broken pipe)
06-20 10:44:04.264   803  1388 W FastPrintWriter: 	at libcore.io.Linux.writeBytes(Native Method)
06-20 10:44:04.264   803  1388 W FastPrintWriter: 	at libcore.io.Linux.write(Linux.java:338)
06-20 10:44:04.264   803  1388 W FastPrintWriter: 	at libcore.io.ForwardingOs.write(ForwardingOs.java:954)
06-20 10:44:04.264   803  1388 W FastPrintWriter: 	at libcore.io.BlockGuardOs.write(BlockGuardOs.java:448)
