06-20 10:44:04.264   803  1388 W FastPrintWriter: 	at libcore.io.IoBridge.write(IoBridge.java:646)
06-20 10:44:04.264   803  1388 W FastPrintWriter: 	... 21 more
06-20 10:44:04.265 15957 16236 W m.xxmauro.sayup: Verification of okio.Timeout okio.OutputStreamSink.timeout() took 407.298ms (7.37 bytecodes/s) (0B arena alloc)
06-20 10:44:04.303   713 16263 I CCodec  : setting up 'default' as default (vendor) store
06-20 10:44:04.347 16260 16260 W libbinder.BackendUnifiedServiceManager: Thread Pool max thread count is 0. Cannot cache binder as linkToDeath cannot be implemented. serviceName: package
06-20 10:44:03.926 16240 16240 W service : type=1400 audit(0.0:72878): avc:  denied  { call } for  scontext=u:r:shell:s0 tcontext=u:r:hal_thermal_default:s0 tclass=binder permissive=0
06-20 10:44:04.367 15957 16236 W m.xxmauro.sayup: Verification of java.lang.String okio.OutputStreamSink.toString() took 101.742ms (275.20 bytecodes/s) (0B arena alloc)
06-20 10:44:04.415 16266 16266 W libbinder.BackendUnifiedServiceManager: Thread Pool max thread count is 0. Cannot cache binder as linkToDeath cannot be implemented. serviceName: DockObserver
06-20 10:44:03.934 16240 16240 W service : type=1400 audit(0.0:72879): avc:  denied  { call } for  scontext=u:r:shell:s0 tcontext=u:r:hal_threadnetwork_default:s0 tclass=binder permissive=0
06-20 10:44:03.942 16240 16240 W service : type=1400 audit(0.0:72880): avc:  denied  { call } for  scontext=u:r:shell:s0 tcontext=u:r:hal_usb_default:s0 tclass=binder permissive=0
06-20 10:44:04.510 16264 16264 W libbinder.BackendUnifiedServiceManager: Thread Pool max thread count is 0. Cannot cache binder as linkToDeath cannot be implemented. serviceName: activity
06-20 10:44:04.512   713 16263 I CCodec  : Created component [c2.android.vorbis.decoder] for [c2.android.vorbis.decoder]
06-20 10:44:04.515 16266 16266 E libbinder.Parcel: Reading a NULL string not supported here.
06-20 10:44:04.521 16266 16266 W libbinder.BackendUnifiedServiceManager: Thread Pool max thread count is 0. Cannot cache binder as linkToDeath cannot be implemented. serviceName: SurfaceFlinger
06-20 10:44:04.532 16266 16266 W libbinder.BackendUnifiedServiceManager: Thread Pool max thread count is 0. Cannot cache binder as linkToDeath cannot be implemented. serviceName: SurfaceFlingerAIDL
06-20 10:44:04.535 15957 16236 W m.xxmauro.sayup: Verification of java.lang.String okio.AsyncTimeout$sink$1.toString() took 127.438ms (219.71 bytecodes/s) (0B arena alloc)
06-20 10:44:04.543 16266 16266 W libbinder.BackendUnifiedServiceManager: Thread Pool max thread count is 0. Cannot cache binder as linkToDeath cannot be implemented. serviceName: accessibility
06-20 10:44:04.533   592 16097 W android.hardware.audio@7.1-impl.ranchu: pcmWrite:259 pcm_writei failed with 'cannot read/write stream data: I/O error' (-1)
06-20 10:44:04.543   592 16097 E android.hardware.audio@7.1-impl.ranchu: pcmWrite:260 failure: -1
06-20 10:44:04.576   803   803 W Looper  : Slow dispatch took 211ms main app=system_server main=true group=FOREGROUND h=com.android.server.media.AudioPlayerStateMonitor$MessageHandler c=null m=1
06-20 10:44:04.576   803   803 W Looper  : Drained
06-20 10:44:04.580 14905 15254 D WM-GreedyScheduler: Ignoring {WorkSpec: 91b3222b-424d-4beb-8a25-fff55ea23fe4}. Requires device idle.
06-20 10:44:04.581 14905 15254 D WM-GreedyScheduler: Ignoring {WorkSpec: 4777e581-f685-4396-a512-c70d880c3df2}. Requires device idle.
06-20 10:44:04.581 14905 15254 D WM-GreedyScheduler: Ignoring {WorkSpec: 42034be5-0180-453e-aeac-e8b7e21e460f}. Requires device idle.
06-20 10:44:04.585   713 16263 D CCodecConfig: read media type: audio/vorbis
06-20 10:44:04.597 14905 15254 D WM-GreedyScheduler: Ignoring {WorkSpec: da861570-b480-4410-9c23-af1606e381a3}. Requires ContentUri triggers.
06-20 10:44:04.600 14905 15254 D WM-GreedyScheduler: Ignoring {WorkSpec: 1b648662-6c38-4068-8885-374f7ea362cb}. Requires ContentUri triggers.
06-20 10:44:04.601 14905 15254 D WM-GreedyScheduler: Ignoring {WorkSpec: 0f7f9c59-1844-4cb0-87a5-628114296889}. Requires ContentUri triggers.
06-20 10:44:04.603 14905 15254 D WM-GreedyScheduler: Starting tracking for 676d6f53-f79a-4fe8-9226-2276cb032f42,3fd40008-8331-41f8-9271-c07098eeb9d2,361e1b3c-40a5-435e-b547-32cbb781efef,fdc7fa84-84ee-4eb6-a44e-4ccecc4bafd6
06-20 10:44:04.614   713 16199 D CCodecBufferChannel: [c2.android.vorbis.decoder#318] Discard frames from previous generation.
06-20 10:44:04.660   592 16097 W android.hardware.audio@7.1-impl.ranchu: pcmWrite:259 pcm_writei failed with 'cannot read/write stream data: I/O error' (-1)
06-20 10:44:04.665   592 16097 E android.hardware.audio@7.1-impl.ranchu: pcmWrite:260 failure: -1
06-20 10:44:04.685 15957 16249 I GFXSTREAM: [eglDisplay.cpp(297)] Opening libGLESv1_CM_emulation.so
06-20 10:44:04.686 15957 16249 I GFXSTREAM: [eglDisplay.cpp(297)] Opening libGLESv2_emulation.so
06-20 10:44:04.692 16266 16266 W libbinder.BackendUnifiedServiceManager: Thread Pool max thread count is 0. Cannot cache binder as linkToDeath cannot be implemented. serviceName: account
06-20 10:44:04.701 16266 16266 W libbinder.BackendUnifiedServiceManager: Thread Pool max thread count is 0. Cannot cache binder as linkToDeath cannot be implemented. serviceName: activity
06-20 10:44:04.713 16266 16266 W libbinder.BackendUnifiedServiceManager: Thread Pool max thread count is 0. Cannot cache binder as linkToDeath cannot be implemented. serviceName: activity_task
06-20 10:44:04.720 16266 16266 W libbinder.BackendUnifiedServiceManager: Thread Pool max thread count is 0. Cannot cache binder as linkToDeath cannot be implemented. serviceName: adb
06-20 10:44:04.721   713 16199 I hw-BpHwBinder: onLastStrongRef automatically unlinking death recipients
06-20 10:44:04.755 13643 13643 I Choreographer: Skipped 111 frames!  The application may be doing too much work on its main thread.
06-20 10:44:04.757 16266 16266 W libbinder.BackendUnifiedServiceManager: Thread Pool max thread count is 0. Cannot cache binder as linkToDeath cannot be implemented. serviceName: adservices_manager
06-20 10:44:04.769 16266 16266 W libbinder.BackendUnifiedServiceManager: Thread Pool max thread count is 0. Cannot cache binder as linkToDeath cannot be implemented. serviceName: advanced_protection
06-20 10:44:04.782 16266 16266 W libbinder.BackendUnifiedServiceManager: Thread Pool max thread count is 0. Cannot cache binder as linkToDeath cannot be implemented. serviceName: alarm
06-20 10:44:04.849 13643 13643 D MediaRouter: onRestoreRoute() : route=RouteInfo{ name=Phone, description=null, status=null, category=RouteCategory{ name=System types=ROUTE_TYPE_LIVE_AUDIO ROUTE_TYPE_LIVE_VIDEO  groupable=false }, supportedTypes=ROUTE_TYPE_LIVE_AUDIO ROUTE_TYPE_LIVE_VIDEO , presentationDisplay=null }
06-20 10:44:04.856   713 16263 D ReflectedParamUpdater: extent() != 1 for single value type: algo.buffers.max-count.values
06-20 10:44:04.858   713 16263 D ReflectedParamUpdater: extent() != 1 for single value type: output.subscribed-indices.values
06-20 10:44:04.859 13643 13643 V MediaRouter: Selecting route: RouteInfo{ name=Phone, description=null, status=null, category=RouteCategory{ name=System types=ROUTE_TYPE_LIVE_AUDIO ROUTE_TYPE_LIVE_VIDEO  groupable=false }, supportedTypes=ROUTE_TYPE_LIVE_AUDIO ROUTE_TYPE_LIVE_VIDEO , presentationDisplay=null }
06-20 10:44:04.860 13643 13643 D MediaRouter: onRestoreRoute() : route=RouteInfo{ name=Phone, description=null, status=null, category=RouteCategory{ name=System types=ROUTE_TYPE_LIVE_AUDIO ROUTE_TYPE_LIVE_VIDEO  groupable=false }, supportedTypes=ROUTE_TYPE_LIVE_AUDIO ROUTE_TYPE_LIVE_VIDEO , presentationDisplay=null }
06-20 10:44:04.860 13643 13643 V MediaRouter: Selecting route: RouteInfo{ name=Phone, description=null, status=null, category=RouteCategory{ name=System types=ROUTE_TYPE_LIVE_AUDIO ROUTE_TYPE_LIVE_VIDEO  groupable=false }, supportedTypes=ROUTE_TYPE_LIVE_AUDIO ROUTE_TYPE_LIVE_VIDEO , presentationDisplay=null }
06-20 10:44:04.887   713 16263 D ReflectedParamUpdater: extent() != 1 for single value type: input.buffers.allocator-ids.values
06-20 10:44:04.888   713 16263 D ReflectedParamUpdater: extent() != 1 for single value type: output.buffers.allocator-ids.values
06-20 10:44:04.888   713 16263 D ReflectedParamUpdater: extent() != 1 for single value type: algo.buffers.allocator-ids.values
06-20 10:44:04.889   713 16263 D ReflectedParamUpdater: extent() != 1 for single value type: output.buffers.pool-ids.values
06-20 10:44:04.889   713 16263 D ReflectedParamUpdater: extent() != 1 for single value type: algo.buffers.pool-ids.values
06-20 10:44:04.896   713 16263 I CCodecConfig: query failed after returning 8 values (BAD_INDEX)
06-20 10:44:04.896   592 16097 W android.hardware.audio@7.1-impl.ranchu: pcmWrite:259 pcm_writei failed with 'cannot read/write stream data: I/O error' (-1)
06-20 10:44:04.896   713 16263 D CCodecConfig: c2 config diff is Dict {
06-20 10:44:04.896   713 16263 D CCodecConfig:   c2::u32 coded.bitrate.value = 64000
06-20 10:44:04.896   713 16263 D CCodecConfig:   c2::u32 input.buffers.max-size.value = 32768
06-20 10:44:04.896   713 16263 D CCodecConfig:   c2::u32 input.delay.value = 0
06-20 10:44:04.896   713 16263 D CCodecConfig:   string input.media-type.value = "audio/vorbis"
06-20 10:44:04.896   713 16263 D CCodecConfig:   c2::u32 output.large-frame.max-size = 0
06-20 10:44:04.896   713 16263 D CCodecConfig:   c2::u32 output.large-frame.threshold-size = 0
06-20 10:44:04.896   713 16263 D CCodecConfig:   string output.media-type.value = "audio/raw"
06-20 10:44:04.896   713 16263 D CCodecConfig:   c2::u32 raw.channel-count.value = 1
06-20 10:44:04.896   713 16263 D CCodecConfig:   c2::u32 raw.sample-rate.value = 48000
06-20 10:44:04.896   713 16263 D CCodecConfig: }
06-20 10:44:04.896   592 16097 E android.hardware.audio@7.1-impl.ranchu: pcmWrite:260 failure: -1
06-20 10:44:04.908   719   788 I hw-BpHwBinder: onLastStrongRef automatically unlinking death recipients
06-20 10:44:04.961 16266 16266 W libbinder.BackendUnifiedServiceManager: Thread Pool max thread count is 0. Cannot cache binder as linkToDeath cannot be implemented. serviceName: ambient_context
06-20 10:44:04.963   719   788 D BufferPoolAccessor2.0: Destruction - bufferpool2 0x75b4f6803bf8 cached: 0/0M, 0/0% in use; allocs: 0, 0% recycled; transfers: 0, 0% unfetched
06-20 10:44:04.973 16266 16266 W libbinder.BackendUnifiedServiceManager: Thread Pool max thread count is 0. Cannot cache binder as linkToDeath cannot be implemented. serviceName: android.frameworks.cameraservice.service.ICameraService/default
06-20 10:44:05.009   713 16262 I MediaCodec: media_quality service unavailable, skipping updatePictureProfile
06-20 10:44:05.011 16266 16266 W libbinder.BackendUnifiedServiceManager: Thread Pool max thread count is 0. Cannot cache binder as linkToDeath cannot be implemented. serviceName: android.frameworks.devicestate.IDeviceStateService/default
06-20 10:44:05.013   713 16143 D NuPlayerDriver: notifyResetComplete(0x78061f412d10)
06-20 10:44:05.016 16266 16266 W libbinder.BackendUnifiedServiceManager: Thread Pool max thread count is 0. Cannot cache binder as linkToDeath cannot be implemented. serviceName: android.frameworks.location.altitude.IAltitudeService/default
06-20 10:44:05.084   803  1388 W libbinder.Binder: Binder transaction to android.app.IActivityManager code 1598311760 took 3808ms. Data bytes: 52 Reply bytes: 4 Flags: 16
06-20 10:44:05.086   592 16097 W android.hardware.audio@7.1-impl.ranchu: pcmWrite:259 pcm_writei failed with 'cannot read/write stream data: I/O error' (-1)
06-20 10:44:05.087   592 16097 E android.hardware.audio@7.1-impl.ranchu: pcmWrite:260 failure: -1
06-20 10:44:05.096 16266 16266 W libbinder.BackendUnifiedServiceManager: Thread Pool max thread count is 0. Cannot cache binder as linkToDeath cannot be implemented. serviceName: android.frameworks.sensorservice.ISensorManager/default
06-20 10:44:05.107   713 16263 D CCodec  : [c2.android.vorbis.decoder] buffers are bound to CCodec for this session
06-20 10:44:05.108 16266 16266 W libbinder.BackendUnifiedServiceManager: Thread Pool max thread count is 0. Cannot cache binder as linkToDeath cannot be implemented. serviceName: android.frameworks.stats.IStats/default
06-20 10:44:05.113   713 16263 D CCodecConfig: no c2 equivalents for durationUs
06-20 10:44:05.125 16266 16266 W libbinder.BackendUnifiedServiceManager: Thread Pool max thread count is 0. Cannot cache binder as linkToDeath cannot be implemented. serviceName: android.frameworks.vibrator.IVibratorControlService/default
06-20 10:44:05.131   713 16263 D CCodecConfig: no c2 equivalents for csd-1
06-20 10:44:05.132   713 16263 D CCodecConfig: no c2 equivalents for flags
06-20 10:44:05.136   803  1762 W ContentProviderHelper: Slow operation: 156ms so far, now at getContentProviderImpl: before checkContentProviderPermission
06-20 10:44:05.137   803  1762 W ContentProviderHelper: Slow operation: 156ms so far, now at getContentProviderImpl: after checkContentProviderPermission
06-20 10:44:05.137   803  1762 W ContentProviderHelper: Slow operation: 157ms so far, now at getContentProviderImpl: incProviderCountLocked
06-20 10:44:05.149 13643 13720 I HWUI    : Davey! duration=2222ms; Flags=0, FrameTimelineVsyncId=241452, IntendedVsync=2371042004235, Vsync=2372892004050, InputEventId=0, HandleInputStart=2372897919453, AnimationStart=2372898040153, PerformTraversalsStart=2372931233253, DrawStart=2372934787253, FrameDeadline=2371058670901, FrameStartTime=2372893419153, FrameInterval=16666665, WorkloadTarget=16666666, SyncQueued=2372942441553, SyncStart=2372946688953, IssueDrawCommandsStart=2373046983853, SwapBuffers=2373222615453, FrameCompleted=2373268311653, DequeueBufferDuration=542900, QueueBufferDuration=23816800, GpuCompleted=2373267058353, SwapBuffersCompleted=2373268311653, DisplayPresentTime=0, CommandSubmissionCompleted=2373222615453, 
06-20 10:44:05.159   803  1762 W ContentProviderHelper: Slow operation: 179ms so far, now at getContentProviderImpl: before updateOomAdj
06-20 10:44:05.160   803  1762 W ContentProviderHelper: Slow operation: 179ms so far, now at getContentProviderImpl: after updateOomAdj
06-20 10:44:05.161   803  1762 W ContentProviderHelper: Slow operation: 180ms so far, now at getContentProviderImpl: done!
06-20 10:44:05.164   803  1762 W libbinder.Binder: Binder transaction to android.app.IActivityManager code 35 took 3784ms. Data bytes: 172 Reply bytes: 1928 Flags: 18
06-20 10:44:05.180   803  1013 D BackgroundInstallControlService: Package event received: 0
06-20 10:44:05.200   713   713 W AMessage: failed to post message as target looper for handler 0 is gone.
06-20 10:44:05.201   713 16263 D CCodecConfig: c2 config diff is   c2::u32 coded.bitrate.value = 70000
06-20 10:44:05.236 16266 16266 W libbinder.BackendUnifiedServiceManager: Thread Pool max thread count is 0. Cannot cache binder as linkToDeath cannot be implemented. serviceName: android.hardware.authsecret.IAuthSecret/default
06-20 10:44:05.236 16266 16266 E libbinder.IPCThreadState: Binder transaction failure. id: 2321977, cmd: BR_FAILED_REPLY (29201), error: -1 (Operation not permitted)
06-20 10:44:05.275 16266 16266 E libbinder.IPCThreadState: Binder transaction failure. id: 2321989, cmd: BR_FAILED_REPLY (29201), error: -1 (Operation not permitted)
06-20 10:44:05.287 16266 16266 W libbinder.BackendUnifiedServiceManager: Thread Pool max thread count is 0. Cannot cache binder as linkToDeath cannot be implemented. serviceName: android.hardware.bluetooth.IBluetoothHci/default
06-20 10:44:05.288 16266 16266 E libbinder.IPCThreadState: Binder transaction failure. id: 2321993, cmd: BR_FAILED_REPLY (29201), error: -1 (Operation not permitted)
06-20 10:44:05.295 16266 16266 W libbinder.BackendUnifiedServiceManager: Thread Pool max thread count is 0. Cannot cache binder as linkToDeath cannot be implemented. serviceName: android.hardware.bluetooth.audio.IBluetoothAudioProviderFactory/default
06-20 10:44:05.296 16266 16266 E libbinder.IPCThreadState: Binder transaction failure. id: 2321998, cmd: BR_FAILED_REPLY (29201), error: -1 (Operation not permitted)
06-20 10:44:05.303 16266 16266 W libbinder.BackendUnifiedServiceManager: Thread Pool max thread count is 0. Cannot cache binder as linkToDeath cannot be implemented. serviceName: android.hardware.bluetooth.offload.leaudio.IHciProxy/default
06-20 10:44:05.308   713   713 W libbinder.Binder: Binder transaction to android.media.IMediaPlayer code 1 took 1192ms. Data bytes: 72 Reply bytes: 0 Flags: 16
06-20 10:44:05.313   713 16263 W Codec2Client: query -- param skipped: index = 1107298332.
06-20 10:44:05.314   713 16263 D CCodec  : encoding statistics level = 0
06-20 10:44:05.314   713 16263 D CCodec  : setup formats input: AMessage(what = 0x00000000) = {
06-20 10:44:05.314   713 16263 D CCodec  :   int32_t bitrate = 70000
06-20 10:44:05.314   713 16263 D CCodec  :   int32_t channel-count = 1
06-20 10:44:05.314   713 16263 D CCodec  :   int32_t max-input-size = 32768
06-20 10:44:05.314   713 16263 D CCodec  :   string mime = "audio/vorbis"
06-20 10:44:05.314   713 16263 D CCodec  :   int32_t sample-rate = 48000
06-20 10:44:05.314   713 16263 D CCodec  : }
06-20 10:44:05.314   713 16263 D CCodec  : setup formats output: AMessage(what = 0x00000000) = {
06-20 10:44:05.314   713 16263 D CCodec  :   int32_t buffer-batch-max-output-size = 0
06-20 10:44:05.314   713 16263 D CCodec  :   int32_t buffer-batch-threshold-output-size = 0
06-20 10:44:05.314   713 16263 D CCodec  :   int32_t channel-count = 1
06-20 10:44:05.314   713 16263 D CCodec  :   string mime = "audio/raw"
06-20 10:44:05.314   713 16263 D CCodec  :   int32_t sample-rate = 48000
06-20 10:44:05.314   713 16263 D CCodec  :   int32_t channel-mask = 1
06-20 10:44:05.314   713 16263 D CCodec  :   int32_t android._config-pcm-encoding = 2
06-20 10:44:05.314   713 16263 D CCodec  : }
06-20 10:44:05.316 16266 16266 E libbinder.IPCThreadState: Binder transaction failure. id: 2322008, cmd: BR_FAILED_REPLY (29201), error: -1 (Operation not permitted)
06-20 10:44:05.320   713 16263 I CCodecConfig: query failed after returning 8 values (BAD_INDEX)
06-20 10:44:05.325 16266 16266 W libbinder.BackendUnifiedServiceManager: Thread Pool max thread count is 0. Cannot cache binder as linkToDeath cannot be implemented. serviceName: android.hardware.camera.provider.ICameraProvider/internal/0
06-20 10:44:05.349   713 16263 E mediaserver: Failed to query component interface for required system resources: 6
06-20 10:44:05.354 13643 13643 D DeviceEntryIconViewBinder: Initializing device entry fgIconView
06-20 10:44:05.234 16266 16266 W service : type=1400 audit(0.0:72886): avc:  denied  { call } for  scontext=u:r:shell:s0 tcontext=u:r:hal_authsecret_default:s0 tclass=binder permissive=0
06-20 10:44:05.380 16266 16266 E libbinder.IPCThreadState: Binder transaction failure. id: 2322019, cmd: BR_FAILED_REPLY (29201), error: -1 (Operation not permitted)
06-20 10:44:05.388 16266 16266 W libbinder.BackendUnifiedServiceManager: Thread Pool max thread count is 0. Cannot cache binder as linkToDeath cannot be implemented. serviceName: android.hardware.camera.provider.ICameraProvider/internal/1
06-20 10:44:05.389   803  1762 D BiometricService: canAuthenticate: User=0, Caller=0, Authenticators=255
06-20 10:44:05.390 16266 16266 E libbinder.IPCThreadState: Binder transaction failure. id: 2322034, cmd: BR_FAILED_REPLY (29201), error: -1 (Operation not permitted)
06-20 10:44:05.396 16266 16266 W libbinder.BackendUnifiedServiceManager: Thread Pool max thread count is 0. Cannot cache binder as linkToDeath cannot be implemented. serviceName: android.hardware.cas.IMediaCasService/default
06-20 10:44:05.401   803  1391 W libbinder.Binder: Binder transaction to android.app.IActivityManager code 26 took 3569ms. Data bytes: 1496 Reply bytes: 8 Flags: 18
06-20 10:44:05.404 13643 16086 W RingtonePlayer: Notification sound delayed by 11231msecs
06-20 10:44:05.408   713 16263 I MediaCodec: MediaCodec will operate in async mode
06-20 10:44:05.412 16266 16266 W libbinder.BackendUnifiedServiceManager: Thread Pool max thread count is 0. Cannot cache binder as linkToDeath cannot be implemented. serviceName: android.hardware.contexthub.IContextHub/default
06-20 10:44:05.412   713 16262 D MediaCodec: keep callback message for reclaim
06-20 10:44:05.413 16266 16266 E libbinder.IPCThreadState: Binder transaction failure. id: 2322052, cmd: BR_FAILED_REPLY (29201), error: -1 (Operation not permitted)
06-20 10:44:05.416 16266 16266 W libbinder.BackendUnifiedServiceManager: Thread Pool max thread count is 0. Cannot cache binder as linkToDeath cannot be implemented. serviceName: android.hardware.drm.IDrmFactory/widevine
06-20 10:44:05.440 16266 16266 E libbinder.IPCThreadState: Binder transaction failure. id: 2322074, cmd: BR_FAILED_REPLY (29201), error: -1 (Operation not permitted)
06-20 10:44:05.444   803   803 W Looper  : Slow delivery took 254ms main app=system_server main=true group=FOREGROUND h=com.android.server.power.Notifier$NotifierHandler c=com.android.server.power.Notifier$$ExternalSyntheticLambda2@cf10674 m=0
06-20 10:44:05.447 16266 16266 W libbinder.BackendUnifiedServiceManager: Thread Pool max thread count is 0. Cannot cache binder as linkToDeath cannot be implemented. serviceName: android.hardware.gatekeeper.IGatekeeper/default
06-20 10:44:05.448 16266 16266 E libbinder.IPCThreadState: Binder transaction failure. id: 2322079, cmd: BR_FAILED_REPLY (29201), error: -1 (Operation not permitted)
06-20 10:44:05.456 16266 16266 E libbinder.IPCThreadState: Binder transaction failure. id: 2322083, cmd: BR_FAILED_REPLY (29201), error: -1 (Operation not permitted)
06-20 10:44:05.459 16266 16266 W libbinder.BackendUnifiedServiceManager: Thread Pool max thread count is 0. Cannot cache binder as linkToDeath cannot be implemented. serviceName: android.hardware.graphics.allocator.IAllocator/default
06-20 10:44:05.460 14905 16109 D WM-GreedyScheduler: Ignoring {WorkSpec: 91b3222b-424d-4beb-8a25-fff55ea23fe4}. Requires device idle.
06-20 10:44:05.462 14905 16109 D WM-GreedyScheduler: Ignoring {WorkSpec: 4777e581-f685-4396-a512-c70d880c3df2}. Requires device idle.
06-20 10:44:05.463 14905 16109 D WM-GreedyScheduler: Ignoring {WorkSpec: 42034be5-0180-453e-aeac-e8b7e21e460f}. Requires device idle.
06-20 10:44:05.463   713 16263 W Codec2Client: query -- param skipped: index = 1342179345.
06-20 10:44:05.464   713 16263 W Codec2Client: query -- param skipped: index = 2415921170.
06-20 10:44:05.468 16266 16266 W libbinder.BackendUnifiedServiceManager: Thread Pool max thread count is 0. Cannot cache binder as linkToDeath cannot be implemented. serviceName: android.hardware.graphics.composer3.IComposer/default
06-20 10:44:05.473 14905 16109 D WM-GreedyScheduler: Ignoring {WorkSpec: da861570-b480-4410-9c23-af1606e381a3}. Requires ContentUri triggers.
06-20 10:44:05.473   713 16263 D CCodecBufferChannel: [c2.android.vorbis.decoder#446] Created input block pool with allocatorID 16 => poolID 18 - OK (0)
06-20 10:44:05.476 14905 16109 D WM-GreedyScheduler: Ignoring {WorkSpec: 1b648662-6c38-4068-8885-374f7ea362cb}. Requires ContentUri triggers.
06-20 10:44:05.477 14905 16109 D WM-GreedyScheduler: Ignoring {WorkSpec: 0f7f9c59-1844-4cb0-87a5-628114296889}. Requires ContentUri triggers.
06-20 10:44:05.478 14905 16109 D WM-GreedyScheduler: Starting work for 24b8a18c-f5c0-4383-90d1-4429d75d6b97
06-20 10:44:05.479 16266 16266 E libbinder.IPCThreadState: Binder transaction failure. id: 2322111, cmd: BR_FAILED_REPLY (29201), error: -1 (Operation not permitted)
06-20 10:44:05.481   713 16263 I CCodecBufferChannel: [c2.android.vorbis.decoder#446] Created output block pool with allocatorID 16 => poolID 44 - OK
06-20 10:44:05.482   713 16263 D CCodecBufferChannel: [c2.android.vorbis.decoder#446] Configured output block pool ids 44 => OK
06-20 10:44:05.483 16266 16266 W libbinder.BackendUnifiedServiceManager: Thread Pool max thread count is 0. Cannot cache binder as linkToDeath cannot be implemented. serviceName: android.hardware.health.IHealth/default
06-20 10:44:05.483 16266 16266 E libbinder.IPCThreadState: Binder transaction failure. id: 2322124, cmd: BR_FAILED_REPLY (29201), error: -1 (Operation not permitted)
06-20 10:44:05.484   719   788 E Codec2-ComponentInterface: We have a failed config
06-20 10:44:05.485 16266 16266 W libbinder.BackendUnifiedServiceManager: Thread Pool max thread count is 0. Cannot cache binder as linkToDeath cannot be implemented. serviceName: android.hardware.identity.IIdentityCredentialStore/default
06-20 10:44:05.495 16266 16266 E libbinder.IPCThreadState: Binder transaction failure. id: 2322129, cmd: BR_FAILED_REPLY (29201), error: -1 (Operation not permitted)
06-20 10:44:05.550 14905 16109 D WM-GreedyScheduler: Starting tracking for 676d6f53-f79a-4fe8-9226-2276cb032f42,3fd40008-8331-41f8-9271-c07098eeb9d2,361e1b3c-40a5-435e-b547-32cbb781efef,fdc7fa84-84ee-4eb6-a44e-4ccecc4bafd6
06-20 10:44:05.563 16266 16266 W libbinder.BackendUnifiedServiceManager: Thread Pool max thread count is 0. Cannot cache binder as linkToDeath cannot be implemented. serviceName: android.hardware.light.ILights/default
06-20 10:44:05.564   592 16097 W android.hardware.audio@7.1-impl.ranchu: pcmWrite:259 pcm_writei failed with 'cannot read/write stream data: I/O error' (-1)
06-20 10:44:05.564   592 16097 E android.hardware.audio@7.1-impl.ranchu: pcmWrite:260 failure: -1
06-20 10:44:05.564 16266 16266 E libbinder.IPCThreadState: Binder transaction failure. id: 2322140, cmd: BR_FAILED_REPLY (29201), error: -1 (Operation not permitted)
06-20 10:44:05.569   719 16267 D SimpleC2Component: Using output block pool with poolID 44 => got 44 - 0
06-20 10:44:05.569 16266 16266 W libbinder.BackendUnifiedServiceManager: Thread Pool max thread count is 0. Cannot cache binder as linkToDeath cannot be implemented. serviceName: android.hardware.media.c2.IComponentStore/software
06-20 10:44:05.579 15957 16236 W m.xxmauro.sayup: Verification of okio.Source okhttp3.internal.http1.Http1ExchangeCodec.newFixedLengthSource(long) took 104.145ms (528.11 bytecodes/s) (0B arena alloc)
06-20 10:44:05.582   803  1762 D BiometricService/PreAuthInfo: Package: com.android.systemui Sensor ID: 0 Modality: 2 User id: 0 Status: 7
06-20 10:44:05.583   803  1762 D BiometricService/PreAuthInfo: getCanAuthenticateInternal Modality: 2 AuthenticatorStatus: 7
06-20 10:44:05.583   803  1762 D AuthService: canAuthenticate, userId: 0, callingUserId: 0, authenticators: 255, result: 11
06-20 10:44:05.584 16266 16266 W libbinder.BackendUnifiedServiceManager: Thread Pool max thread count is 0. Cannot cache binder as linkToDeath cannot be implemented. serviceName: android.hardware.neuralnetworks.IDevice/nnapi-sample_all
06-20 10:44:05.633 16266 16266 W libbinder.BackendUnifiedServiceManager: Thread Pool max thread count is 0. Cannot cache binder as linkToDeath cannot be implemented. serviceName: android.hardware.neuralnetworks.IDevice/nnapi-sample_quant
06-20 10:44:05.644 16266 16266 W libbinder.BackendUnifiedServiceManager: Thread Pool max thread count is 0. Cannot cache binder as linkToDeath cannot be implemented. serviceName: android.hardware.neuralnetworks.IDevice/nnapi-sample_sl_shim
06-20 10:44:05.652 16266 16266 W libbinder.BackendUnifiedServiceManager: Thread Pool max thread count is 0. Cannot cache binder as linkToDeath cannot be implemented. serviceName: android.hardware.power.IPower/default
06-20 10:44:05.653 16266 16266 E libbinder.IPCThreadState: Binder transaction failure. id: 2322181, cmd: BR_FAILED_REPLY (29201), error: -1 (Operation not permitted)
06-20 10:44:05.656 16266 16266 W libbinder.BackendUnifiedServiceManager: Thread Pool max thread count is 0. Cannot cache binder as linkToDeath cannot be implemented. serviceName: android.hardware.power.stats.IPowerStats/default
06-20 10:44:05.656 16266 16266 E libbinder.IPCThreadState: Binder transaction failure. id: 2322187, cmd: BR_FAILED_REPLY (29201), error: -1 (Operation not permitted)
06-20 10:44:05.665 16266 16266 W libbinder.BackendUnifiedServiceManager: Thread Pool max thread count is 0. Cannot cache binder as linkToDeath cannot be implemented. serviceName: android.hardware.radio.config.IRadioConfig/default
06-20 10:44:05.667 16266 16266 E libbinder.IPCThreadState: Binder transaction failure. id: 2322192, cmd: BR_FAILED_REPLY (29201), error: -1 (Operation not permitted)
06-20 10:44:05.671 16266 16266 W libbinder.BackendUnifiedServiceManager: Thread Pool max thread count is 0. Cannot cache binder as linkToDeath cannot be implemented. serviceName: android.hardware.radio.data.IRadioData/slot1
06-20 10:44:05.683 16266 16266 E libbinder.IPCThreadState: Binder transaction failure. id: 2322197, cmd: BR_FAILED_REPLY (29201), error: -1 (Operation not permitted)
06-20 10:44:05.683   803  1763 D SystemServerTiming: getUserSwitchability-0
06-20 10:44:05.688   803  1763 D SystemServerTiming: TM.isInCall
06-20 10:44:05.688 16266 16266 W libbinder.BackendUnifiedServiceManager: Thread Pool max thread count is 0. Cannot cache binder as linkToDeath cannot be implemented. serviceName: android.hardware.radio.ims.IRadioIms/slot1
06-20 10:44:05.689 16266 16266 E libbinder.IPCThreadState: Binder transaction failure. id: 2322206, cmd: BR_FAILED_REPLY (29201), error: -1 (Operation not permitted)
06-20 10:44:05.689   803  1763 D SystemServerTiming: hasUserRestriction-DISALLOW_USER_SWITCH
06-20 10:44:05.695 16266 16266 W libbinder.BackendUnifiedServiceManager: Thread Pool max thread count is 0. Cannot cache binder as linkToDeath cannot be implemented. serviceName: android.hardware.radio.ims.media.IImsMedia/default
06-20 10:44:05.696 16266 16266 E libbinder.IPCThreadState: Binder transaction failure. id: 2322218, cmd: BR_FAILED_REPLY (29201), error: -1 (Operation not permitted)
06-20 10:44:05.699   803  1763 D SystemServerTiming: getInt-ALLOW_USER_SWITCHING_WHEN_SYSTEM_USER_LOCKED
06-20 10:44:05.700   803  1763 D SystemServerTiming: isUserUnlocked-USER_SYSTEM
06-20 10:44:05.703 16266 16266 W libbinder.BackendUnifiedServiceManager: Thread Pool max thread count is 0. Cannot cache binder as linkToDeath cannot be implemented. serviceName: android.hardware.radio.messaging.IRadioMessaging/slot1
06-20 10:44:05.703 16266 16266 E libbinder.IPCThreadState: Binder transaction failure. id: 2322230, cmd: BR_FAILED_REPLY (29201), error: -1 (Operation not permitted)
06-20 10:44:05.704  1219  1345 D SatelliteController: iisInCarrierRoamingNbIotNtn: satellite is disabled
06-20 10:44:05.706  1219  1345 D SatelliteController: getCarrierRoamingNtnConnectType: Falling back to global carrier config connect type: 0
06-20 10:44:05.708 16266 16266 W libbinder.BackendUnifiedServiceManager: Thread Pool max thread count is 0. Cannot cache binder as linkToDeath cannot be implemented. serviceName: android.hardware.radio.modem.IRadioModem/slot1
06-20 10:44:05.708 16266 16266 E libbinder.IPCThreadState: Binder transaction failure. id: 2322237, cmd: BR_FAILED_REPLY (29201), error: -1 (Operation not permitted)
06-20 10:44:05.715   592 16097 W android.hardware.audio@7.1-impl.ranchu: pcmWrite:259 pcm_writei failed with 'cannot read/write stream data: I/O error' (-1)
06-20 10:44:05.716   803  1762 D SystemServerTiming: getUserSwitchability-0
06-20 10:44:05.716   803  1762 D SystemServerTiming: TM.isInCall
06-20 10:44:05.716   592 16097 E android.hardware.audio@7.1-impl.ranchu: pcmWrite:260 failure: -1
06-20 10:44:05.717   803  1762 D SystemServerTiming: hasUserRestriction-DISALLOW_USER_SWITCH
06-20 10:44:05.725 16266 16266 W libbinder.BackendUnifiedServiceManager: Thread Pool max thread count is 0. Cannot cache binder as linkToDeath cannot be implemented. serviceName: android.hardware.radio.network.IRadioNetwork/slot1
06-20 10:44:05.725 16266 16266 E libbinder.IPCThreadState: Binder transaction failure. id: 2322250, cmd: BR_FAILED_REPLY (29201), error: -1 (Operation not permitted)
06-20 10:44:05.726 16277 16277 W libbinder.BackendUnifiedServiceManager: Thread Pool max thread count is 0. Cannot cache binder as linkToDeath cannot be implemented. serviceName: DockObserver
06-20 10:44:05.729 16266 16266 W libbinder.BackendUnifiedServiceManager: Thread Pool max thread count is 0. Cannot cache binder as linkToDeath cannot be implemented. serviceName: android.hardware.radio.sap.ISap/slot1
06-20 10:44:05.731 16266 16266 E libbinder.IPCThreadState: Binder transaction failure. id: 2322256, cmd: BR_FAILED_REPLY (29201), error: -1 (Operation not permitted)
06-20 10:44:05.733 16266 16266 W libbinder.BackendUnifiedServiceManager: Thread Pool max thread count is 0. Cannot cache binder as linkToDeath cannot be implemented. serviceName: android.hardware.radio.sim.IRadioSim/slot1
06-20 10:44:05.734 16266 16266 E libbinder.IPCThreadState: Binder transaction failure. id: 2322261, cmd: BR_FAILED_REPLY (29201), error: -1 (Operation not permitted)
06-20 10:44:05.735 16277 16277 E libbinder.Parcel: Reading a NULL string not supported here.
06-20 10:44:05.735   803  1762 D SystemServerTiming: getInt-ALLOW_USER_SWITCHING_WHEN_SYSTEM_USER_LOCKED
06-20 10:44:05.738 16266 16266 W libbinder.BackendUnifiedServiceManager: Thread Pool max thread count is 0. Cannot cache binder as linkToDeath cannot be implemented. serviceName: android.hardware.radio.voice.IRadioVoice/slot1
06-20 10:44:05.739 16277 16277 W libbinder.BackendUnifiedServiceManager: Thread Pool max thread count is 0. Cannot cache binder as linkToDeath cannot be implemented. serviceName: SurfaceFlinger
06-20 10:44:05.739 16266 16266 E libbinder.IPCThreadState: Binder transaction failure. id: 2322271, cmd: BR_FAILED_REPLY (29201), error: -1 (Operation not permitted)
06-20 10:44:05.740   803  1762 D SystemServerTiming: isUserUnlocked-USER_SYSTEM
06-20 10:44:05.274 16266 16266 W service : type=1400 audit(0.0:72887): avc:  denied  { call } for  scontext=u:r:shell:s0 tcontext=u:r:hal_fingerprint_default:s0 tclass=binder permissive=0
06-20 10:44:05.765 16277 16277 W libbinder.BackendUnifiedServiceManager: Thread Pool max thread count is 0. Cannot cache binder as linkToDeath cannot be implemented. serviceName: SurfaceFlingerAIDL
06-20 10:44:05.771 16266 16266 W libbinder.BackendUnifiedServiceManager: Thread Pool max thread count is 0. Cannot cache binder as linkToDeath cannot be implemented. serviceName: android.hardware.rebootescrow.IRebootEscrow/default
06-20 10:44:05.772 16266 16266 E libbinder.IPCThreadState: Binder transaction failure. id: 2322285, cmd: BR_FAILED_REPLY (29201), error: -1 (Operation not permitted)
06-20 10:44:05.286 16266 16266 W service : type=1400 audit(0.0:72888): avc:  denied  { call } for  scontext=u:r:shell:s0 tcontext=u:r:hal_bluetooth_default:s0 tclass=binder permissive=0
06-20 10:44:05.774 16277 16277 W libbinder.BackendUnifiedServiceManager: Thread Pool max thread count is 0. Cannot cache binder as linkToDeath cannot be implemented. serviceName: accessibility
06-20 10:44:05.777   803   803 W Looper  : Drained
06-20 10:44:05.794   803   834 W ContentProviderHelper: Slow operation: 490ms so far, now at getContentProviderImpl: done!
06-20 10:44:05.294 16266 16266 W service : type=1400 audit(0.0:72889): avc:  denied  { call } for  scontext=u:r:shell:s0 tcontext=u:r:hal_audio_default:s0 tclass=binder permissive=0
06-20 10:44:05.896 16277 16277 W libbinder.BackendUnifiedServiceManager: Thread Pool max thread count is 0. Cannot cache binder as linkToDeath cannot be implemented. serviceName: account
06-20 10:44:05.898 16266 16266 W libbinder.BackendUnifiedServiceManager: Thread Pool max thread count is 0. Cannot cache binder as linkToDeath cannot be implemented. serviceName: android.hardware.security.keymint.IRemotelyProvisionedComponent/default
06-20 10:44:05.905   592 16097 W android.hardware.audio@7.1-impl.ranchu: pcmWrite:259 pcm_writei failed with 'cannot read/write stream data: I/O error' (-1)
06-20 10:44:05.905   592 16097 E android.hardware.audio@7.1-impl.ranchu: pcmWrite:260 failure: -1
06-20 10:44:05.909 16277 16277 W libbinder.BackendUnifiedServiceManager: Thread Pool max thread count is 0. Cannot cache binder as linkToDeath cannot be implemented. serviceName: activity
06-20 10:44:05.314 16266 16266 W service : type=1400 audit(0.0:72890): avc:  denied  { call } for  scontext=u:r:shell:s0 tcontext=u:r:hal_bluetooth_default:s0 tclass=binder permissive=0
06-20 10:44:05.963 15957 16236 W m.xxmauro.sayup: Verification of okio.BufferedSource okhttp3.internal.http1.HeadersReader.getSource() took 219.708ms (13.65 bytecodes/s) (0B arena alloc)
06-20 10:44:05.992 16277 16277 W libbinder.BackendUnifiedServiceManager: Thread Pool max thread count is 0. Cannot cache binder as linkToDeath cannot be implemented. serviceName: activity_task
06-20 10:44:06.015   592 16097 W android.hardware.audio@7.1-impl.ranchu: pcmWrite:259 pcm_writei failed with 'cannot read/write stream data: I/O error' (-1)
06-20 10:44:06.016   592 16097 E android.hardware.audio@7.1-impl.ranchu: pcmWrite:260 failure: -1
06-20 10:44:06.036 16277 16277 W libbinder.BackendUnifiedServiceManager: Thread Pool max thread count is 0. Cannot cache binder as linkToDeath cannot be implemented. serviceName: adb
06-20 10:44:06.036 16266 16266 W libbinder.BackendUnifiedServiceManager: Thread Pool max thread count is 0. Cannot cache binder as linkToDeath cannot be implemented. serviceName: android.hardware.security.sharedsecret.ISharedSecret/gatekeeper
06-20 10:44:06.037 16266 16266 E libbinder.IPCThreadState: Binder transaction failure. id: 2322391, cmd: BR_FAILED_REPLY (29201), error: -1 (Operation not permitted)
06-20 10:44:06.040 16279 16279 W libbinder.BackendUnifiedServiceManager: Thread Pool max thread count is 0. Cannot cache binder as linkToDeath cannot be implemented. serviceName: DockObserver
06-20 10:44:06.045 16266 16266 W libbinder.BackendUnifiedServiceManager: Thread Pool max thread count is 0. Cannot cache binder as linkToDeath cannot be implemented. serviceName: android.hardware.sensors.ISensors/default
06-20 10:44:06.046 16266 16266 E libbinder.IPCThreadState: Binder transaction failure. id: 2322402, cmd: BR_FAILED_REPLY (29201), error: -1 (Operation not permitted)
06-20 10:44:06.048 16277 16277 W libbinder.BackendUnifiedServiceManager: Thread Pool max thread count is 0. Cannot cache binder as linkToDeath cannot be implemented. serviceName: adservices_manager
06-20 10:44:06.055 16266 16266 W libbinder.BackendUnifiedServiceManager: Thread Pool max thread count is 0. Cannot cache binder as linkToDeath cannot be implemented. serviceName: android.hardware.thermal.IThermal/default
06-20 10:44:06.056 16266 16266 E libbinder.IPCThreadState: Binder transaction failure. id: 2322410, cmd: BR_FAILED_REPLY (29201), error: -1 (Operation not permitted)
06-20 10:44:06.064 16277 16277 W libbinder.BackendUnifiedServiceManager: Thread Pool max thread count is 0. Cannot cache binder as linkToDeath cannot be implemented. serviceName: advanced_protection
06-20 10:44:06.067 16266 16266 W libbinder.BackendUnifiedServiceManager: Thread Pool max thread count is 0. Cannot cache binder as linkToDeath cannot be implemented. serviceName: android.hardware.threadnetwork.IThreadChip/chip0
06-20 10:44:06.071 16279 16279 E libbinder.Parcel: Reading a NULL string not supported here.
06-20 10:44:06.084 16266 16266 E libbinder.IPCThreadState: Binder transaction failure. id: 2322425, cmd: BR_FAILED_REPLY (29201), error: -1 (Operation not permitted)
06-20 10:44:06.093 16266 16266 W libbinder.BackendUnifiedServiceManager: Thread Pool max thread count is 0. Cannot cache binder as linkToDeath cannot be implemented. serviceName: android.hardware.usb.IUsb/default
06-20 10:44:06.095 16266 16266 E libbinder.IPCThreadState: Binder transaction failure. id: 2322430, cmd: BR_FAILED_REPLY (29201), error: -1 (Operation not permitted)
06-20 10:44:06.097 16279 16279 W libbinder.BackendUnifiedServiceManager: Thread Pool max thread count is 0. Cannot cache binder as linkToDeath cannot be implemented. serviceName: SurfaceFlinger
06-20 10:44:06.100 16266 16266 W libbinder.BackendUnifiedServiceManager: Thread Pool max thread count is 0. Cannot cache binder as linkToDeath cannot be implemented. serviceName: android.hardware.uwb.IUwb/default
06-20 10:44:06.101 16266 16266 E libbinder.IPCThreadState: Binder transaction failure. id: 2322438, cmd: BR_FAILED_REPLY (29201), error: -1 (Operation not permitted)
06-20 10:44:06.110 16266 16266 W libbinder.BackendUnifiedServiceManager: Thread Pool max thread count is 0. Cannot cache binder as linkToDeath cannot be implemented. serviceName: android.hardware.vibrator.IVibrator/default
06-20 10:44:06.112 16266 16266 E libbinder.IPCThreadState: Binder transaction failure. id: 2322449, cmd: BR_FAILED_REPLY (29201), error: -1 (Operation not permitted)
06-20 10:44:06.115 16279 16279 W libbinder.BackendUnifiedServiceManager: Thread Pool max thread count is 0. Cannot cache binder as linkToDeath cannot be implemented. serviceName: SurfaceFlingerAIDL
06-20 10:44:06.117 16277 16277 W libbinder.BackendUnifiedServiceManager: Thread Pool max thread count is 0. Cannot cache binder as linkToDeath cannot be implemented. serviceName: alarm
06-20 10:44:06.139 16266 16266 W libbinder.BackendUnifiedServiceManager: Thread Pool max thread count is 0. Cannot cache binder as linkToDeath cannot be implemented. serviceName: android.hardware.vibrator.IVibratorManager/default
06-20 10:44:06.140   346   346 I tombstoned: intercept for pid 803 and type kDebuggerdJavaBacktrace terminated: due to timeout
06-20 10:44:06.140 16266 16266 E libbinder.IPCThreadState: Binder transaction failure. id: 2322461, cmd: BR_FAILED_REPLY (29201), error: -1 (Operation not permitted)
06-20 10:44:06.142   803 16160 E system_server: libdebuggerd_client: tombstoned reported failure: 
06-20 10:44:06.143 16279 16279 W libbinder.BackendUnifiedServiceManager: Thread Pool max thread count is 0. Cannot cache binder as linkToDeath cannot be implemented. serviceName: accessibility
06-20 10:44:06.145   592 16097 W android.hardware.audio@7.1-impl.ranchu: pcmWrite:259 pcm_writei failed with 'cannot read/write stream data: I/O error' (-1)
06-20 10:44:06.145   592 16097 E android.hardware.audio@7.1-impl.ranchu: pcmWrite:260 failure: -1
06-20 10:44:06.146 16266 16266 W libbinder.BackendUnifiedServiceManager: Thread Pool max thread count is 0. Cannot cache binder as linkToDeath cannot be implemented. serviceName: android.hardware.wifi.IWifi/default
06-20 10:44:06.147 16266 16266 E libbinder.IPCThreadState: Binder transaction failure. id: 2322471, cmd: BR_FAILED_REPLY (29201), error: -1 (Operation not permitted)
06-20 10:44:06.151 16266 16266 W libbinder.BackendUnifiedServiceManager: Thread Pool max thread count is 0. Cannot cache binder as linkToDeath cannot be implemented. serviceName: android.hardware.wifi.supplicant.ISupplicant/default
06-20 10:44:06.152 16266 16266 E libbinder.IPCThreadState: Binder transaction failure. id: 2322477, cmd: BR_FAILED_REPLY (29201), error: -1 (Operation not permitted)
06-20 10:44:06.153 15957 16249 W HWUI    : Failed to choose config with EGL_SWAP_BEHAVIOR_PRESERVED, retrying without...
06-20 10:44:06.153 16277 16277 W libbinder.BackendUnifiedServiceManager: Thread Pool max thread count is 0. Cannot cache binder as linkToDeath cannot be implemented. serviceName: ambient_context
06-20 10:44:06.161 16266 16266 W libbinder.BackendUnifiedServiceManager: Thread Pool max thread count is 0. Cannot cache binder as linkToDeath cannot be implemented. serviceName: android.security.apc
06-20 10:44:06.164 16277 16277 W libbinder.BackendUnifiedServiceManager: Thread Pool max thread count is 0. Cannot cache binder as linkToDeath cannot be implemented. serviceName: android.frameworks.cameraservice.service.ICameraService/default
06-20 10:44:06.168 16266 16266 W libbinder.BackendUnifiedServiceManager: Thread Pool max thread count is 0. Cannot cache binder as linkToDeath cannot be implemented. serviceName: android.security.authorization
06-20 10:44:06.177   803 16160 W ActivityManager: Dumping Java threads failed, initiating native stack dump.
06-20 10:44:06.180 15957 16249 W HWUI    : Failed to initialize 101010-2 format, error = EGL_SUCCESS
06-20 10:44:06.183 16266 16266 W libbinder.BackendUnifiedServiceManager: Thread Pool max thread count is 0. Cannot cache binder as linkToDeath cannot be implemented. serviceName: android.security.compat
06-20 10:44:06.186 16266 16266 W libbinder.BackendUnifiedServiceManager: Thread Pool max thread count is 0. Cannot cache binder as linkToDeath cannot be implemented. serviceName: android.security.identity
06-20 10:44:06.198 16279 16279 W libbinder.BackendUnifiedServiceManager: Thread Pool max thread count is 0. Cannot cache binder as linkToDeath cannot be implemented. serviceName: account
06-20 10:44:06.214 16266 16266 W libbinder.BackendUnifiedServiceManager: Thread Pool max thread count is 0. Cannot cache binder as linkToDeath cannot be implemented. serviceName: android.security.legacykeystore
06-20 10:44:06.221 16266 16266 W libbinder.BackendUnifiedServiceManager: Thread Pool max thread count is 0. Cannot cache binder as linkToDeath cannot be implemented. serviceName: android.security.maintenance
06-20 10:44:06.223 16279 16279 W libbinder.BackendUnifiedServiceManager: Thread Pool max thread count is 0. Cannot cache binder as linkToDeath cannot be implemented. serviceName: activity
06-20 10:44:06.227 16277 16277 W libbinder.BackendUnifiedServiceManager: Thread Pool max thread count is 0. Cannot cache binder as linkToDeath cannot be implemented. serviceName: android.frameworks.devicestate.IDeviceStateService/default
06-20 10:44:06.233 16266 16266 W libbinder.BackendUnifiedServiceManager: Thread Pool max thread count is 0. Cannot cache binder as linkToDeath cannot be implemented. serviceName: android.security.metrics
06-20 10:44:06.263 16279 16279 W libbinder.BackendUnifiedServiceManager: Thread Pool max thread count is 0. Cannot cache binder as linkToDeath cannot be implemented. serviceName: activity_task
06-20 10:44:06.268   592 16097 W android.hardware.audio@7.1-impl.ranchu: pcmWrite:259 pcm_writei failed with 'cannot read/write stream data: I/O error' (-1)
06-20 10:44:06.268   592 16097 E android.hardware.audio@7.1-impl.ranchu: pcmWrite:260 failure: -1
06-20 10:44:06.309   638   880 D AudioFlinger: Client defaulted notificationFrames to 12512 for frameCount 25024
06-20 10:44:06.369  1219  1530 V MmsProvider: inside checkSelection checking sel: date > ?
06-20 10:44:06.377 16266 16266 W libbinder.BackendUnifiedServiceManager: Thread Pool max thread count is 0. Cannot cache binder as linkToDeath cannot be implemented. serviceName: android.system.keystore2.IKeystoreService/default
06-20 10:44:06.434 16266 16266 W libbinder.BackendUnifiedServiceManager: Thread Pool max thread count is 0. Cannot cache binder as linkToDeath cannot be implemented. serviceName: android.system.net.netd.INetd/default
06-20 10:44:06.435   592 16097 W android.hardware.audio@7.1-impl.ranchu: pcmWrite:259 pcm_writei failed with 'cannot read/write stream data: I/O error' (-1)
06-20 10:44:06.435   592 16097 E android.hardware.audio@7.1-impl.ranchu: pcmWrite:260 failure: -1
06-20 10:44:06.437 14905 15248 I WM-WorkerWrapper: Worker result SUCCESS for Work [ id=c6a5a5c7-79d3-4a4f-ad6c-e1c385ac9c59, tags={ com.google.android.apps.messaging.shared.datamodel.workqueue.WorkQueueWorkerShim,refresh_message_failure_notification- } ]
06-20 10:44:06.443 16266 16266 E libbinder.IPCThreadState: Binder transaction failure. id: 2322592, cmd: BR_FAILED_REPLY (29201), error: -1 (Operation not permitted)
06-20 10:44:06.451   638   880 I AF::PthrPatchRecord: creating track with enforcement level 0
06-20 10:44:06.479 16266 16266 W libbinder.BackendUnifiedServiceManager: Thread Pool max thread count is 0. Cannot cache binder as linkToDeath cannot be implemented. serviceName: android.system.suspend.ISystemSuspend/default
06-20 10:44:06.480 16266 16266 E libbinder.IPCThreadState: Binder transaction failure. id: 2322607, cmd: BR_FAILED_REPLY (29201), error: -1 (Operation not permitted)
06-20 10:44:06.484 16277 16277 W libbinder.BackendUnifiedServiceManager: Thread Pool max thread count is 0. Cannot cache binder as linkToDeath cannot be implemented. serviceName: android.frameworks.location.altitude.IAltitudeService/default
06-20 10:44:06.484 16266 16266 W libbinder.BackendUnifiedServiceManager: Thread Pool max thread count is 0. Cannot cache binder as linkToDeath cannot be implemented. serviceName: android.system.vmtethering.IVmTethering
06-20 10:44:06.500 16266 16266 W libbinder.BackendUnifiedServiceManager: Thread Pool max thread count is 0. Cannot cache binder as linkToDeath cannot be implemented. serviceName: android.system.vold.IVold/default
06-20 10:44:06.434 16266 16266 W service : type=1400 audit(0.0:72925): avc:  denied  { call } for  scontext=u:r:shell:s0 tcontext=u:r:netd:s0 tclass=binder permissive=0
06-20 10:44:06.501 16266 16266 E libbinder.IPCThreadState: Binder transaction failure. id: 2322625, cmd: BR_FAILED_REPLY (29201), error: -1 (Operation not permitted)
06-20 10:44:06.504 16277 16277 W libbinder.BackendUnifiedServiceManager: Thread Pool max thread count is 0. Cannot cache binder as linkToDeath cannot be implemented. serviceName: android.frameworks.sensorservice.ISensorManager/default
06-20 10:44:06.478 16266 16266 W service : type=1400 audit(0.0:72926): avc:  denied  { call } for  scontext=u:r:shell:s0 tcontext=u:r:system_suspend:s0 tclass=binder permissive=0
06-20 10:44:06.545   592 16097 W android.hardware.audio@7.1-impl.ranchu: pcmWrite:259 pcm_writei failed with 'cannot read/write stream data: I/O error' (-1)
06-20 10:44:06.546   592 16097 E android.hardware.audio@7.1-impl.ranchu: pcmWrite:260 failure: -1
06-20 10:44:06.551 16266 16266 W libbinder.BackendUnifiedServiceManager: Thread Pool max thread count is 0. Cannot cache binder as linkToDeath cannot be implemented. serviceName: app_binding
